[0.053s] Invoking command in '/home/radhae/ws_aic/src/aic/build/aic_scoring': AMENT_PREFIX_PATH=/home/radhae/ws_aic/src/aic/install/aic_control_interfaces:${AMENT_PREFIX_PATH} CMAKE_PREFIX_PATH=/home/radhae/ws_aic/src/aic/install/aic_control_interfaces:/opt/ros/kilted/opt/sdformat_vendor:/opt/ros/kilted/opt/gz_math_vendor:/opt/ros/kilted/opt/gz_utils_vendor:/opt/ros/kilted/opt/gz_tools_vendor:/opt/ros/kilted/opt/gz_ogre_next_vendor:/opt/ros/kilted/opt/gz_dartsim_vendor:/opt/ros/kilted/opt/gz_cmake_vendor:/home/radhae/cognipilot/cranium/install/synapse_ros:/home/radhae/cognipilot/cranium/install/synapse_gz:/home/radhae/cognipilot/cranium/install/synapse_tinyframe:/home/radhae/cognipilot/cranium/install/synapse_protobuf:/home/radhae/cognipilot/cranium/install/corti:/home/radhae/cognipilot/cranium/install/synapse_msgs:/home/radhae/cognipilot/cranium/install/dream_world:/home/radhae/cognipilot/cranium/install/cerebri_bringup:/home/radhae/cognipilot/cranium/install/b3rb_simulator:/home/radhae/cognipilot/cranium/install/b3rb_desktop:/home/radhae/cognipilot/cranium/install/b3rb_rviz:/home/radhae/cognipilot/cranium/install/b3rb_nav2:/home/radhae/cognipilot/cranium/install/b3rb_gz_resource:/home/radhae/cognipilot/cranium/install/b3rb_gz_bringup:/home/radhae/cognipilot/cranium/install/b3rb_description:/home/radhae/ws_aic/src/aic/.pixi/envs/default LD_LIBRARY_PATH=/home/radhae/ws_aic/src/aic/install/aic_control_interfaces/lib:${LD_LIBRARY_PATH} PIXI_PROMPT=(aic) PS1=\[\e]0;\u@\h: \w\a\]${debian_chroot:+($debian_chroot)}\[\033[01;32m\]\u@\h\[\033[00m\]:\[\033[01;34m\]\w\[\033[00m\]\$ PYTHONPATH=/home/radhae/ws_aic/src/aic/install/aic_control_interfaces/lib/python3.12/site-packages:${PYTHONPATH} /home/radhae/ws_aic/src/aic/.pixi/envs/default/bin/cmake /home/radhae/ws_aic/src/aic/aic_scoring -DAMENT_CMAKE_SYMLINK_INSTALL=1 -DCMAKE_INSTALL_PREFIX=/home/radhae/ws_aic/src/aic/install/aic_scoring
[0.167s] [0mCMake Deprecation Warning at CMakeLists.txt:1 (cmake_minimum_required):
[0.167s]   Compatibility with CMake < 3.10 will be removed from a future version of
[0.167s]   CMake.
[0.167s] 
[0.167s]   Update the VERSION argument <min> value.  Or, use the <min>...<max> syntax
[0.167s]   to tell CMake that the project requires at least <min> but has been updated
[0.167s]   to work with policies introduced by <max> or earlier.
[0.168s] 
[0.168s] [0m
[0.172s] -- Found ament_cmake: 2.7.5 (/home/radhae/ws_aic/src/aic/.pixi/envs/default/share/ament_cmake/cmake)
[0.469s] -- Override CMake install command with custom implementation using symlinks instead of copying resources
[0.474s] -- Found aic_control_interfaces: 0.0.1 (/home/radhae/ws_aic/src/aic/install/aic_control_interfaces/share/aic_control_interfaces/cmake)
[0.490s] -- Found rosidl_generator_c: 4.9.6 (/home/radhae/ws_aic/src/aic/.pixi/envs/default/share/rosidl_generator_c/cmake)
[0.498s] -- Found rosidl_generator_cpp: 4.9.6 (/home/radhae/ws_aic/src/aic/.pixi/envs/default/share/rosidl_generator_cpp/cmake)
[0.507s] -- Using all available rosidl_typesupport_c: rosidl_typesupport_fastrtps_c;rosidl_typesupport_introspection_c
[0.521s] -- Using all available rosidl_typesupport_cpp: rosidl_typesupport_fastrtps_cpp;rosidl_typesupport_introspection_cpp
[0.604s] -- Found gz_math_vendor: 0.2.6 (/opt/ros/kilted/share/gz_math_vendor/cmake)
[0.605s] -- Looking for gz-math8 -- found version 8.2.1
[0.609s] -- Searching for dependencies of gz-math8
[0.610s] -- Looking for gz-utils3 -- found version 3.1.1
[0.610s] -- Searching for dependencies of gz-utils3
[0.611s] -- Found rclcpp: 29.5.7 (/home/radhae/ws_aic/src/aic/.pixi/envs/default/share/rclcpp/cmake)
[0.643s] -- Found rmw_implementation_cmake: 7.8.2 (/home/radhae/ws_aic/src/aic/.pixi/envs/default/share/rmw_implementation_cmake/cmake)
[0.644s] -- Found rmw_zenoh_cpp: 0.6.6 (/home/radhae/ws_aic/src/aic/.pixi/envs/default/share/rmw_zenoh_cpp/cmake)
[0.645s] -- Using RMW implementation 'rmw_zenoh_cpp' as default
[0.704s] -- Found rclcpp_components: 29.5.7 (/home/radhae/ws_aic/src/aic/.pixi/envs/default/share/rclcpp_components/cmake)
[0.747s] [31mCMake Error at CMakeLists.txt:16 (find_package):
[0.747s]   By not providing "Findros_gz_interfaces.cmake" in CMAKE_MODULE_PATH this
[0.747s]   project has asked CMake to find a package configuration file provided by
[0.747s]   "ros_gz_interfaces", but CMake did not find one.
[0.747s] 
[0.747s]   Could not find a package configuration file provided by "ros_gz_interfaces"
[0.747s]   with any of the following names:
[0.748s] 
[0.748s]     ros_gz_interfacesConfig.cmake
[0.748s]     ros_gz_interfaces-config.cmake
[0.748s] 
[0.748s]   Add the installation prefix of "ros_gz_interfaces" to CMAKE_PREFIX_PATH or
[0.748s]   set "ros_gz_interfaces_DIR" to a directory containing one of the above
[0.748s]   files.  If "ros_gz_interfaces" provides a separate development package or
[0.748s]   SDK, be sure it has been installed.
[0.748s] 
[0.748s] [0m
[0.748s] -- Configuring incomplete, errors occurred!
[0.754s] Invoked command in '/home/radhae/ws_aic/src/aic/build/aic_scoring' returned '1': AMENT_PREFIX_PATH=/home/radhae/ws_aic/src/aic/install/aic_control_interfaces:${AMENT_PREFIX_PATH} CMAKE_PREFIX_PATH=/home/radhae/ws_aic/src/aic/install/aic_control_interfaces:/opt/ros/kilted/opt/sdformat_vendor:/opt/ros/kilted/opt/gz_math_vendor:/opt/ros/kilted/opt/gz_utils_vendor:/opt/ros/kilted/opt/gz_tools_vendor:/opt/ros/kilted/opt/gz_ogre_next_vendor:/opt/ros/kilted/opt/gz_dartsim_vendor:/opt/ros/kilted/opt/gz_cmake_vendor:/home/radhae/cognipilot/cranium/install/synapse_ros:/home/radhae/cognipilot/cranium/install/synapse_gz:/home/radhae/cognipilot/cranium/install/synapse_tinyframe:/home/radhae/cognipilot/cranium/install/synapse_protobuf:/home/radhae/cognipilot/cranium/install/corti:/home/radhae/cognipilot/cranium/install/synapse_msgs:/home/radhae/cognipilot/cranium/install/dream_world:/home/radhae/cognipilot/cranium/install/cerebri_bringup:/home/radhae/cognipilot/cranium/install/b3rb_simulator:/home/radhae/cognipilot/cranium/install/b3rb_desktop:/home/radhae/cognipilot/cranium/install/b3rb_rviz:/home/radhae/cognipilot/cranium/install/b3rb_nav2:/home/radhae/cognipilot/cranium/install/b3rb_gz_resource:/home/radhae/cognipilot/cranium/install/b3rb_gz_bringup:/home/radhae/cognipilot/cranium/install/b3rb_description:/home/radhae/ws_aic/src/aic/.pixi/envs/default LD_LIBRARY_PATH=/home/radhae/ws_aic/src/aic/install/aic_control_interfaces/lib:${LD_LIBRARY_PATH} PIXI_PROMPT=(aic) PS1=\[\e]0;\u@\h: \w\a\]${debian_chroot:+($debian_chroot)}\[\033[01;32m\]\u@\h\[\033[00m\]:\[\033[01;34m\]\w\[\033[00m\]\$ PYTHONPATH=/home/radhae/ws_aic/src/aic/install/aic_control_interfaces/lib/python3.12/site-packages:${PYTHONPATH} /home/radhae/ws_aic/src/aic/.pixi/envs/default/bin/cmake /home/radhae/ws_aic/src/aic/aic_scoring -DAMENT_CMAKE_SYMLINK_INSTALL=1 -DCMAKE_INSTALL_PREFIX=/home/radhae/ws_aic/src/aic/install/aic_scoring
