-- The C compiler identification is GNU 13.3.0
-- The CXX compiler identification is GNU 13.3.0
-- Detecting C compiler ABI info
-- Detecting C compiler ABI info - done
-- Check for working C compiler: /usr/bin/cc - skipped
-- Detecting C compile features
-- Detecting C compile features - done
-- Detecting CXX compiler ABI info
-- Detecting CXX compiler ABI info - done
-- Check for working CXX compiler: /usr/bin/c++ - skipped
-- Detecting CXX compile features
-- Detecting CXX compile features - done
-- Found ament_cmake: 2.7.5 (/home/radhae/ws_aic/src/aic/.pixi/envs/default/share/ament_cmake/cmake)
-- Found Python3: /home/radhae/ws_aic/src/aic/.pixi/envs/default/bin/python3 (found version "3.12.12") found components: Interpreter
-- Override CMake install command with custom implementation using symlinks instead of copying resources
-- Found builtin_interfaces: 2.3.1 (/home/radhae/ws_aic/src/aic/.pixi/envs/default/share/builtin_interfaces/cmake)
-- Found rosidl_generator_c: 4.9.6 (/home/radhae/ws_aic/src/aic/.pixi/envs/default/share/rosidl_generator_c/cmake)
-- Found rosidl_generator_cpp: 4.9.6 (/home/radhae/ws_aic/src/aic/.pixi/envs/default/share/rosidl_generator_cpp/cmake)
-- Using all available rosidl_typesupport_c: rosidl_typesupport_fastrtps_c;rosidl_typesupport_introspection_c
-- Using all available rosidl_typesupport_cpp: rosidl_typesupport_fastrtps_cpp;rosidl_typesupport_introspection_cpp
-- Found geometry_msgs: 5.5.2 (/home/radhae/ws_aic/src/aic/.pixi/envs/default/share/geometry_msgs/cmake)
-- Found rosidl_default_generators: 1.7.2 (/home/radhae/ws_aic/src/aic/.pixi/envs/default/share/rosidl_default_generators/cmake)
-- Found rosidl_adapter: 4.9.6 (/home/radhae/ws_aic/src/aic/.pixi/envs/default/share/rosidl_adapter/cmake)
-- Found trajectory_msgs: 5.5.2 (/home/radhae/ws_aic/src/aic/.pixi/envs/default/share/trajectory_msgs/cmake)
-- Found ament_cmake_cppcheck: 0.19.2 (/home/radhae/ws_aic/src/aic/.pixi/envs/default/share/ament_cmake_cppcheck/cmake)
-- Found ament_cmake_cpplint: 0.19.2 (/home/radhae/ws_aic/src/aic/.pixi/envs/default/share/ament_cmake_cpplint/cmake)
-- Found ament_cmake_uncrustify: 0.19.2 (/home/radhae/ws_aic/src/aic/.pixi/envs/default/share/ament_cmake_uncrustify/cmake)
-- Found ament_cmake_ros_core: 0.14.7 (/home/radhae/ws_aic/src/aic/.pixi/envs/default/share/ament_cmake_ros_core/cmake)
-- Using all available rosidl_typesupport_c: rosidl_typesupport_fastrtps_c;rosidl_typesupport_introspection_c
-- Using all available rosidl_typesupport_cpp: rosidl_typesupport_fastrtps_cpp;rosidl_typesupport_introspection_cpp
-- Found Python3: /home/radhae/ws_aic/src/aic/.pixi/envs/default/bin/python3 (found version "3.12.12") found components: Interpreter Development NumPy Development.Module Development.Embed
-- Found ament_cmake_flake8: 0.19.2 (/home/radhae/ws_aic/src/aic/.pixi/envs/default/share/ament_cmake_flake8/cmake)
-- Found ament_cmake_pep257: 0.19.2 (/home/radhae/ws_aic/src/aic/.pixi/envs/default/share/ament_cmake_pep257/cmake)
-- Found Python3: /home/radhae/ws_aic/src/aic/.pixi/envs/default/bin/python3 (found version "3.12.12") found components: Interpreter
-- Configuring done (7.2s)
-- Generating done (0.1s)
-- Build files have been written to: /home/radhae/ws_aic/src/aic/build/aic_control_interfaces
[  1%] [1m[34mGenerating type hashes for ROS interfaces[0m
[  1%] Built target ament_cmake_python_symlink_aic_control_interfaces
[  2%] [1m[34mGenerating Rust code for ROS interfaces[0m
running egg_info
creating aic_control_interfaces.egg-info
writing aic_control_interfaces.egg-info/PKG-INFO
writing dependency_links to aic_control_interfaces.egg-info/dependency_links.txt
writing top-level names to aic_control_interfaces.egg-info/top_level.txt
writing manifest file 'aic_control_interfaces.egg-info/SOURCES.txt'
reading manifest file 'aic_control_interfaces.egg-info/SOURCES.txt'
writing manifest file 'aic_control_interfaces.egg-info/SOURCES.txt'
[  2%] Built target aic_control_interfaces__rs
[  2%] Built target ament_cmake_python_build_aic_control_interfaces_egg
[  2%] Built target aic_control_interfaces__rosidl_generator_type_description
[  3%] [1m[34mGenerating C code for ROS interfaces[0m
[  4%] [1m[34mGenerating C++ code for ROS interfaces[0m
[  4%] Built target aic_control_interfaces__cpp
[  5%] [32mBuilding C object CMakeFiles/aic_control_interfaces__rosidl_generator_c.dir/rosidl_generator_c/aic_control_interfaces/msg/detail/motion_update__description.c.o[0m
[  7%] [32mBuilding C object CMakeFiles/aic_control_interfaces__rosidl_generator_c.dir/rosidl_generator_c/aic_control_interfaces/msg/detail/motion_update__functions.c.o[0m
[  8%] [32mBuilding C object CMakeFiles/aic_control_interfaces__rosidl_generator_c.dir/rosidl_generator_c/aic_control_interfaces/msg/detail/controller_state__type_support.c.o[0m
[  9%] [32mBuilding C object CMakeFiles/aic_control_interfaces__rosidl_generator_c.dir/rosidl_generator_c/aic_control_interfaces/msg/detail/joint_motion_update__type_support.c.o[0m
[ 10%] [32mBuilding C object CMakeFiles/aic_control_interfaces__rosidl_generator_c.dir/rosidl_generator_c/aic_control_interfaces/msg/detail/joint_motion_update__description.c.o[0m
[ 12%] [32mBuilding C object CMakeFiles/aic_control_interfaces__rosidl_generator_c.dir/rosidl_generator_c/aic_control_interfaces/msg/detail/controller_state__functions.c.o[0m
[ 11%] [32mBuilding C object CMakeFiles/aic_control_interfaces__rosidl_generator_c.dir/rosidl_generator_c/aic_control_interfaces/msg/detail/controller_state__description.c.o[0m
[ 14%] [32mBuilding C object CMakeFiles/aic_control_interfaces__rosidl_generator_c.dir/rosidl_generator_c/aic_control_interfaces/msg/detail/joint_motion_update__functions.c.o[0m
[ 15%] [32mBuilding C object CMakeFiles/aic_control_interfaces__rosidl_generator_c.dir/rosidl_generator_c/aic_control_interfaces/msg/detail/motion_update__type_support.c.o[0m
[ 16%] [32mBuilding C object CMakeFiles/aic_control_interfaces__rosidl_generator_c.dir/rosidl_generator_c/aic_control_interfaces/msg/detail/target_mode__functions.c.o[0m
[ 17%] [32mBuilding C object CMakeFiles/aic_control_interfaces__rosidl_generator_c.dir/rosidl_generator_c/aic_control_interfaces/msg/detail/target_mode__description.c.o[0m
[ 18%] [32mBuilding C object CMakeFiles/aic_control_interfaces__rosidl_generator_c.dir/rosidl_generator_c/aic_control_interfaces/msg/detail/target_mode__type_support.c.o[0m
[ 20%] [32mBuilding C object CMakeFiles/aic_control_interfaces__rosidl_generator_c.dir/rosidl_generator_c/aic_control_interfaces/srv/detail/change_target_mode__description.c.o[0m
[ 21%] [32mBuilding C object CMakeFiles/aic_control_interfaces__rosidl_generator_c.dir/rosidl_generator_c/aic_control_interfaces/msg/detail/trajectory_generation_mode__type_support.c.o[0m
[ 22%] [32mBuilding C object CMakeFiles/aic_control_interfaces__rosidl_generator_c.dir/rosidl_generator_c/aic_control_interfaces/msg/detail/trajectory_generation_mode__description.c.o[0m
[ 23%] [32mBuilding C object CMakeFiles/aic_control_interfaces__rosidl_generator_c.dir/rosidl_generator_c/aic_control_interfaces/msg/detail/trajectory_generation_mode__functions.c.o[0m
[ 24%] [32mBuilding C object CMakeFiles/aic_control_interfaces__rosidl_generator_c.dir/rosidl_generator_c/aic_control_interfaces/srv/detail/change_target_mode__functions.c.o[0m
[ 25%] [32mBuilding C object CMakeFiles/aic_control_interfaces__rosidl_generator_c.dir/rosidl_generator_c/aic_control_interfaces/srv/detail/change_target_mode__type_support.c.o[0m
[ 27%] [1m[32mLinking C shared library libaic_control_interfaces__rosidl_generator_c.so[0m
[ 27%] Built target aic_control_interfaces__rosidl_generator_c
[ 28%] [1m[34mGenerating C type support for eProsima Fast-RTPS[0m
[ 29%] [1m[34mGenerating C type support dispatch for ROS interfaces[0m
[ 30%] [1m[34mGenerating C introspection for ROS interfaces[0m
[ 31%] [1m[34mGenerating C++ type support for eProsima Fast-RTPS[0m
[ 32%] [1m[34mGenerating C++ introspection for ROS interfaces[0m
[ 34%] [1m[34mGenerating C++ type support dispatch for ROS interfaces[0m
[ 36%] [32mBuilding CXX object CMakeFiles/aic_control_interfaces__rosidl_typesupport_c.dir/rosidl_typesupport_c/aic_control_interfaces/msg/joint_motion_update__type_support.cpp.o[0m
[ 36%] [32mBuilding CXX object CMakeFiles/aic_control_interfaces__rosidl_typesupport_c.dir/rosidl_typesupport_c/aic_control_interfaces/msg/controller_state__type_support.cpp.o[0m
[ 37%] [32mBuilding CXX object CMakeFiles/aic_control_interfaces__rosidl_typesupport_cpp.dir/rosidl_typesupport_cpp/aic_control_interfaces/msg/controller_state__type_support.cpp.o[0m
[ 38%] [32mBuilding CXX object CMakeFiles/aic_control_interfaces__rosidl_typesupport_c.dir/rosidl_typesupport_c/aic_control_interfaces/msg/motion_update__type_support.cpp.o[0m
[ 41%] [32mBuilding CXX object CMakeFiles/aic_control_interfaces__rosidl_typesupport_c.dir/rosidl_typesupport_c/aic_control_interfaces/msg/target_mode__type_support.cpp.o[0m
[ 41%] [32mBuilding CXX object CMakeFiles/aic_control_interfaces__rosidl_typesupport_cpp.dir/rosidl_typesupport_cpp/aic_control_interfaces/msg/joint_motion_update__type_support.cpp.o[0m
[ 42%] [32mBuilding CXX object CMakeFiles/aic_control_interfaces__rosidl_typesupport_fastrtps_cpp.dir/rosidl_typesupport_fastrtps_cpp/aic_control_interfaces/msg/detail/dds_fastrtps/controller_state__type_support.cpp.o[0m
[ 43%] [32mBuilding CXX object CMakeFiles/aic_control_interfaces__rosidl_typesupport_c.dir/rosidl_typesupport_c/aic_control_interfaces/msg/trajectory_generation_mode__type_support.cpp.o[0m
[ 44%] [32mBuilding CXX object CMakeFiles/aic_control_interfaces__rosidl_typesupport_c.dir/rosidl_typesupport_c/aic_control_interfaces/srv/change_target_mode__type_support.cpp.o[0m
[ 45%] [32mBuilding C object CMakeFiles/aic_control_interfaces__rosidl_typesupport_introspection_c.dir/rosidl_typesupport_introspection_c/aic_control_interfaces/msg/detail/controller_state__type_support.c.o[0m
[ 47%] [32mBuilding CXX object CMakeFiles/aic_control_interfaces__rosidl_typesupport_fastrtps_cpp.dir/rosidl_typesupport_fastrtps_cpp/aic_control_interfaces/msg/detail/dds_fastrtps/joint_motion_update__type_support.cpp.o[0m
[ 48%] [1m[32mLinking CXX shared library libaic_control_interfaces__rosidl_typesupport_c.so[0m
[ 49%] [32mBuilding CXX object CMakeFiles/aic_control_interfaces__rosidl_typesupport_cpp.dir/rosidl_typesupport_cpp/aic_control_interfaces/msg/target_mode__type_support.cpp.o[0m
[ 50%] [32mBuilding CXX object CMakeFiles/aic_control_interfaces__rosidl_typesupport_fastrtps_cpp.dir/rosidl_typesupport_fastrtps_cpp/aic_control_interfaces/msg/detail/dds_fastrtps/motion_update__type_support.cpp.o[0m
[ 51%] [32mBuilding C object CMakeFiles/aic_control_interfaces__rosidl_typesupport_introspection_c.dir/rosidl_typesupport_introspection_c/aic_control_interfaces/msg/detail/joint_motion_update__type_support.c.o[0m
[ 52%] [32mBuilding CXX object CMakeFiles/aic_control_interfaces__rosidl_typesupport_cpp.dir/rosidl_typesupport_cpp/aic_control_interfaces/msg/motion_update__type_support.cpp.o[0m
[ 54%] [32mBuilding CXX object CMakeFiles/aic_control_interfaces__rosidl_typesupport_fastrtps_cpp.dir/rosidl_typesupport_fastrtps_cpp/aic_control_interfaces/msg/detail/dds_fastrtps/target_mode__type_support.cpp.o[0m
[ 54%] Built target aic_control_interfaces__rosidl_typesupport_c
[ 55%] [32mBuilding C object CMakeFiles/aic_control_interfaces__rosidl_typesupport_introspection_c.dir/rosidl_typesupport_introspection_c/aic_control_interfaces/msg/detail/motion_update__type_support.c.o[0m
[ 56%] [32mBuilding CXX object CMakeFiles/aic_control_interfaces__rosidl_typesupport_cpp.dir/rosidl_typesupport_cpp/aic_control_interfaces/msg/trajectory_generation_mode__type_support.cpp.o[0m
[ 57%] [32mBuilding CXX object CMakeFiles/aic_control_interfaces__rosidl_typesupport_introspection_cpp.dir/rosidl_typesupport_introspection_cpp/aic_control_interfaces/msg/detail/controller_state__type_support.cpp.o[0m
[ 58%] [32mBuilding CXX object CMakeFiles/aic_control_interfaces__rosidl_typesupport_fastrtps_c.dir/rosidl_typesupport_fastrtps_c/aic_control_interfaces/msg/detail/controller_state__type_support_c.cpp.o[0m
[ 60%] [32mBuilding C object CMakeFiles/aic_control_interfaces__rosidl_typesupport_introspection_c.dir/rosidl_typesupport_introspection_c/aic_control_interfaces/msg/detail/target_mode__type_support.c.o[0m
[ 61%] [32mBuilding CXX object CMakeFiles/aic_control_interfaces__rosidl_typesupport_fastrtps_cpp.dir/rosidl_typesupport_fastrtps_cpp/aic_control_interfaces/msg/detail/dds_fastrtps/trajectory_generation_mode__type_support.cpp.o[0m
[ 62%] [32mBuilding CXX object CMakeFiles/aic_control_interfaces__rosidl_typesupport_fastrtps_cpp.dir/rosidl_typesupport_fastrtps_cpp/aic_control_interfaces/srv/detail/dds_fastrtps/change_target_mode__type_support.cpp.o[0m
[ 63%] [32mBuilding CXX object CMakeFiles/aic_control_interfaces__rosidl_typesupport_introspection_cpp.dir/rosidl_typesupport_introspection_cpp/aic_control_interfaces/msg/detail/joint_motion_update__type_support.cpp.o[0m
[ 64%] [32mBuilding CXX object CMakeFiles/aic_control_interfaces__rosidl_typesupport_cpp.dir/rosidl_typesupport_cpp/aic_control_interfaces/srv/change_target_mode__type_support.cpp.o[0m
[ 65%] [32mBuilding C object CMakeFiles/aic_control_interfaces__rosidl_typesupport_introspection_c.dir/rosidl_typesupport_introspection_c/aic_control_interfaces/msg/detail/trajectory_generation_mode__type_support.c.o[0m
[ 67%] [32mBuilding CXX object CMakeFiles/aic_control_interfaces__rosidl_typesupport_introspection_cpp.dir/rosidl_typesupport_introspection_cpp/aic_control_interfaces/msg/detail/motion_update__type_support.cpp.o[0m
[ 68%] [32mBuilding CXX object CMakeFiles/aic_control_interfaces__rosidl_typesupport_introspection_cpp.dir/rosidl_typesupport_introspection_cpp/aic_control_interfaces/msg/detail/target_mode__type_support.cpp.o[0m
[ 69%] [32mBuilding CXX object CMakeFiles/aic_control_interfaces__rosidl_typesupport_fastrtps_c.dir/rosidl_typesupport_fastrtps_c/aic_control_interfaces/msg/detail/joint_motion_update__type_support_c.cpp.o[0m
[ 70%] [32mBuilding CXX object CMakeFiles/aic_control_interfaces__rosidl_typesupport_introspection_cpp.dir/rosidl_typesupport_introspection_cpp/aic_control_interfaces/msg/detail/trajectory_generation_mode__type_support.cpp.o[0m
[ 71%] [32mBuilding C object CMakeFiles/aic_control_interfaces__rosidl_typesupport_introspection_c.dir/rosidl_typesupport_introspection_c/aic_control_interfaces/srv/detail/change_target_mode__type_support.c.o[0m
[ 72%] [32mBuilding CXX object CMakeFiles/aic_control_interfaces__rosidl_typesupport_fastrtps_c.dir/rosidl_typesupport_fastrtps_c/aic_control_interfaces/msg/detail/motion_update__type_support_c.cpp.o[0m
[ 74%] [32mBuilding CXX object CMakeFiles/aic_control_interfaces__rosidl_typesupport_fastrtps_c.dir/rosidl_typesupport_fastrtps_c/aic_control_interfaces/msg/detail/target_mode__type_support_c.cpp.o[0m
[ 75%] [32mBuilding CXX object CMakeFiles/aic_control_interfaces__rosidl_typesupport_introspection_cpp.dir/rosidl_typesupport_introspection_cpp/aic_control_interfaces/srv/detail/change_target_mode__type_support.cpp.o[0m
[ 76%] [32mBuilding CXX object CMakeFiles/aic_control_interfaces__rosidl_typesupport_fastrtps_c.dir/rosidl_typesupport_fastrtps_c/aic_control_interfaces/msg/detail/trajectory_generation_mode__type_support_c.cpp.o[0m
[ 77%] [1m[32mLinking C shared library libaic_control_interfaces__rosidl_typesupport_introspection_c.so[0m
[ 78%] [32mBuilding CXX object CMakeFiles/aic_control_interfaces__rosidl_typesupport_fastrtps_c.dir/rosidl_typesupport_fastrtps_c/aic_control_interfaces/srv/detail/change_target_mode__type_support_c.cpp.o[0m
[ 80%] [1m[32mLinking CXX shared library libaic_control_interfaces__rosidl_typesupport_cpp.so[0m
[ 80%] Built target aic_control_interfaces__rosidl_typesupport_introspection_c
[ 81%] [1m[32mLinking CXX shared library libaic_control_interfaces__rosidl_typesupport_fastrtps_cpp.so[0m
[ 81%] Built target aic_control_interfaces__rosidl_typesupport_cpp
[ 81%] Built target aic_control_interfaces__rosidl_typesupport_fastrtps_cpp
[ 82%] [1m[32mLinking CXX shared library libaic_control_interfaces__rosidl_typesupport_introspection_cpp.so[0m
[ 82%] Built target aic_control_interfaces__rosidl_typesupport_introspection_cpp
[ 83%] [1m[32mLinking CXX shared library libaic_control_interfaces__rosidl_typesupport_fastrtps_c.so[0m
[ 83%] Built target aic_control_interfaces__rosidl_typesupport_fastrtps_c
[ 83%] Built target aic_control_interfaces
[ 84%] [1m[34mGenerating Python code for ROS interfaces[0m
[ 84%] Built target aic_control_interfaces__py
[ 85%] [32mBuilding C object CMakeFiles/aic_control_interfaces__rosidl_generator_py.dir/rosidl_generator_py/aic_control_interfaces/msg/_joint_motion_update_s.c.o[0m
[ 87%] [32mBuilding C object CMakeFiles/aic_control_interfaces__rosidl_generator_py.dir/rosidl_generator_py/aic_control_interfaces/msg/_controller_state_s.c.o[0m
[ 88%] [32mBuilding C object CMakeFiles/aic_control_interfaces__rosidl_generator_py.dir/rosidl_generator_py/aic_control_interfaces/msg/_trajectory_generation_mode_s.c.o[0m
[ 89%] [32mBuilding C object CMakeFiles/aic_control_interfaces__rosidl_generator_py.dir/rosidl_generator_py/aic_control_interfaces/msg/_motion_update_s.c.o[0m
[ 90%] [32mBuilding C object CMakeFiles/aic_control_interfaces__rosidl_generator_py.dir/rosidl_generator_py/aic_control_interfaces/msg/_target_mode_s.c.o[0m
[ 91%] [32mBuilding C object CMakeFiles/aic_control_interfaces__rosidl_generator_py.dir/rosidl_generator_py/aic_control_interfaces/srv/_change_target_mode_s.c.o[0m
[ 92%] [1m[32mLinking C shared library libaic_control_interfaces__rosidl_generator_py.so[0m
[ 92%] Built target aic_control_interfaces__rosidl_generator_py
[ 94%] [32mBuilding C object CMakeFiles/aic_control_interfaces_s__rosidl_typesupport_introspection_c.dir/rosidl_generator_py/aic_control_interfaces/_aic_control_interfaces_s.ep.rosidl_typesupport_introspection_c.c.o[0m
[ 95%] [32mBuilding C object CMakeFiles/aic_control_interfaces_s__rosidl_typesupport_fastrtps_c.dir/rosidl_generator_py/aic_control_interfaces/_aic_control_interfaces_s.ep.rosidl_typesupport_fastrtps_c.c.o[0m
[ 96%] [32mBuilding C object CMakeFiles/aic_control_interfaces_s__rosidl_typesupport_c.dir/rosidl_generator_py/aic_control_interfaces/_aic_control_interfaces_s.ep.rosidl_typesupport_c.c.o[0m
[ 97%] [1m[32mLinking C shared module rosidl_generator_py/aic_control_interfaces/aic_control_interfaces_s__rosidl_typesupport_introspection_c.so[0m
[ 98%] [1m[32mLinking C shared module rosidl_generator_py/aic_control_interfaces/aic_control_interfaces_s__rosidl_typesupport_c.so[0m
[100%] [1m[32mLinking C shared module rosidl_generator_py/aic_control_interfaces/aic_control_interfaces_s__rosidl_typesupport_fastrtps_c.so[0m
[100%] Built target aic_control_interfaces_s__rosidl_typesupport_introspection_c
[100%] Built target aic_control_interfaces_s__rosidl_typesupport_c
[100%] Built target aic_control_interfaces_s__rosidl_typesupport_fastrtps_c
-- Install configuration: ""
-- Execute custom install script
-- Symlinking: /home/radhae/ws_aic/src/aic/install/aic_control_interfaces/share/ament_index/resource_index/rosidl_interfaces/aic_control_interfaces
-- Symlinking: /home/radhae/ws_aic/src/aic/install/aic_control_interfaces/share/aic_control_interfaces/msg/ControllerState.json
-- Symlinking: /home/radhae/ws_aic/src/aic/install/aic_control_interfaces/share/aic_control_interfaces/msg/JointMotionUpdate.json
-- Symlinking: /home/radhae/ws_aic/src/aic/install/aic_control_interfaces/share/aic_control_interfaces/msg/MotionUpdate.json
-- Symlinking: /home/radhae/ws_aic/src/aic/install/aic_control_interfaces/share/aic_control_interfaces/msg/TargetMode.json
-- Symlinking: /home/radhae/ws_aic/src/aic/install/aic_control_interfaces/share/aic_control_interfaces/msg/TrajectoryGenerationMode.json
-- Symlinking: /home/radhae/ws_aic/src/aic/install/aic_control_interfaces/share/aic_control_interfaces/srv/ChangeTargetMode.json
-- Symlinking: /home/radhae/ws_aic/src/aic/install/aic_control_interfaces/include/aic_control_interfaces/aic_control_interfaces/msg/controller_state.h
-- Symlinking: /home/radhae/ws_aic/src/aic/install/aic_control_interfaces/include/aic_control_interfaces/aic_control_interfaces/msg/detail/controller_state__functions.h
-- Symlinking: /home/radhae/ws_aic/src/aic/install/aic_control_interfaces/include/aic_control_interfaces/aic_control_interfaces/msg/detail/controller_state__struct.h
-- Symlinking: /home/radhae/ws_aic/src/aic/install/aic_control_interfaces/include/aic_control_interfaces/aic_control_interfaces/msg/detail/controller_state__type_support.h
-- Symlinking: /home/radhae/ws_aic/src/aic/install/aic_control_interfaces/include/aic_control_interfaces/aic_control_interfaces/msg/detail/joint_motion_update__functions.h
-- Symlinking: /home/radhae/ws_aic/src/aic/install/aic_control_interfaces/include/aic_control_interfaces/aic_control_interfaces/msg/detail/joint_motion_update__struct.h
-- Symlinking: /home/radhae/ws_aic/src/aic/install/aic_control_interfaces/include/aic_control_interfaces/aic_control_interfaces/msg/detail/joint_motion_update__type_support.h
-- Symlinking: /home/radhae/ws_aic/src/aic/install/aic_control_interfaces/include/aic_control_interfaces/aic_control_interfaces/msg/detail/motion_update__functions.h
-- Symlinking: /home/radhae/ws_aic/src/aic/install/aic_control_interfaces/include/aic_control_interfaces/aic_control_interfaces/msg/detail/motion_update__struct.h
-- Symlinking: /home/radhae/ws_aic/src/aic/install/aic_control_interfaces/include/aic_control_interfaces/aic_control_interfaces/msg/detail/motion_update__type_support.h
-- Symlinking: /home/radhae/ws_aic/src/aic/install/aic_control_interfaces/include/aic_control_interfaces/aic_control_interfaces/msg/detail/target_mode__functions.h
-- Symlinking: /home/radhae/ws_aic/src/aic/install/aic_control_interfaces/include/aic_control_interfaces/aic_control_interfaces/msg/detail/target_mode__struct.h
-- Symlinking: /home/radhae/ws_aic/src/aic/install/aic_control_interfaces/include/aic_control_interfaces/aic_control_interfaces/msg/detail/target_mode__type_support.h
-- Symlinking: /home/radhae/ws_aic/src/aic/install/aic_control_interfaces/include/aic_control_interfaces/aic_control_interfaces/msg/detail/trajectory_generation_mode__functions.h
-- Symlinking: /home/radhae/ws_aic/src/aic/install/aic_control_interfaces/include/aic_control_interfaces/aic_control_interfaces/msg/detail/trajectory_generation_mode__struct.h
-- Symlinking: /home/radhae/ws_aic/src/aic/install/aic_control_interfaces/include/aic_control_interfaces/aic_control_interfaces/msg/detail/trajectory_generation_mode__type_support.h
-- Symlinking: /home/radhae/ws_aic/src/aic/install/aic_control_interfaces/include/aic_control_interfaces/aic_control_interfaces/msg/joint_motion_update.h
-- Symlinking: /home/radhae/ws_aic/src/aic/install/aic_control_interfaces/include/aic_control_interfaces/aic_control_interfaces/msg/motion_update.h
-- Symlinking: /home/radhae/ws_aic/src/aic/install/aic_control_interfaces/include/aic_control_interfaces/aic_control_interfaces/msg/rosidl_generator_c__visibility_control.h
-- Symlinking: /home/radhae/ws_aic/src/aic/install/aic_control_interfaces/include/aic_control_interfaces/aic_control_interfaces/msg/target_mode.h
-- Symlinking: /home/radhae/ws_aic/src/aic/install/aic_control_interfaces/include/aic_control_interfaces/aic_control_interfaces/msg/trajectory_generation_mode.h
-- Symlinking: /home/radhae/ws_aic/src/aic/install/aic_control_interfaces/include/aic_control_interfaces/aic_control_interfaces/srv/change_target_mode.h
-- Symlinking: /home/radhae/ws_aic/src/aic/install/aic_control_interfaces/include/aic_control_interfaces/aic_control_interfaces/srv/detail/change_target_mode__functions.h
-- Symlinking: /home/radhae/ws_aic/src/aic/install/aic_control_interfaces/include/aic_control_interfaces/aic_control_interfaces/srv/detail/change_target_mode__struct.h
-- Symlinking: /home/radhae/ws_aic/src/aic/install/aic_control_interfaces/include/aic_control_interfaces/aic_control_interfaces/srv/detail/change_target_mode__type_support.h
-- Symlinking: /home/radhae/ws_aic/src/aic/install/aic_control_interfaces/include/aic_control_interfaces/aic_control_interfaces/msg/detail/controller_state__rosidl_typesupport_fastrtps_c.h
-- Symlinking: /home/radhae/ws_aic/src/aic/install/aic_control_interfaces/include/aic_control_interfaces/aic_control_interfaces/msg/detail/joint_motion_update__rosidl_typesupport_fastrtps_c.h
-- Symlinking: /home/radhae/ws_aic/src/aic/install/aic_control_interfaces/include/aic_control_interfaces/aic_control_interfaces/msg/detail/motion_update__rosidl_typesupport_fastrtps_c.h
-- Symlinking: /home/radhae/ws_aic/src/aic/install/aic_control_interfaces/include/aic_control_interfaces/aic_control_interfaces/msg/detail/target_mode__rosidl_typesupport_fastrtps_c.h
-- Symlinking: /home/radhae/ws_aic/src/aic/install/aic_control_interfaces/include/aic_control_interfaces/aic_control_interfaces/msg/detail/trajectory_generation_mode__rosidl_typesupport_fastrtps_c.h
-- Symlinking: /home/radhae/ws_aic/src/aic/install/aic_control_interfaces/include/aic_control_interfaces/aic_control_interfaces/msg/rosidl_typesupport_fastrtps_c__visibility_control.h
-- Symlinking: /home/radhae/ws_aic/src/aic/install/aic_control_interfaces/include/aic_control_interfaces/aic_control_interfaces/srv/detail/change_target_mode__rosidl_typesupport_fastrtps_c.h
-- Symlinking: /home/radhae/ws_aic/src/aic/install/aic_control_interfaces/include/aic_control_interfaces/aic_control_interfaces/msg/controller_state.hpp
-- Symlinking: /home/radhae/ws_aic/src/aic/install/aic_control_interfaces/include/aic_control_interfaces/aic_control_interfaces/msg/detail/controller_state__builder.hpp
-- Symlinking: /home/radhae/ws_aic/src/aic/install/aic_control_interfaces/include/aic_control_interfaces/aic_control_interfaces/msg/detail/controller_state__struct.hpp
-- Symlinking: /home/radhae/ws_aic/src/aic/install/aic_control_interfaces/include/aic_control_interfaces/aic_control_interfaces/msg/detail/controller_state__traits.hpp
-- Symlinking: /home/radhae/ws_aic/src/aic/install/aic_control_interfaces/include/aic_control_interfaces/aic_control_interfaces/msg/detail/controller_state__type_support.hpp
-- Symlinking: /home/radhae/ws_aic/src/aic/install/aic_control_interfaces/include/aic_control_interfaces/aic_control_interfaces/msg/detail/joint_motion_update__builder.hpp
-- Symlinking: /home/radhae/ws_aic/src/aic/install/aic_control_interfaces/include/aic_control_interfaces/aic_control_interfaces/msg/detail/joint_motion_update__struct.hpp
-- Symlinking: /home/radhae/ws_aic/src/aic/install/aic_control_interfaces/include/aic_control_interfaces/aic_control_interfaces/msg/detail/joint_motion_update__traits.hpp
-- Symlinking: /home/radhae/ws_aic/src/aic/install/aic_control_interfaces/include/aic_control_interfaces/aic_control_interfaces/msg/detail/joint_motion_update__type_support.hpp
-- Symlinking: /home/radhae/ws_aic/src/aic/install/aic_control_interfaces/include/aic_control_interfaces/aic_control_interfaces/msg/detail/motion_update__builder.hpp
-- Symlinking: /home/radhae/ws_aic/src/aic/install/aic_control_interfaces/include/aic_control_interfaces/aic_control_interfaces/msg/detail/motion_update__struct.hpp
-- Symlinking: /home/radhae/ws_aic/src/aic/install/aic_control_interfaces/include/aic_control_interfaces/aic_control_interfaces/msg/detail/motion_update__traits.hpp
-- Symlinking: /home/radhae/ws_aic/src/aic/install/aic_control_interfaces/include/aic_control_interfaces/aic_control_interfaces/msg/detail/motion_update__type_support.hpp
-- Symlinking: /home/radhae/ws_aic/src/aic/install/aic_control_interfaces/include/aic_control_interfaces/aic_control_interfaces/msg/detail/target_mode__builder.hpp
-- Symlinking: /home/radhae/ws_aic/src/aic/install/aic_control_interfaces/include/aic_control_interfaces/aic_control_interfaces/msg/detail/target_mode__struct.hpp
-- Symlinking: /home/radhae/ws_aic/src/aic/install/aic_control_interfaces/include/aic_control_interfaces/aic_control_interfaces/msg/detail/target_mode__traits.hpp
-- Symlinking: /home/radhae/ws_aic/src/aic/install/aic_control_interfaces/include/aic_control_interfaces/aic_control_interfaces/msg/detail/target_mode__type_support.hpp
-- Symlinking: /home/radhae/ws_aic/src/aic/install/aic_control_interfaces/include/aic_control_interfaces/aic_control_interfaces/msg/detail/trajectory_generation_mode__builder.hpp
-- Symlinking: /home/radhae/ws_aic/src/aic/install/aic_control_interfaces/include/aic_control_interfaces/aic_control_interfaces/msg/detail/trajectory_generation_mode__struct.hpp
-- Symlinking: /home/radhae/ws_aic/src/aic/install/aic_control_interfaces/include/aic_control_interfaces/aic_control_interfaces/msg/detail/trajectory_generation_mode__traits.hpp
-- Symlinking: /home/radhae/ws_aic/src/aic/install/aic_control_interfaces/include/aic_control_interfaces/aic_control_interfaces/msg/detail/trajectory_generation_mode__type_support.hpp
-- Symlinking: /home/radhae/ws_aic/src/aic/install/aic_control_interfaces/include/aic_control_interfaces/aic_control_interfaces/msg/joint_motion_update.hpp
-- Symlinking: /home/radhae/ws_aic/src/aic/install/aic_control_interfaces/include/aic_control_interfaces/aic_control_interfaces/msg/motion_update.hpp
-- Symlinking: /home/radhae/ws_aic/src/aic/install/aic_control_interfaces/include/aic_control_interfaces/aic_control_interfaces/msg/rosidl_generator_cpp__visibility_control.hpp
-- Symlinking: /home/radhae/ws_aic/src/aic/install/aic_control_interfaces/include/aic_control_interfaces/aic_control_interfaces/msg/target_mode.hpp
-- Symlinking: /home/radhae/ws_aic/src/aic/install/aic_control_interfaces/include/aic_control_interfaces/aic_control_interfaces/msg/trajectory_generation_mode.hpp
-- Symlinking: /home/radhae/ws_aic/src/aic/install/aic_control_interfaces/include/aic_control_interfaces/aic_control_interfaces/srv/change_target_mode.hpp
-- Symlinking: /home/radhae/ws_aic/src/aic/install/aic_control_interfaces/include/aic_control_interfaces/aic_control_interfaces/srv/detail/change_target_mode__builder.hpp
-- Symlinking: /home/radhae/ws_aic/src/aic/install/aic_control_interfaces/include/aic_control_interfaces/aic_control_interfaces/srv/detail/change_target_mode__struct.hpp
-- Symlinking: /home/radhae/ws_aic/src/aic/install/aic_control_interfaces/include/aic_control_interfaces/aic_control_interfaces/srv/detail/change_target_mode__traits.hpp
-- Symlinking: /home/radhae/ws_aic/src/aic/install/aic_control_interfaces/include/aic_control_interfaces/aic_control_interfaces/srv/detail/change_target_mode__type_support.hpp
-- Symlinking: /home/radhae/ws_aic/src/aic/install/aic_control_interfaces/include/aic_control_interfaces/aic_control_interfaces/msg/detail/controller_state__rosidl_typesupport_fastrtps_cpp.hpp
-- Symlinking: /home/radhae/ws_aic/src/aic/install/aic_control_interfaces/include/aic_control_interfaces/aic_control_interfaces/msg/detail/joint_motion_update__rosidl_typesupport_fastrtps_cpp.hpp
-- Symlinking: /home/radhae/ws_aic/src/aic/install/aic_control_interfaces/include/aic_control_interfaces/aic_control_interfaces/msg/detail/motion_update__rosidl_typesupport_fastrtps_cpp.hpp
-- Symlinking: /home/radhae/ws_aic/src/aic/install/aic_control_interfaces/include/aic_control_interfaces/aic_control_interfaces/msg/detail/target_mode__rosidl_typesupport_fastrtps_cpp.hpp
-- Symlinking: /home/radhae/ws_aic/src/aic/install/aic_control_interfaces/include/aic_control_interfaces/aic_control_interfaces/msg/detail/trajectory_generation_mode__rosidl_typesupport_fastrtps_cpp.hpp
-- Symlinking: /home/radhae/ws_aic/src/aic/install/aic_control_interfaces/include/aic_control_interfaces/aic_control_interfaces/msg/rosidl_typesupport_fastrtps_cpp__visibility_control.h
-- Symlinking: /home/radhae/ws_aic/src/aic/install/aic_control_interfaces/include/aic_control_interfaces/aic_control_interfaces/srv/detail/change_target_mode__rosidl_typesupport_fastrtps_cpp.hpp
-- Symlinking: /home/radhae/ws_aic/src/aic/install/aic_control_interfaces/include/aic_control_interfaces/aic_control_interfaces/msg/detail/controller_state__rosidl_typesupport_introspection_c.h
-- Symlinking: /home/radhae/ws_aic/src/aic/install/aic_control_interfaces/include/aic_control_interfaces/aic_control_interfaces/msg/detail/joint_motion_update__rosidl_typesupport_introspection_c.h
-- Symlinking: /home/radhae/ws_aic/src/aic/install/aic_control_interfaces/include/aic_control_interfaces/aic_control_interfaces/msg/detail/motion_update__rosidl_typesupport_introspection_c.h
-- Symlinking: /home/radhae/ws_aic/src/aic/install/aic_control_interfaces/include/aic_control_interfaces/aic_control_interfaces/msg/detail/target_mode__rosidl_typesupport_introspection_c.h
-- Symlinking: /home/radhae/ws_aic/src/aic/install/aic_control_interfaces/include/aic_control_interfaces/aic_control_interfaces/msg/detail/trajectory_generation_mode__rosidl_typesupport_introspection_c.h
-- Symlinking: /home/radhae/ws_aic/src/aic/install/aic_control_interfaces/include/aic_control_interfaces/aic_control_interfaces/msg/rosidl_typesupport_introspection_c__visibility_control.h
-- Symlinking: /home/radhae/ws_aic/src/aic/install/aic_control_interfaces/include/aic_control_interfaces/aic_control_interfaces/srv/detail/change_target_mode__rosidl_typesupport_introspection_c.h
-- Symlinking: /home/radhae/ws_aic/src/aic/install/aic_control_interfaces/include/aic_control_interfaces/aic_control_interfaces/msg/detail/controller_state__rosidl_typesupport_introspection_cpp.hpp
-- Symlinking: /home/radhae/ws_aic/src/aic/install/aic_control_interfaces/include/aic_control_interfaces/aic_control_interfaces/msg/detail/joint_motion_update__rosidl_typesupport_introspection_cpp.hpp
-- Symlinking: /home/radhae/ws_aic/src/aic/install/aic_control_interfaces/include/aic_control_interfaces/aic_control_interfaces/msg/detail/motion_update__rosidl_typesupport_introspection_cpp.hpp
-- Symlinking: /home/radhae/ws_aic/src/aic/install/aic_control_interfaces/include/aic_control_interfaces/aic_control_interfaces/msg/detail/target_mode__rosidl_typesupport_introspection_cpp.hpp
-- Symlinking: /home/radhae/ws_aic/src/aic/install/aic_control_interfaces/include/aic_control_interfaces/aic_control_interfaces/msg/detail/trajectory_generation_mode__rosidl_typesupport_introspection_cpp.hpp
-- Symlinking: /home/radhae/ws_aic/src/aic/install/aic_control_interfaces/include/aic_control_interfaces/aic_control_interfaces/srv/detail/change_target_mode__rosidl_typesupport_introspection_cpp.hpp
-- Symlinking: /home/radhae/ws_aic/src/aic/install/aic_control_interfaces/share/aic_control_interfaces/environment/pythonpath.sh
-- Symlinking: /home/radhae/ws_aic/src/aic/install/aic_control_interfaces/share/aic_control_interfaces/environment/pythonpath.dsv
-- Symlinking: /home/radhae/ws_aic/src/aic/install/aic_control_interfaces/lib/python3.12/site-packages/aic_control_interfaces-0.0.1-py3.12.egg-info/PKG-INFO
-- Symlinking: /home/radhae/ws_aic/src/aic/install/aic_control_interfaces/lib/python3.12/site-packages/aic_control_interfaces-0.0.1-py3.12.egg-info/SOURCES.txt
-- Symlinking: /home/radhae/ws_aic/src/aic/install/aic_control_interfaces/lib/python3.12/site-packages/aic_control_interfaces-0.0.1-py3.12.egg-info/dependency_links.txt
-- Symlinking: /home/radhae/ws_aic/src/aic/install/aic_control_interfaces/lib/python3.12/site-packages/aic_control_interfaces-0.0.1-py3.12.egg-info/top_level.txt
-- Symlinking: /home/radhae/ws_aic/src/aic/install/aic_control_interfaces/lib/python3.12/site-packages/aic_control_interfaces/__init__.py
-- Symlinking: /home/radhae/ws_aic/src/aic/install/aic_control_interfaces/lib/python3.12/site-packages/aic_control_interfaces/_aic_control_interfaces_s.ep.rosidl_typesupport_c.c
-- Symlinking: /home/radhae/ws_aic/src/aic/install/aic_control_interfaces/lib/python3.12/site-packages/aic_control_interfaces/_aic_control_interfaces_s.ep.rosidl_typesupport_fastrtps_c.c
-- Symlinking: /home/radhae/ws_aic/src/aic/install/aic_control_interfaces/lib/python3.12/site-packages/aic_control_interfaces/_aic_control_interfaces_s.ep.rosidl_typesupport_introspection_c.c
-- Symlinking: /home/radhae/ws_aic/src/aic/install/aic_control_interfaces/lib/python3.12/site-packages/aic_control_interfaces/aic_control_interfaces_s__rosidl_typesupport_c.so
-- Symlinking: /home/radhae/ws_aic/src/aic/install/aic_control_interfaces/lib/python3.12/site-packages/aic_control_interfaces/aic_control_interfaces_s__rosidl_typesupport_fastrtps_c.so
-- Symlinking: /home/radhae/ws_aic/src/aic/install/aic_control_interfaces/lib/python3.12/site-packages/aic_control_interfaces/aic_control_interfaces_s__rosidl_typesupport_introspection_c.so
-- Symlinking: /home/radhae/ws_aic/src/aic/install/aic_control_interfaces/lib/python3.12/site-packages/aic_control_interfaces/msg/__init__.py
-- Symlinking: /home/radhae/ws_aic/src/aic/install/aic_control_interfaces/lib/python3.12/site-packages/aic_control_interfaces/msg/_controller_state.py
-- Symlinking: /home/radhae/ws_aic/src/aic/install/aic_control_interfaces/lib/python3.12/site-packages/aic_control_interfaces/msg/_controller_state_s.c
-- Symlinking: /home/radhae/ws_aic/src/aic/install/aic_control_interfaces/lib/python3.12/site-packages/aic_control_interfaces/msg/_joint_motion_update.py
-- Symlinking: /home/radhae/ws_aic/src/aic/install/aic_control_interfaces/lib/python3.12/site-packages/aic_control_interfaces/msg/_joint_motion_update_s.c
-- Symlinking: /home/radhae/ws_aic/src/aic/install/aic_control_interfaces/lib/python3.12/site-packages/aic_control_interfaces/msg/_motion_update.py
-- Symlinking: /home/radhae/ws_aic/src/aic/install/aic_control_interfaces/lib/python3.12/site-packages/aic_control_interfaces/msg/_motion_update_s.c
-- Symlinking: /home/radhae/ws_aic/src/aic/install/aic_control_interfaces/lib/python3.12/site-packages/aic_control_interfaces/msg/_target_mode.py
-- Symlinking: /home/radhae/ws_aic/src/aic/install/aic_control_interfaces/lib/python3.12/site-packages/aic_control_interfaces/msg/_target_mode_s.c
-- Symlinking: /home/radhae/ws_aic/src/aic/install/aic_control_interfaces/lib/python3.12/site-packages/aic_control_interfaces/msg/_trajectory_generation_mode.py
-- Symlinking: /home/radhae/ws_aic/src/aic/install/aic_control_interfaces/lib/python3.12/site-packages/aic_control_interfaces/msg/_trajectory_generation_mode_s.c
-- Symlinking: /home/radhae/ws_aic/src/aic/install/aic_control_interfaces/lib/python3.12/site-packages/aic_control_interfaces/srv/__init__.py
-- Symlinking: /home/radhae/ws_aic/src/aic/install/aic_control_interfaces/lib/python3.12/site-packages/aic_control_interfaces/srv/_change_target_mode.py
-- Symlinking: /home/radhae/ws_aic/src/aic/install/aic_control_interfaces/lib/python3.12/site-packages/aic_control_interfaces/srv/_change_target_mode_s.c
-- Up-to-date symlink: /home/radhae/ws_aic/src/aic/install/aic_control_interfaces/lib/python3.12/site-packages/aic_control_interfaces/aic_control_interfaces_s__rosidl_typesupport_fastrtps_c.so
-- Up-to-date symlink: /home/radhae/ws_aic/src/aic/install/aic_control_interfaces/lib/python3.12/site-packages/aic_control_interfaces/aic_control_interfaces_s__rosidl_typesupport_introspection_c.so
-- Up-to-date symlink: /home/radhae/ws_aic/src/aic/install/aic_control_interfaces/lib/python3.12/site-packages/aic_control_interfaces/aic_control_interfaces_s__rosidl_typesupport_c.so
-- Symlinking: /home/radhae/ws_aic/src/aic/install/aic_control_interfaces/share/ament_index/resource_index/rust_packages/aic_control_interfaces
-- Symlinking: /home/radhae/ws_aic/src/aic/install/aic_control_interfaces/share/aic_control_interfaces/rust/Cargo.toml
-- Symlinking: /home/radhae/ws_aic/src/aic/install/aic_control_interfaces/share/aic_control_interfaces/rust/build.rs
-- Symlinking: /home/radhae/ws_aic/src/aic/install/aic_control_interfaces/share/aic_control_interfaces/rust/src/lib.rs
-- Symlinking: /home/radhae/ws_aic/src/aic/install/aic_control_interfaces/share/aic_control_interfaces/rust/src/msg.rs
-- Symlinking: /home/radhae/ws_aic/src/aic/install/aic_control_interfaces/share/aic_control_interfaces/rust/src/msg/rmw.rs
-- Symlinking: /home/radhae/ws_aic/src/aic/install/aic_control_interfaces/share/aic_control_interfaces/rust/src/srv.rs
-- Symlinking: /home/radhae/ws_aic/src/aic/install/aic_control_interfaces/share/aic_control_interfaces/rust/src/srv/rmw.rs
-- Symlinking: /home/radhae/ws_aic/src/aic/install/aic_control_interfaces/share/aic_control_interfaces/msg/ControllerState.idl
-- Symlinking: /home/radhae/ws_aic/src/aic/install/aic_control_interfaces/share/aic_control_interfaces/msg/JointMotionUpdate.idl
-- Symlinking: /home/radhae/ws_aic/src/aic/install/aic_control_interfaces/share/aic_control_interfaces/msg/MotionUpdate.idl
-- Symlinking: /home/radhae/ws_aic/src/aic/install/aic_control_interfaces/share/aic_control_interfaces/msg/TargetMode.idl
-- Symlinking: /home/radhae/ws_aic/src/aic/install/aic_control_interfaces/share/aic_control_interfaces/msg/TrajectoryGenerationMode.idl
-- Symlinking: /home/radhae/ws_aic/src/aic/install/aic_control_interfaces/share/aic_control_interfaces/srv/ChangeTargetMode.idl
-- Symlinking: /home/radhae/ws_aic/src/aic/install/aic_control_interfaces/share/aic_control_interfaces/msg/ControllerState.msg
-- Symlinking: /home/radhae/ws_aic/src/aic/install/aic_control_interfaces/share/aic_control_interfaces/msg/JointMotionUpdate.msg
-- Symlinking: /home/radhae/ws_aic/src/aic/install/aic_control_interfaces/share/aic_control_interfaces/msg/MotionUpdate.msg
-- Symlinking: /home/radhae/ws_aic/src/aic/install/aic_control_interfaces/share/aic_control_interfaces/msg/TargetMode.msg
-- Symlinking: /home/radhae/ws_aic/src/aic/install/aic_control_interfaces/share/aic_control_interfaces/msg/TrajectoryGenerationMode.msg
-- Symlinking: /home/radhae/ws_aic/src/aic/install/aic_control_interfaces/share/aic_control_interfaces/srv/ChangeTargetMode.srv
-- Symlinking: /home/radhae/ws_aic/src/aic/install/aic_control_interfaces/share/ament_index/resource_index/package_run_dependencies/aic_control_interfaces
-- Symlinking: /home/radhae/ws_aic/src/aic/install/aic_control_interfaces/share/ament_index/resource_index/parent_prefix_path/aic_control_interfaces
-- Symlinking: /home/radhae/ws_aic/src/aic/install/aic_control_interfaces/share/aic_control_interfaces/environment/ament_prefix_path.sh
-- Symlinking: /home/radhae/ws_aic/src/aic/install/aic_control_interfaces/share/aic_control_interfaces/environment/ament_prefix_path.dsv
-- Symlinking: /home/radhae/ws_aic/src/aic/install/aic_control_interfaces/share/aic_control_interfaces/environment/path.sh
-- Symlinking: /home/radhae/ws_aic/src/aic/install/aic_control_interfaces/share/aic_control_interfaces/environment/path.dsv
-- Symlinking: /home/radhae/ws_aic/src/aic/install/aic_control_interfaces/share/aic_control_interfaces/local_setup.bash
-- Symlinking: /home/radhae/ws_aic/src/aic/install/aic_control_interfaces/share/aic_control_interfaces/local_setup.sh
-- Symlinking: /home/radhae/ws_aic/src/aic/install/aic_control_interfaces/share/aic_control_interfaces/local_setup.zsh
-- Symlinking: /home/radhae/ws_aic/src/aic/install/aic_control_interfaces/share/aic_control_interfaces/local_setup.dsv
-- Symlinking: /home/radhae/ws_aic/src/aic/install/aic_control_interfaces/share/aic_control_interfaces/package.dsv
-- Symlinking: /home/radhae/ws_aic/src/aic/install/aic_control_interfaces/share/ament_index/resource_index/packages/aic_control_interfaces
-- Symlinking: /home/radhae/ws_aic/src/aic/install/aic_control_interfaces/share/aic_control_interfaces/cmake/rosidl_cmake-extras.cmake
-- Symlinking: /home/radhae/ws_aic/src/aic/install/aic_control_interfaces/share/aic_control_interfaces/cmake/ament_cmake_export_dependencies-extras.cmake
-- Symlinking: /home/radhae/ws_aic/src/aic/install/aic_control_interfaces/share/aic_control_interfaces/cmake/ament_cmake_export_include_directories-extras.cmake
-- Symlinking: /home/radhae/ws_aic/src/aic/install/aic_control_interfaces/share/aic_control_interfaces/cmake/ament_cmake_export_libraries-extras.cmake
-- Symlinking: /home/radhae/ws_aic/src/aic/install/aic_control_interfaces/share/aic_control_interfaces/cmake/ament_cmake_export_targets-extras.cmake
-- Symlinking: /home/radhae/ws_aic/src/aic/install/aic_control_interfaces/share/aic_control_interfaces/cmake/rosidl_cmake_export_typesupport_targets-extras.cmake
-- Symlinking: /home/radhae/ws_aic/src/aic/install/aic_control_interfaces/share/aic_control_interfaces/cmake/rosidl_cmake_export_typesupport_libraries-extras.cmake
-- Symlinking: /home/radhae/ws_aic/src/aic/install/aic_control_interfaces/share/aic_control_interfaces/cmake/aic_control_interfacesConfig.cmake
-- Symlinking: /home/radhae/ws_aic/src/aic/install/aic_control_interfaces/share/aic_control_interfaces/cmake/aic_control_interfacesConfig-version.cmake
-- Symlinking: /home/radhae/ws_aic/src/aic/install/aic_control_interfaces/share/aic_control_interfaces/package.xml
-- Installing: /home/radhae/ws_aic/src/aic/install/aic_control_interfaces/lib/libaic_control_interfaces__rosidl_generator_c.so
-- Set non-toolchain portion of runtime path of "/home/radhae/ws_aic/src/aic/install/aic_control_interfaces/lib/libaic_control_interfaces__rosidl_generator_c.so" to ""
-- Installing: /home/radhae/ws_aic/src/aic/install/aic_control_interfaces/lib/libaic_control_interfaces__rosidl_typesupport_fastrtps_c.so
-- Set non-toolchain portion of runtime path of "/home/radhae/ws_aic/src/aic/install/aic_control_interfaces/lib/libaic_control_interfaces__rosidl_typesupport_fastrtps_c.so" to ""
-- Installing: /home/radhae/ws_aic/src/aic/install/aic_control_interfaces/lib/libaic_control_interfaces__rosidl_typesupport_fastrtps_cpp.so
-- Set non-toolchain portion of runtime path of "/home/radhae/ws_aic/src/aic/install/aic_control_interfaces/lib/libaic_control_interfaces__rosidl_typesupport_fastrtps_cpp.so" to ""
-- Installing: /home/radhae/ws_aic/src/aic/install/aic_control_interfaces/lib/libaic_control_interfaces__rosidl_typesupport_introspection_c.so
-- Set non-toolchain portion of runtime path of "/home/radhae/ws_aic/src/aic/install/aic_control_interfaces/lib/libaic_control_interfaces__rosidl_typesupport_introspection_c.so" to ""
-- Installing: /home/radhae/ws_aic/src/aic/install/aic_control_interfaces/lib/libaic_control_interfaces__rosidl_typesupport_c.so
-- Set non-toolchain portion of runtime path of "/home/radhae/ws_aic/src/aic/install/aic_control_interfaces/lib/libaic_control_interfaces__rosidl_typesupport_c.so" to ""
-- Installing: /home/radhae/ws_aic/src/aic/install/aic_control_interfaces/lib/libaic_control_interfaces__rosidl_typesupport_introspection_cpp.so
-- Set non-toolchain portion of runtime path of "/home/radhae/ws_aic/src/aic/install/aic_control_interfaces/lib/libaic_control_interfaces__rosidl_typesupport_introspection_cpp.so" to ""
-- Installing: /home/radhae/ws_aic/src/aic/install/aic_control_interfaces/lib/libaic_control_interfaces__rosidl_typesupport_cpp.so
-- Set non-toolchain portion of runtime path of "/home/radhae/ws_aic/src/aic/install/aic_control_interfaces/lib/libaic_control_interfaces__rosidl_typesupport_cpp.so" to ""
Listing '/home/radhae/ws_aic/src/aic/install/aic_control_interfaces/lib/python3.12/site-packages/aic_control_interfaces'...
Compiling '/home/radhae/ws_aic/src/aic/install/aic_control_interfaces/lib/python3.12/site-packages/aic_control_interfaces/__init__.py'...
Listing '/home/radhae/ws_aic/src/aic/install/aic_control_interfaces/lib/python3.12/site-packages/aic_control_interfaces/msg'...
Compiling '/home/radhae/ws_aic/src/aic/install/aic_control_interfaces/lib/python3.12/site-packages/aic_control_interfaces/msg/__init__.py'...
Compiling '/home/radhae/ws_aic/src/aic/install/aic_control_interfaces/lib/python3.12/site-packages/aic_control_interfaces/msg/_controller_state.py'...
Compiling '/home/radhae/ws_aic/src/aic/install/aic_control_interfaces/lib/python3.12/site-packages/aic_control_interfaces/msg/_joint_motion_update.py'...
Compiling '/home/radhae/ws_aic/src/aic/install/aic_control_interfaces/lib/python3.12/site-packages/aic_control_interfaces/msg/_motion_update.py'...
Compiling '/home/radhae/ws_aic/src/aic/install/aic_control_interfaces/lib/python3.12/site-packages/aic_control_interfaces/msg/_target_mode.py'...
Compiling '/home/radhae/ws_aic/src/aic/install/aic_control_interfaces/lib/python3.12/site-packages/aic_control_interfaces/msg/_trajectory_generation_mode.py'...
Listing '/home/radhae/ws_aic/src/aic/install/aic_control_interfaces/lib/python3.12/site-packages/aic_control_interfaces/srv'...
Compiling '/home/radhae/ws_aic/src/aic/install/aic_control_interfaces/lib/python3.12/site-packages/aic_control_interfaces/srv/__init__.py'...
Compiling '/home/radhae/ws_aic/src/aic/install/aic_control_interfaces/lib/python3.12/site-packages/aic_control_interfaces/srv/_change_target_mode.py'...
-- Installing: /home/radhae/ws_aic/src/aic/install/aic_control_interfaces/lib/libaic_control_interfaces__rosidl_generator_py.so
-- Set non-toolchain portion of runtime path of "/home/radhae/ws_aic/src/aic/install/aic_control_interfaces/lib/libaic_control_interfaces__rosidl_generator_py.so" to ""
-- Installing: /home/radhae/ws_aic/src/aic/install/aic_control_interfaces/share/aic_control_interfaces/cmake/export_aic_control_interfaces__rosidl_generator_cExport.cmake
-- Installing: /home/radhae/ws_aic/src/aic/install/aic_control_interfaces/share/aic_control_interfaces/cmake/export_aic_control_interfaces__rosidl_generator_cExport-noconfig.cmake
-- Installing: /home/radhae/ws_aic/src/aic/install/aic_control_interfaces/share/aic_control_interfaces/cmake/export_aic_control_interfaces__rosidl_typesupport_fastrtps_cExport.cmake
-- Installing: /home/radhae/ws_aic/src/aic/install/aic_control_interfaces/share/aic_control_interfaces/cmake/export_aic_control_interfaces__rosidl_typesupport_fastrtps_cExport-noconfig.cmake
-- Installing: /home/radhae/ws_aic/src/aic/install/aic_control_interfaces/share/aic_control_interfaces/cmake/export_aic_control_interfaces__rosidl_generator_cppExport.cmake
-- Installing: /home/radhae/ws_aic/src/aic/install/aic_control_interfaces/share/aic_control_interfaces/cmake/export_aic_control_interfaces__rosidl_typesupport_fastrtps_cppExport.cmake
-- Installing: /home/radhae/ws_aic/src/aic/install/aic_control_interfaces/share/aic_control_interfaces/cmake/export_aic_control_interfaces__rosidl_typesupport_fastrtps_cppExport-noconfig.cmake
-- Installing: /home/radhae/ws_aic/src/aic/install/aic_control_interfaces/share/aic_control_interfaces/cmake/aic_control_interfaces__rosidl_typesupport_introspection_cExport.cmake
-- Installing: /home/radhae/ws_aic/src/aic/install/aic_control_interfaces/share/aic_control_interfaces/cmake/aic_control_interfaces__rosidl_typesupport_introspection_cExport-noconfig.cmake
-- Installing: /home/radhae/ws_aic/src/aic/install/aic_control_interfaces/share/aic_control_interfaces/cmake/aic_control_interfaces__rosidl_typesupport_cExport.cmake
-- Installing: /home/radhae/ws_aic/src/aic/install/aic_control_interfaces/share/aic_control_interfaces/cmake/aic_control_interfaces__rosidl_typesupport_cExport-noconfig.cmake
-- Installing: /home/radhae/ws_aic/src/aic/install/aic_control_interfaces/share/aic_control_interfaces/cmake/aic_control_interfaces__rosidl_typesupport_introspection_cppExport.cmake
-- Installing: /home/radhae/ws_aic/src/aic/install/aic_control_interfaces/share/aic_control_interfaces/cmake/aic_control_interfaces__rosidl_typesupport_introspection_cppExport-noconfig.cmake
-- Installing: /home/radhae/ws_aic/src/aic/install/aic_control_interfaces/share/aic_control_interfaces/cmake/aic_control_interfaces__rosidl_typesupport_cppExport.cmake
-- Installing: /home/radhae/ws_aic/src/aic/install/aic_control_interfaces/share/aic_control_interfaces/cmake/aic_control_interfaces__rosidl_typesupport_cppExport-noconfig.cmake
-- Installing: /home/radhae/ws_aic/src/aic/install/aic_control_interfaces/share/aic_control_interfaces/cmake/export_aic_control_interfaces__rosidl_generator_pyExport.cmake
-- Installing: /home/radhae/ws_aic/src/aic/install/aic_control_interfaces/share/aic_control_interfaces/cmake/export_aic_control_interfaces__rosidl_generator_pyExport-noconfig.cmake
