[0.046s] Invoking command in '/home/radhae/ws_aic/src/aic/build/aic_control_interfaces': CMAKE_PREFIX_PATH=${CMAKE_PREFIX_PATH}:/home/radhae/ws_aic/src/aic/.pixi/envs/default PIXI_PROMPT=(aic) PS1=\[\e]0;\u@\h: \w\a\]${debian_chroot:+($debian_chroot)}\[\033[01;32m\]\u@\h\[\033[00m\]:\[\033[01;34m\]\w\[\033[00m\]\$ /home/radhae/ws_aic/src/aic/.pixi/envs/default/bin/cmake /home/radhae/ws_aic/src/aic/aic_interfaces/aic_control_interfaces -DAMENT_CMAKE_SYMLINK_INSTALL=1 -DCMAKE_INSTALL_PREFIX=/home/radhae/ws_aic/src/aic/install/aic_control_interfaces
[0.175s] [0mCMake Deprecation Warning at CMakeLists.txt:1 (cmake_minimum_required):
[0.175s]   Compatibility with CMake < 3.10 will be removed from a future version of
[0.175s]   CMake.
[0.175s] 
[0.175s]   Update the VERSION argument <min> value.  Or, use the <min>...<max> syntax
[0.175s]   to tell CMake that the project requires at least <min> but has been updated
[0.175s]   to work with policies introduced by <max> or earlier.
[0.175s] 
[0.175s] [0m
[0.345s] -- The C compiler identification is GNU 13.3.0
[0.546s] -- The CXX compiler identification is GNU 13.3.0
[0.572s] -- Detecting C compiler ABI info
[0.872s] -- Detecting C compiler ABI info - done
[0.906s] -- Check for working C compiler: /usr/bin/cc - skipped
[0.906s] -- Detecting C compile features
[0.906s] -- Detecting C compile features - done
[0.973s] -- Detecting CXX compiler ABI info
[1.268s] -- Detecting CXX compiler ABI info - done
[1.301s] -- Check for working CXX compiler: /usr/bin/c++ - skipped
[1.302s] -- Detecting CXX compile features
[1.302s] -- Detecting CXX compile features - done
[1.362s] -- Found ament_cmake: 2.7.5 (/home/radhae/ws_aic/src/aic/.pixi/envs/default/share/ament_cmake/cmake)
[1.700s] -- Found Python3: /home/radhae/ws_aic/src/aic/.pixi/envs/default/bin/python3 (found version "3.12.12") found components: Interpreter
[1.779s] -- Override CMake install command with custom implementation using symlinks instead of copying resources
[1.929s] -- Found builtin_interfaces: 2.3.1 (/home/radhae/ws_aic/src/aic/.pixi/envs/default/share/builtin_interfaces/cmake)
[2.009s] -- Found rosidl_generator_c: 4.9.6 (/home/radhae/ws_aic/src/aic/.pixi/envs/default/share/rosidl_generator_c/cmake)
[2.048s] -- Found rosidl_generator_cpp: 4.9.6 (/home/radhae/ws_aic/src/aic/.pixi/envs/default/share/rosidl_generator_cpp/cmake)
[2.089s] -- Using all available rosidl_typesupport_c: rosidl_typesupport_fastrtps_c;rosidl_typesupport_introspection_c
[2.134s] -- Using all available rosidl_typesupport_cpp: rosidl_typesupport_fastrtps_cpp;rosidl_typesupport_introspection_cpp
[2.178s] -- Found geometry_msgs: 5.5.2 (/home/radhae/ws_aic/src/aic/.pixi/envs/default/share/geometry_msgs/cmake)
[2.247s] -- Found rosidl_default_generators: 1.7.2 (/home/radhae/ws_aic/src/aic/.pixi/envs/default/share/rosidl_default_generators/cmake)
[2.299s] -- Found rosidl_adapter: 4.9.6 (/home/radhae/ws_aic/src/aic/.pixi/envs/default/share/rosidl_adapter/cmake)
[2.310s] -- Found trajectory_msgs: 5.5.2 (/home/radhae/ws_aic/src/aic/.pixi/envs/default/share/trajectory_msgs/cmake)
[3.596s] -- Found ament_cmake_cppcheck: 0.19.2 (/home/radhae/ws_aic/src/aic/.pixi/envs/default/share/ament_cmake_cppcheck/cmake)
[3.607s] -- Found ament_cmake_cpplint: 0.19.2 (/home/radhae/ws_aic/src/aic/.pixi/envs/default/share/ament_cmake_cpplint/cmake)
[3.617s] -- Found ament_cmake_uncrustify: 0.19.2 (/home/radhae/ws_aic/src/aic/.pixi/envs/default/share/ament_cmake_uncrustify/cmake)
[3.628s] -- Found ament_cmake_ros_core: 0.14.7 (/home/radhae/ws_aic/src/aic/.pixi/envs/default/share/ament_cmake_ros_core/cmake)
[5.398s] -- Using all available rosidl_typesupport_c: rosidl_typesupport_fastrtps_c;rosidl_typesupport_introspection_c
[6.090s] -- Using all available rosidl_typesupport_cpp: rosidl_typesupport_fastrtps_cpp;rosidl_typesupport_introspection_cpp
[6.992s] -- Found Python3: /home/radhae/ws_aic/src/aic/.pixi/envs/default/bin/python3 (found version "3.12.12") found components: Interpreter Development NumPy Development.Module Development.Embed
[7.131s] -- Found ament_cmake_flake8: 0.19.2 (/home/radhae/ws_aic/src/aic/.pixi/envs/default/share/ament_cmake_flake8/cmake)
[7.143s] -- Found ament_cmake_pep257: 0.19.2 (/home/radhae/ws_aic/src/aic/.pixi/envs/default/share/ament_cmake_pep257/cmake)
[7.304s] -- Found Python3: /home/radhae/ws_aic/src/aic/.pixi/envs/default/bin/python3 (found version "3.12.12") found components: Interpreter
[7.325s] -- Configuring done (7.2s)
[7.442s] -- Generating done (0.1s)
[7.457s] -- Build files have been written to: /home/radhae/ws_aic/src/aic/build/aic_control_interfaces
[7.483s] Invoked command in '/home/radhae/ws_aic/src/aic/build/aic_control_interfaces' returned '0': CMAKE_PREFIX_PATH=${CMAKE_PREFIX_PATH}:/home/radhae/ws_aic/src/aic/.pixi/envs/default PIXI_PROMPT=(aic) PS1=\[\e]0;\u@\h: \w\a\]${debian_chroot:+($debian_chroot)}\[\033[01;32m\]\u@\h\[\033[00m\]:\[\033[01;34m\]\w\[\033[00m\]\$ /home/radhae/ws_aic/src/aic/.pixi/envs/default/bin/cmake /home/radhae/ws_aic/src/aic/aic_interfaces/aic_control_interfaces -DAMENT_CMAKE_SYMLINK_INSTALL=1 -DCMAKE_INSTALL_PREFIX=/home/radhae/ws_aic/src/aic/install/aic_control_interfaces
[7.484s] Invoking command in '/home/radhae/ws_aic/src/aic/build/aic_control_interfaces': CMAKE_PREFIX_PATH=${CMAKE_PREFIX_PATH}:/home/radhae/ws_aic/src/aic/.pixi/envs/default PIXI_PROMPT=(aic) PS1=\[\e]0;\u@\h: \w\a\]${debian_chroot:+($debian_chroot)}\[\033[01;32m\]\u@\h\[\033[00m\]:\[\033[01;34m\]\w\[\033[00m\]\$ /home/radhae/ws_aic/src/aic/.pixi/envs/default/bin/cmake --build /home/radhae/ws_aic/src/aic/build/aic_control_interfaces -- -j12 -l12
[7.894s] [  1%] [1m[34mGenerating type hashes for ROS interfaces[0m
[7.896s] [  1%] Built target ament_cmake_python_symlink_aic_control_interfaces
[7.896s] [  2%] [1m[34mGenerating Rust code for ROS interfaces[0m
[8.302s] running egg_info
[8.334s] creating aic_control_interfaces.egg-info
[8.334s] writing aic_control_interfaces.egg-info/PKG-INFO
[8.335s] writing dependency_links to aic_control_interfaces.egg-info/dependency_links.txt
[8.337s] writing top-level names to aic_control_interfaces.egg-info/top_level.txt
[8.337s] writing manifest file 'aic_control_interfaces.egg-info/SOURCES.txt'
[8.424s] reading manifest file 'aic_control_interfaces.egg-info/SOURCES.txt'
[8.425s] writing manifest file 'aic_control_interfaces.egg-info/SOURCES.txt'
[8.503s] [  2%] Built target aic_control_interfaces__rs
[8.555s] [  2%] Built target ament_cmake_python_build_aic_control_interfaces_egg
[8.574s] [  2%] Built target aic_control_interfaces__rosidl_generator_type_description
[8.643s] [  3%] [1m[34mGenerating C code for ROS interfaces[0m
[8.710s] [  4%] [1m[34mGenerating C++ code for ROS interfaces[0m
[9.995s] [  4%] Built target aic_control_interfaces__cpp
[10.240s] [  5%] [32mBuilding C object CMakeFiles/aic_control_interfaces__rosidl_generator_c.dir/rosidl_generator_c/aic_control_interfaces/msg/detail/motion_update__description.c.o[0m
[10.244s] [  7%] [32mBuilding C object CMakeFiles/aic_control_interfaces__rosidl_generator_c.dir/rosidl_generator_c/aic_control_interfaces/msg/detail/motion_update__functions.c.o[0m
[10.244s] [  8%] [32mBuilding C object CMakeFiles/aic_control_interfaces__rosidl_generator_c.dir/rosidl_generator_c/aic_control_interfaces/msg/detail/controller_state__type_support.c.o[0m
[10.247s] [  9%] [32mBuilding C object CMakeFiles/aic_control_interfaces__rosidl_generator_c.dir/rosidl_generator_c/aic_control_interfaces/msg/detail/joint_motion_update__type_support.c.o[0m
[10.254s] [ 10%] [32mBuilding C object CMakeFiles/aic_control_interfaces__rosidl_generator_c.dir/rosidl_generator_c/aic_control_interfaces/msg/detail/joint_motion_update__description.c.o[0m
[10.254s] [ 12%] [32mBuilding C object CMakeFiles/aic_control_interfaces__rosidl_generator_c.dir/rosidl_generator_c/aic_control_interfaces/msg/detail/controller_state__functions.c.o[0m
[10.254s] [ 11%] [32mBuilding C object CMakeFiles/aic_control_interfaces__rosidl_generator_c.dir/rosidl_generator_c/aic_control_interfaces/msg/detail/controller_state__description.c.o[0m
[10.254s] [ 14%] [32mBuilding C object CMakeFiles/aic_control_interfaces__rosidl_generator_c.dir/rosidl_generator_c/aic_control_interfaces/msg/detail/joint_motion_update__functions.c.o[0m
[10.269s] [ 15%] [32mBuilding C object CMakeFiles/aic_control_interfaces__rosidl_generator_c.dir/rosidl_generator_c/aic_control_interfaces/msg/detail/motion_update__type_support.c.o[0m
[10.278s] [ 16%] [32mBuilding C object CMakeFiles/aic_control_interfaces__rosidl_generator_c.dir/rosidl_generator_c/aic_control_interfaces/msg/detail/target_mode__functions.c.o[0m
[10.287s] [ 17%] [32mBuilding C object CMakeFiles/aic_control_interfaces__rosidl_generator_c.dir/rosidl_generator_c/aic_control_interfaces/msg/detail/target_mode__description.c.o[0m
[10.296s] [ 18%] [32mBuilding C object CMakeFiles/aic_control_interfaces__rosidl_generator_c.dir/rosidl_generator_c/aic_control_interfaces/msg/detail/target_mode__type_support.c.o[0m
[10.594s] [ 20%] [32mBuilding C object CMakeFiles/aic_control_interfaces__rosidl_generator_c.dir/rosidl_generator_c/aic_control_interfaces/srv/detail/change_target_mode__description.c.o[0m
[10.607s] [ 21%] [32mBuilding C object CMakeFiles/aic_control_interfaces__rosidl_generator_c.dir/rosidl_generator_c/aic_control_interfaces/msg/detail/trajectory_generation_mode__type_support.c.o[0m
[10.621s] [ 22%] [32mBuilding C object CMakeFiles/aic_control_interfaces__rosidl_generator_c.dir/rosidl_generator_c/aic_control_interfaces/msg/detail/trajectory_generation_mode__description.c.o[0m
[10.622s] [ 23%] [32mBuilding C object CMakeFiles/aic_control_interfaces__rosidl_generator_c.dir/rosidl_generator_c/aic_control_interfaces/msg/detail/trajectory_generation_mode__functions.c.o[0m
[10.634s] [ 24%] [32mBuilding C object CMakeFiles/aic_control_interfaces__rosidl_generator_c.dir/rosidl_generator_c/aic_control_interfaces/srv/detail/change_target_mode__functions.c.o[0m
[10.646s] [ 25%] [32mBuilding C object CMakeFiles/aic_control_interfaces__rosidl_generator_c.dir/rosidl_generator_c/aic_control_interfaces/srv/detail/change_target_mode__type_support.c.o[0m
[10.899s] [ 27%] [1m[32mLinking C shared library libaic_control_interfaces__rosidl_generator_c.so[0m
[11.075s] [ 27%] Built target aic_control_interfaces__rosidl_generator_c
[11.131s] [ 28%] [1m[34mGenerating C type support for eProsima Fast-RTPS[0m
[11.151s] [ 29%] [1m[34mGenerating C type support dispatch for ROS interfaces[0m
[11.164s] [ 30%] [1m[34mGenerating C introspection for ROS interfaces[0m
[11.167s] [ 31%] [1m[34mGenerating C++ type support for eProsima Fast-RTPS[0m
[11.194s] [ 32%] [1m[34mGenerating C++ introspection for ROS interfaces[0m
[11.201s] [ 34%] [1m[34mGenerating C++ type support dispatch for ROS interfaces[0m
[12.027s] [ 36%] [32mBuilding CXX object CMakeFiles/aic_control_interfaces__rosidl_typesupport_c.dir/rosidl_typesupport_c/aic_control_interfaces/msg/joint_motion_update__type_support.cpp.o[0m
[12.027s] [ 36%] [32mBuilding CXX object CMakeFiles/aic_control_interfaces__rosidl_typesupport_c.dir/rosidl_typesupport_c/aic_control_interfaces/msg/controller_state__type_support.cpp.o[0m
[12.037s] [ 37%] [32mBuilding CXX object CMakeFiles/aic_control_interfaces__rosidl_typesupport_cpp.dir/rosidl_typesupport_cpp/aic_control_interfaces/msg/controller_state__type_support.cpp.o[0m
[12.039s] [ 38%] [32mBuilding CXX object CMakeFiles/aic_control_interfaces__rosidl_typesupport_c.dir/rosidl_typesupport_c/aic_control_interfaces/msg/motion_update__type_support.cpp.o[0m
[12.043s] [ 41%] [32mBuilding CXX object CMakeFiles/aic_control_interfaces__rosidl_typesupport_c.dir/rosidl_typesupport_c/aic_control_interfaces/msg/target_mode__type_support.cpp.o[0m
[12.045s] [ 41%] [32mBuilding CXX object CMakeFiles/aic_control_interfaces__rosidl_typesupport_cpp.dir/rosidl_typesupport_cpp/aic_control_interfaces/msg/joint_motion_update__type_support.cpp.o[0m
[12.048s] [ 42%] [32mBuilding CXX object CMakeFiles/aic_control_interfaces__rosidl_typesupport_fastrtps_cpp.dir/rosidl_typesupport_fastrtps_cpp/aic_control_interfaces/msg/detail/dds_fastrtps/controller_state__type_support.cpp.o[0m
[12.052s] [ 43%] [32mBuilding CXX object CMakeFiles/aic_control_interfaces__rosidl_typesupport_c.dir/rosidl_typesupport_c/aic_control_interfaces/msg/trajectory_generation_mode__type_support.cpp.o[0m
[12.073s] [ 44%] [32mBuilding CXX object CMakeFiles/aic_control_interfaces__rosidl_typesupport_c.dir/rosidl_typesupport_c/aic_control_interfaces/srv/change_target_mode__type_support.cpp.o[0m
[12.096s] [ 45%] [32mBuilding C object CMakeFiles/aic_control_interfaces__rosidl_typesupport_introspection_c.dir/rosidl_typesupport_introspection_c/aic_control_interfaces/msg/detail/controller_state__type_support.c.o[0m
[12.235s] [ 47%] [32mBuilding CXX object CMakeFiles/aic_control_interfaces__rosidl_typesupport_fastrtps_cpp.dir/rosidl_typesupport_fastrtps_cpp/aic_control_interfaces/msg/detail/dds_fastrtps/joint_motion_update__type_support.cpp.o[0m
[12.265s] [ 48%] [1m[32mLinking CXX shared library libaic_control_interfaces__rosidl_typesupport_c.so[0m
[12.271s] [ 49%] [32mBuilding CXX object CMakeFiles/aic_control_interfaces__rosidl_typesupport_cpp.dir/rosidl_typesupport_cpp/aic_control_interfaces/msg/target_mode__type_support.cpp.o[0m
[12.284s] [ 50%] [32mBuilding CXX object CMakeFiles/aic_control_interfaces__rosidl_typesupport_fastrtps_cpp.dir/rosidl_typesupport_fastrtps_cpp/aic_control_interfaces/msg/detail/dds_fastrtps/motion_update__type_support.cpp.o[0m
[12.288s] [ 51%] [32mBuilding C object CMakeFiles/aic_control_interfaces__rosidl_typesupport_introspection_c.dir/rosidl_typesupport_introspection_c/aic_control_interfaces/msg/detail/joint_motion_update__type_support.c.o[0m
[12.303s] [ 52%] [32mBuilding CXX object CMakeFiles/aic_control_interfaces__rosidl_typesupport_cpp.dir/rosidl_typesupport_cpp/aic_control_interfaces/msg/motion_update__type_support.cpp.o[0m
[12.405s] [ 54%] [32mBuilding CXX object CMakeFiles/aic_control_interfaces__rosidl_typesupport_fastrtps_cpp.dir/rosidl_typesupport_fastrtps_cpp/aic_control_interfaces/msg/detail/dds_fastrtps/target_mode__type_support.cpp.o[0m
[12.504s] [ 54%] Built target aic_control_interfaces__rosidl_typesupport_c
[12.523s] [ 55%] [32mBuilding C object CMakeFiles/aic_control_interfaces__rosidl_typesupport_introspection_c.dir/rosidl_typesupport_introspection_c/aic_control_interfaces/msg/detail/motion_update__type_support.c.o[0m
[12.579s] [ 56%] [32mBuilding CXX object CMakeFiles/aic_control_interfaces__rosidl_typesupport_cpp.dir/rosidl_typesupport_cpp/aic_control_interfaces/msg/trajectory_generation_mode__type_support.cpp.o[0m
[12.600s] [ 57%] [32mBuilding CXX object CMakeFiles/aic_control_interfaces__rosidl_typesupport_introspection_cpp.dir/rosidl_typesupport_introspection_cpp/aic_control_interfaces/msg/detail/controller_state__type_support.cpp.o[0m
[12.611s] [ 58%] [32mBuilding CXX object CMakeFiles/aic_control_interfaces__rosidl_typesupport_fastrtps_c.dir/rosidl_typesupport_fastrtps_c/aic_control_interfaces/msg/detail/controller_state__type_support_c.cpp.o[0m
[12.655s] [ 60%] [32mBuilding C object CMakeFiles/aic_control_interfaces__rosidl_typesupport_introspection_c.dir/rosidl_typesupport_introspection_c/aic_control_interfaces/msg/detail/target_mode__type_support.c.o[0m
[12.709s] [ 61%] [32mBuilding CXX object CMakeFiles/aic_control_interfaces__rosidl_typesupport_fastrtps_cpp.dir/rosidl_typesupport_fastrtps_cpp/aic_control_interfaces/msg/detail/dds_fastrtps/trajectory_generation_mode__type_support.cpp.o[0m
[12.722s] [ 62%] [32mBuilding CXX object CMakeFiles/aic_control_interfaces__rosidl_typesupport_fastrtps_cpp.dir/rosidl_typesupport_fastrtps_cpp/aic_control_interfaces/srv/detail/dds_fastrtps/change_target_mode__type_support.cpp.o[0m
[12.902s] [ 63%] [32mBuilding CXX object CMakeFiles/aic_control_interfaces__rosidl_typesupport_introspection_cpp.dir/rosidl_typesupport_introspection_cpp/aic_control_interfaces/msg/detail/joint_motion_update__type_support.cpp.o[0m
[13.000s] [ 64%] [32mBuilding CXX object CMakeFiles/aic_control_interfaces__rosidl_typesupport_cpp.dir/rosidl_typesupport_cpp/aic_control_interfaces/srv/change_target_mode__type_support.cpp.o[0m
[13.027s] [ 65%] [32mBuilding C object CMakeFiles/aic_control_interfaces__rosidl_typesupport_introspection_c.dir/rosidl_typesupport_introspection_c/aic_control_interfaces/msg/detail/trajectory_generation_mode__type_support.c.o[0m
[13.171s] [ 67%] [32mBuilding CXX object CMakeFiles/aic_control_interfaces__rosidl_typesupport_introspection_cpp.dir/rosidl_typesupport_introspection_cpp/aic_control_interfaces/msg/detail/motion_update__type_support.cpp.o[0m
[13.228s] [ 68%] [32mBuilding CXX object CMakeFiles/aic_control_interfaces__rosidl_typesupport_introspection_cpp.dir/rosidl_typesupport_introspection_cpp/aic_control_interfaces/msg/detail/target_mode__type_support.cpp.o[0m
[13.271s] [ 69%] [32mBuilding CXX object CMakeFiles/aic_control_interfaces__rosidl_typesupport_fastrtps_c.dir/rosidl_typesupport_fastrtps_c/aic_control_interfaces/msg/detail/joint_motion_update__type_support_c.cpp.o[0m
[13.282s] [ 70%] [32mBuilding CXX object CMakeFiles/aic_control_interfaces__rosidl_typesupport_introspection_cpp.dir/rosidl_typesupport_introspection_cpp/aic_control_interfaces/msg/detail/trajectory_generation_mode__type_support.cpp.o[0m
[13.397s] [ 71%] [32mBuilding C object CMakeFiles/aic_control_interfaces__rosidl_typesupport_introspection_c.dir/rosidl_typesupport_introspection_c/aic_control_interfaces/srv/detail/change_target_mode__type_support.c.o[0m
[13.441s] [ 72%] [32mBuilding CXX object CMakeFiles/aic_control_interfaces__rosidl_typesupport_fastrtps_c.dir/rosidl_typesupport_fastrtps_c/aic_control_interfaces/msg/detail/motion_update__type_support_c.cpp.o[0m
[13.536s] [ 74%] [32mBuilding CXX object CMakeFiles/aic_control_interfaces__rosidl_typesupport_fastrtps_c.dir/rosidl_typesupport_fastrtps_c/aic_control_interfaces/msg/detail/target_mode__type_support_c.cpp.o[0m
[13.561s] [ 75%] [32mBuilding CXX object CMakeFiles/aic_control_interfaces__rosidl_typesupport_introspection_cpp.dir/rosidl_typesupport_introspection_cpp/aic_control_interfaces/srv/detail/change_target_mode__type_support.cpp.o[0m
[13.614s] [ 76%] [32mBuilding CXX object CMakeFiles/aic_control_interfaces__rosidl_typesupport_fastrtps_c.dir/rosidl_typesupport_fastrtps_c/aic_control_interfaces/msg/detail/trajectory_generation_mode__type_support_c.cpp.o[0m
[13.715s] [ 77%] [1m[32mLinking C shared library libaic_control_interfaces__rosidl_typesupport_introspection_c.so[0m
[13.783s] [ 78%] [32mBuilding CXX object CMakeFiles/aic_control_interfaces__rosidl_typesupport_fastrtps_c.dir/rosidl_typesupport_fastrtps_c/aic_control_interfaces/srv/detail/change_target_mode__type_support_c.cpp.o[0m
[13.869s] [ 80%] [1m[32mLinking CXX shared library libaic_control_interfaces__rosidl_typesupport_cpp.so[0m
[13.961s] [ 80%] Built target aic_control_interfaces__rosidl_typesupport_introspection_c
[14.003s] [ 81%] [1m[32mLinking CXX shared library libaic_control_interfaces__rosidl_typesupport_fastrtps_cpp.so[0m
[14.162s] [ 81%] Built target aic_control_interfaces__rosidl_typesupport_cpp
[14.250s] [ 81%] Built target aic_control_interfaces__rosidl_typesupport_fastrtps_cpp
[14.260s] [ 82%] [1m[32mLinking CXX shared library libaic_control_interfaces__rosidl_typesupport_introspection_cpp.so[0m
[14.441s] [ 82%] Built target aic_control_interfaces__rosidl_typesupport_introspection_cpp
[14.475s] [ 83%] [1m[32mLinking CXX shared library libaic_control_interfaces__rosidl_typesupport_fastrtps_c.so[0m
[14.627s] [ 83%] Built target aic_control_interfaces__rosidl_typesupport_fastrtps_c
[14.743s] [ 83%] Built target aic_control_interfaces
[14.861s] [ 84%] [1m[34mGenerating Python code for ROS interfaces[0m
[15.705s] [ 84%] Built target aic_control_interfaces__py
[15.823s] [ 85%] [32mBuilding C object CMakeFiles/aic_control_interfaces__rosidl_generator_py.dir/rosidl_generator_py/aic_control_interfaces/msg/_joint_motion_update_s.c.o[0m
[15.823s] [ 87%] [32mBuilding C object CMakeFiles/aic_control_interfaces__rosidl_generator_py.dir/rosidl_generator_py/aic_control_interfaces/msg/_controller_state_s.c.o[0m
[15.823s] [ 88%] [32mBuilding C object CMakeFiles/aic_control_interfaces__rosidl_generator_py.dir/rosidl_generator_py/aic_control_interfaces/msg/_trajectory_generation_mode_s.c.o[0m
[15.825s] [ 89%] [32mBuilding C object CMakeFiles/aic_control_interfaces__rosidl_generator_py.dir/rosidl_generator_py/aic_control_interfaces/msg/_motion_update_s.c.o[0m
[15.827s] [ 90%] [32mBuilding C object CMakeFiles/aic_control_interfaces__rosidl_generator_py.dir/rosidl_generator_py/aic_control_interfaces/msg/_target_mode_s.c.o[0m
[15.829s] [ 91%] [32mBuilding C object CMakeFiles/aic_control_interfaces__rosidl_generator_py.dir/rosidl_generator_py/aic_control_interfaces/srv/_change_target_mode_s.c.o[0m
[16.122s] [ 92%] [1m[32mLinking C shared library libaic_control_interfaces__rosidl_generator_py.so[0m
[16.261s] [ 92%] Built target aic_control_interfaces__rosidl_generator_py
[16.353s] [ 94%] [32mBuilding C object CMakeFiles/aic_control_interfaces_s__rosidl_typesupport_introspection_c.dir/rosidl_generator_py/aic_control_interfaces/_aic_control_interfaces_s.ep.rosidl_typesupport_introspection_c.c.o[0m
[16.371s] [ 95%] [32mBuilding C object CMakeFiles/aic_control_interfaces_s__rosidl_typesupport_fastrtps_c.dir/rosidl_generator_py/aic_control_interfaces/_aic_control_interfaces_s.ep.rosidl_typesupport_fastrtps_c.c.o[0m
[16.371s] [ 96%] [32mBuilding C object CMakeFiles/aic_control_interfaces_s__rosidl_typesupport_c.dir/rosidl_generator_py/aic_control_interfaces/_aic_control_interfaces_s.ep.rosidl_typesupport_c.c.o[0m
[16.577s] [ 97%] [1m[32mLinking C shared module rosidl_generator_py/aic_control_interfaces/aic_control_interfaces_s__rosidl_typesupport_introspection_c.so[0m
[16.615s] [ 98%] [1m[32mLinking C shared module rosidl_generator_py/aic_control_interfaces/aic_control_interfaces_s__rosidl_typesupport_c.so[0m
[16.632s] [100%] [1m[32mLinking C shared module rosidl_generator_py/aic_control_interfaces/aic_control_interfaces_s__rosidl_typesupport_fastrtps_c.so[0m
[16.681s] [100%] Built target aic_control_interfaces_s__rosidl_typesupport_introspection_c
[16.740s] [100%] Built target aic_control_interfaces_s__rosidl_typesupport_c
[16.760s] [100%] Built target aic_control_interfaces_s__rosidl_typesupport_fastrtps_c
[16.788s] Invoked command in '/home/radhae/ws_aic/src/aic/build/aic_control_interfaces' returned '0': CMAKE_PREFIX_PATH=${CMAKE_PREFIX_PATH}:/home/radhae/ws_aic/src/aic/.pixi/envs/default PIXI_PROMPT=(aic) PS1=\[\e]0;\u@\h: \w\a\]${debian_chroot:+($debian_chroot)}\[\033[01;32m\]\u@\h\[\033[00m\]:\[\033[01;34m\]\w\[\033[00m\]\$ /home/radhae/ws_aic/src/aic/.pixi/envs/default/bin/cmake --build /home/radhae/ws_aic/src/aic/build/aic_control_interfaces -- -j12 -l12
[16.790s] Invoking command in '/home/radhae/ws_aic/src/aic/build/aic_control_interfaces': CMAKE_PREFIX_PATH=${CMAKE_PREFIX_PATH}:/home/radhae/ws_aic/src/aic/.pixi/envs/default PIXI_PROMPT=(aic) PS1=\[\e]0;\u@\h: \w\a\]${debian_chroot:+($debian_chroot)}\[\033[01;32m\]\u@\h\[\033[00m\]:\[\033[01;34m\]\w\[\033[00m\]\$ /home/radhae/ws_aic/src/aic/.pixi/envs/default/bin/cmake --install /home/radhae/ws_aic/src/aic/build/aic_control_interfaces
[16.912s] -- Install configuration: ""
[16.913s] -- Execute custom install script
[16.913s] -- Symlinking: /home/radhae/ws_aic/src/aic/install/aic_control_interfaces/share/ament_index/resource_index/rosidl_interfaces/aic_control_interfaces
[16.935s] -- Symlinking: /home/radhae/ws_aic/src/aic/install/aic_control_interfaces/share/aic_control_interfaces/msg/ControllerState.json
[16.954s] -- Symlinking: /home/radhae/ws_aic/src/aic/install/aic_control_interfaces/share/aic_control_interfaces/msg/JointMotionUpdate.json
[16.970s] -- Symlinking: /home/radhae/ws_aic/src/aic/install/aic_control_interfaces/share/aic_control_interfaces/msg/MotionUpdate.json
[16.989s] -- Symlinking: /home/radhae/ws_aic/src/aic/install/aic_control_interfaces/share/aic_control_interfaces/msg/TargetMode.json
[17.011s] -- Symlinking: /home/radhae/ws_aic/src/aic/install/aic_control_interfaces/share/aic_control_interfaces/msg/TrajectoryGenerationMode.json
[17.031s] -- Symlinking: /home/radhae/ws_aic/src/aic/install/aic_control_interfaces/share/aic_control_interfaces/srv/ChangeTargetMode.json
[17.052s] -- Symlinking: /home/radhae/ws_aic/src/aic/install/aic_control_interfaces/include/aic_control_interfaces/aic_control_interfaces/msg/controller_state.h
[17.073s] -- Symlinking: /home/radhae/ws_aic/src/aic/install/aic_control_interfaces/include/aic_control_interfaces/aic_control_interfaces/msg/detail/controller_state__functions.h
[17.096s] -- Symlinking: /home/radhae/ws_aic/src/aic/install/aic_control_interfaces/include/aic_control_interfaces/aic_control_interfaces/msg/detail/controller_state__struct.h
[17.118s] -- Symlinking: /home/radhae/ws_aic/src/aic/install/aic_control_interfaces/include/aic_control_interfaces/aic_control_interfaces/msg/detail/controller_state__type_support.h
[17.139s] -- Symlinking: /home/radhae/ws_aic/src/aic/install/aic_control_interfaces/include/aic_control_interfaces/aic_control_interfaces/msg/detail/joint_motion_update__functions.h
[17.161s] -- Symlinking: /home/radhae/ws_aic/src/aic/install/aic_control_interfaces/include/aic_control_interfaces/aic_control_interfaces/msg/detail/joint_motion_update__struct.h
[17.184s] -- Symlinking: /home/radhae/ws_aic/src/aic/install/aic_control_interfaces/include/aic_control_interfaces/aic_control_interfaces/msg/detail/joint_motion_update__type_support.h
[17.204s] -- Symlinking: /home/radhae/ws_aic/src/aic/install/aic_control_interfaces/include/aic_control_interfaces/aic_control_interfaces/msg/detail/motion_update__functions.h
[17.221s] -- Symlinking: /home/radhae/ws_aic/src/aic/install/aic_control_interfaces/include/aic_control_interfaces/aic_control_interfaces/msg/detail/motion_update__struct.h
[17.242s] -- Symlinking: /home/radhae/ws_aic/src/aic/install/aic_control_interfaces/include/aic_control_interfaces/aic_control_interfaces/msg/detail/motion_update__type_support.h
[17.266s] -- Symlinking: /home/radhae/ws_aic/src/aic/install/aic_control_interfaces/include/aic_control_interfaces/aic_control_interfaces/msg/detail/target_mode__functions.h
[17.289s] -- Symlinking: /home/radhae/ws_aic/src/aic/install/aic_control_interfaces/include/aic_control_interfaces/aic_control_interfaces/msg/detail/target_mode__struct.h
[17.308s] -- Symlinking: /home/radhae/ws_aic/src/aic/install/aic_control_interfaces/include/aic_control_interfaces/aic_control_interfaces/msg/detail/target_mode__type_support.h
[17.327s] -- Symlinking: /home/radhae/ws_aic/src/aic/install/aic_control_interfaces/include/aic_control_interfaces/aic_control_interfaces/msg/detail/trajectory_generation_mode__functions.h
[17.349s] -- Symlinking: /home/radhae/ws_aic/src/aic/install/aic_control_interfaces/include/aic_control_interfaces/aic_control_interfaces/msg/detail/trajectory_generation_mode__struct.h
[17.371s] -- Symlinking: /home/radhae/ws_aic/src/aic/install/aic_control_interfaces/include/aic_control_interfaces/aic_control_interfaces/msg/detail/trajectory_generation_mode__type_support.h
[17.395s] -- Symlinking: /home/radhae/ws_aic/src/aic/install/aic_control_interfaces/include/aic_control_interfaces/aic_control_interfaces/msg/joint_motion_update.h
[17.411s] -- Symlinking: /home/radhae/ws_aic/src/aic/install/aic_control_interfaces/include/aic_control_interfaces/aic_control_interfaces/msg/motion_update.h
[17.427s] -- Symlinking: /home/radhae/ws_aic/src/aic/install/aic_control_interfaces/include/aic_control_interfaces/aic_control_interfaces/msg/rosidl_generator_c__visibility_control.h
[17.446s] -- Symlinking: /home/radhae/ws_aic/src/aic/install/aic_control_interfaces/include/aic_control_interfaces/aic_control_interfaces/msg/target_mode.h
[17.464s] -- Symlinking: /home/radhae/ws_aic/src/aic/install/aic_control_interfaces/include/aic_control_interfaces/aic_control_interfaces/msg/trajectory_generation_mode.h
[17.486s] -- Symlinking: /home/radhae/ws_aic/src/aic/install/aic_control_interfaces/include/aic_control_interfaces/aic_control_interfaces/srv/change_target_mode.h
[17.508s] -- Symlinking: /home/radhae/ws_aic/src/aic/install/aic_control_interfaces/include/aic_control_interfaces/aic_control_interfaces/srv/detail/change_target_mode__functions.h
[17.528s] -- Symlinking: /home/radhae/ws_aic/src/aic/install/aic_control_interfaces/include/aic_control_interfaces/aic_control_interfaces/srv/detail/change_target_mode__struct.h
[17.546s] -- Symlinking: /home/radhae/ws_aic/src/aic/install/aic_control_interfaces/include/aic_control_interfaces/aic_control_interfaces/srv/detail/change_target_mode__type_support.h
[17.567s] -- Symlinking: /home/radhae/ws_aic/src/aic/install/aic_control_interfaces/include/aic_control_interfaces/aic_control_interfaces/msg/detail/controller_state__rosidl_typesupport_fastrtps_c.h
[17.584s] -- Symlinking: /home/radhae/ws_aic/src/aic/install/aic_control_interfaces/include/aic_control_interfaces/aic_control_interfaces/msg/detail/joint_motion_update__rosidl_typesupport_fastrtps_c.h
[17.605s] -- Symlinking: /home/radhae/ws_aic/src/aic/install/aic_control_interfaces/include/aic_control_interfaces/aic_control_interfaces/msg/detail/motion_update__rosidl_typesupport_fastrtps_c.h
[17.623s] -- Symlinking: /home/radhae/ws_aic/src/aic/install/aic_control_interfaces/include/aic_control_interfaces/aic_control_interfaces/msg/detail/target_mode__rosidl_typesupport_fastrtps_c.h
[17.638s] -- Symlinking: /home/radhae/ws_aic/src/aic/install/aic_control_interfaces/include/aic_control_interfaces/aic_control_interfaces/msg/detail/trajectory_generation_mode__rosidl_typesupport_fastrtps_c.h
[17.658s] -- Symlinking: /home/radhae/ws_aic/src/aic/install/aic_control_interfaces/include/aic_control_interfaces/aic_control_interfaces/msg/rosidl_typesupport_fastrtps_c__visibility_control.h
[17.674s] -- Symlinking: /home/radhae/ws_aic/src/aic/install/aic_control_interfaces/include/aic_control_interfaces/aic_control_interfaces/srv/detail/change_target_mode__rosidl_typesupport_fastrtps_c.h
[17.691s] -- Symlinking: /home/radhae/ws_aic/src/aic/install/aic_control_interfaces/include/aic_control_interfaces/aic_control_interfaces/msg/controller_state.hpp
[17.712s] -- Symlinking: /home/radhae/ws_aic/src/aic/install/aic_control_interfaces/include/aic_control_interfaces/aic_control_interfaces/msg/detail/controller_state__builder.hpp
[17.731s] -- Symlinking: /home/radhae/ws_aic/src/aic/install/aic_control_interfaces/include/aic_control_interfaces/aic_control_interfaces/msg/detail/controller_state__struct.hpp
[17.749s] -- Symlinking: /home/radhae/ws_aic/src/aic/install/aic_control_interfaces/include/aic_control_interfaces/aic_control_interfaces/msg/detail/controller_state__traits.hpp
[17.767s] -- Symlinking: /home/radhae/ws_aic/src/aic/install/aic_control_interfaces/include/aic_control_interfaces/aic_control_interfaces/msg/detail/controller_state__type_support.hpp
[17.785s] -- Symlinking: /home/radhae/ws_aic/src/aic/install/aic_control_interfaces/include/aic_control_interfaces/aic_control_interfaces/msg/detail/joint_motion_update__builder.hpp
[17.804s] -- Symlinking: /home/radhae/ws_aic/src/aic/install/aic_control_interfaces/include/aic_control_interfaces/aic_control_interfaces/msg/detail/joint_motion_update__struct.hpp
[17.820s] -- Symlinking: /home/radhae/ws_aic/src/aic/install/aic_control_interfaces/include/aic_control_interfaces/aic_control_interfaces/msg/detail/joint_motion_update__traits.hpp
[17.839s] -- Symlinking: /home/radhae/ws_aic/src/aic/install/aic_control_interfaces/include/aic_control_interfaces/aic_control_interfaces/msg/detail/joint_motion_update__type_support.hpp
[17.856s] -- Symlinking: /home/radhae/ws_aic/src/aic/install/aic_control_interfaces/include/aic_control_interfaces/aic_control_interfaces/msg/detail/motion_update__builder.hpp
[17.872s] -- Symlinking: /home/radhae/ws_aic/src/aic/install/aic_control_interfaces/include/aic_control_interfaces/aic_control_interfaces/msg/detail/motion_update__struct.hpp
[17.889s] -- Symlinking: /home/radhae/ws_aic/src/aic/install/aic_control_interfaces/include/aic_control_interfaces/aic_control_interfaces/msg/detail/motion_update__traits.hpp
[17.907s] -- Symlinking: /home/radhae/ws_aic/src/aic/install/aic_control_interfaces/include/aic_control_interfaces/aic_control_interfaces/msg/detail/motion_update__type_support.hpp
[17.925s] -- Symlinking: /home/radhae/ws_aic/src/aic/install/aic_control_interfaces/include/aic_control_interfaces/aic_control_interfaces/msg/detail/target_mode__builder.hpp
[17.943s] -- Symlinking: /home/radhae/ws_aic/src/aic/install/aic_control_interfaces/include/aic_control_interfaces/aic_control_interfaces/msg/detail/target_mode__struct.hpp
[17.962s] -- Symlinking: /home/radhae/ws_aic/src/aic/install/aic_control_interfaces/include/aic_control_interfaces/aic_control_interfaces/msg/detail/target_mode__traits.hpp
[17.980s] -- Symlinking: /home/radhae/ws_aic/src/aic/install/aic_control_interfaces/include/aic_control_interfaces/aic_control_interfaces/msg/detail/target_mode__type_support.hpp
[18.002s] -- Symlinking: /home/radhae/ws_aic/src/aic/install/aic_control_interfaces/include/aic_control_interfaces/aic_control_interfaces/msg/detail/trajectory_generation_mode__builder.hpp
[18.017s] -- Symlinking: /home/radhae/ws_aic/src/aic/install/aic_control_interfaces/include/aic_control_interfaces/aic_control_interfaces/msg/detail/trajectory_generation_mode__struct.hpp
[18.036s] -- Symlinking: /home/radhae/ws_aic/src/aic/install/aic_control_interfaces/include/aic_control_interfaces/aic_control_interfaces/msg/detail/trajectory_generation_mode__traits.hpp
[18.053s] -- Symlinking: /home/radhae/ws_aic/src/aic/install/aic_control_interfaces/include/aic_control_interfaces/aic_control_interfaces/msg/detail/trajectory_generation_mode__type_support.hpp
[18.072s] -- Symlinking: /home/radhae/ws_aic/src/aic/install/aic_control_interfaces/include/aic_control_interfaces/aic_control_interfaces/msg/joint_motion_update.hpp
[18.095s] -- Symlinking: /home/radhae/ws_aic/src/aic/install/aic_control_interfaces/include/aic_control_interfaces/aic_control_interfaces/msg/motion_update.hpp
[18.115s] -- Symlinking: /home/radhae/ws_aic/src/aic/install/aic_control_interfaces/include/aic_control_interfaces/aic_control_interfaces/msg/rosidl_generator_cpp__visibility_control.hpp
[18.133s] -- Symlinking: /home/radhae/ws_aic/src/aic/install/aic_control_interfaces/include/aic_control_interfaces/aic_control_interfaces/msg/target_mode.hpp
[18.148s] -- Symlinking: /home/radhae/ws_aic/src/aic/install/aic_control_interfaces/include/aic_control_interfaces/aic_control_interfaces/msg/trajectory_generation_mode.hpp
[18.167s] -- Symlinking: /home/radhae/ws_aic/src/aic/install/aic_control_interfaces/include/aic_control_interfaces/aic_control_interfaces/srv/change_target_mode.hpp
[18.185s] -- Symlinking: /home/radhae/ws_aic/src/aic/install/aic_control_interfaces/include/aic_control_interfaces/aic_control_interfaces/srv/detail/change_target_mode__builder.hpp
[18.206s] -- Symlinking: /home/radhae/ws_aic/src/aic/install/aic_control_interfaces/include/aic_control_interfaces/aic_control_interfaces/srv/detail/change_target_mode__struct.hpp
[18.224s] -- Symlinking: /home/radhae/ws_aic/src/aic/install/aic_control_interfaces/include/aic_control_interfaces/aic_control_interfaces/srv/detail/change_target_mode__traits.hpp
[18.240s] -- Symlinking: /home/radhae/ws_aic/src/aic/install/aic_control_interfaces/include/aic_control_interfaces/aic_control_interfaces/srv/detail/change_target_mode__type_support.hpp
[18.256s] -- Symlinking: /home/radhae/ws_aic/src/aic/install/aic_control_interfaces/include/aic_control_interfaces/aic_control_interfaces/msg/detail/controller_state__rosidl_typesupport_fastrtps_cpp.hpp
[18.276s] -- Symlinking: /home/radhae/ws_aic/src/aic/install/aic_control_interfaces/include/aic_control_interfaces/aic_control_interfaces/msg/detail/joint_motion_update__rosidl_typesupport_fastrtps_cpp.hpp
[18.294s] -- Symlinking: /home/radhae/ws_aic/src/aic/install/aic_control_interfaces/include/aic_control_interfaces/aic_control_interfaces/msg/detail/motion_update__rosidl_typesupport_fastrtps_cpp.hpp
[18.314s] -- Symlinking: /home/radhae/ws_aic/src/aic/install/aic_control_interfaces/include/aic_control_interfaces/aic_control_interfaces/msg/detail/target_mode__rosidl_typesupport_fastrtps_cpp.hpp
[18.331s] -- Symlinking: /home/radhae/ws_aic/src/aic/install/aic_control_interfaces/include/aic_control_interfaces/aic_control_interfaces/msg/detail/trajectory_generation_mode__rosidl_typesupport_fastrtps_cpp.hpp
[18.350s] -- Symlinking: /home/radhae/ws_aic/src/aic/install/aic_control_interfaces/include/aic_control_interfaces/aic_control_interfaces/msg/rosidl_typesupport_fastrtps_cpp__visibility_control.h
[18.367s] -- Symlinking: /home/radhae/ws_aic/src/aic/install/aic_control_interfaces/include/aic_control_interfaces/aic_control_interfaces/srv/detail/change_target_mode__rosidl_typesupport_fastrtps_cpp.hpp
[18.383s] -- Symlinking: /home/radhae/ws_aic/src/aic/install/aic_control_interfaces/include/aic_control_interfaces/aic_control_interfaces/msg/detail/controller_state__rosidl_typesupport_introspection_c.h
[18.401s] -- Symlinking: /home/radhae/ws_aic/src/aic/install/aic_control_interfaces/include/aic_control_interfaces/aic_control_interfaces/msg/detail/joint_motion_update__rosidl_typesupport_introspection_c.h
[18.422s] -- Symlinking: /home/radhae/ws_aic/src/aic/install/aic_control_interfaces/include/aic_control_interfaces/aic_control_interfaces/msg/detail/motion_update__rosidl_typesupport_introspection_c.h
[18.439s] -- Symlinking: /home/radhae/ws_aic/src/aic/install/aic_control_interfaces/include/aic_control_interfaces/aic_control_interfaces/msg/detail/target_mode__rosidl_typesupport_introspection_c.h
[18.454s] -- Symlinking: /home/radhae/ws_aic/src/aic/install/aic_control_interfaces/include/aic_control_interfaces/aic_control_interfaces/msg/detail/trajectory_generation_mode__rosidl_typesupport_introspection_c.h
[18.468s] -- Symlinking: /home/radhae/ws_aic/src/aic/install/aic_control_interfaces/include/aic_control_interfaces/aic_control_interfaces/msg/rosidl_typesupport_introspection_c__visibility_control.h
[18.484s] -- Symlinking: /home/radhae/ws_aic/src/aic/install/aic_control_interfaces/include/aic_control_interfaces/aic_control_interfaces/srv/detail/change_target_mode__rosidl_typesupport_introspection_c.h
[18.504s] -- Symlinking: /home/radhae/ws_aic/src/aic/install/aic_control_interfaces/include/aic_control_interfaces/aic_control_interfaces/msg/detail/controller_state__rosidl_typesupport_introspection_cpp.hpp
[18.520s] -- Symlinking: /home/radhae/ws_aic/src/aic/install/aic_control_interfaces/include/aic_control_interfaces/aic_control_interfaces/msg/detail/joint_motion_update__rosidl_typesupport_introspection_cpp.hpp
[18.537s] -- Symlinking: /home/radhae/ws_aic/src/aic/install/aic_control_interfaces/include/aic_control_interfaces/aic_control_interfaces/msg/detail/motion_update__rosidl_typesupport_introspection_cpp.hpp
[18.556s] -- Symlinking: /home/radhae/ws_aic/src/aic/install/aic_control_interfaces/include/aic_control_interfaces/aic_control_interfaces/msg/detail/target_mode__rosidl_typesupport_introspection_cpp.hpp
[18.574s] -- Symlinking: /home/radhae/ws_aic/src/aic/install/aic_control_interfaces/include/aic_control_interfaces/aic_control_interfaces/msg/detail/trajectory_generation_mode__rosidl_typesupport_introspection_cpp.hpp
[18.590s] -- Symlinking: /home/radhae/ws_aic/src/aic/install/aic_control_interfaces/include/aic_control_interfaces/aic_control_interfaces/srv/detail/change_target_mode__rosidl_typesupport_introspection_cpp.hpp
[18.607s] -- Symlinking: /home/radhae/ws_aic/src/aic/install/aic_control_interfaces/share/aic_control_interfaces/environment/pythonpath.sh
[18.627s] -- Symlinking: /home/radhae/ws_aic/src/aic/install/aic_control_interfaces/share/aic_control_interfaces/environment/pythonpath.dsv
[18.644s] -- Symlinking: /home/radhae/ws_aic/src/aic/install/aic_control_interfaces/lib/python3.12/site-packages/aic_control_interfaces-0.0.1-py3.12.egg-info/PKG-INFO
[18.659s] -- Symlinking: /home/radhae/ws_aic/src/aic/install/aic_control_interfaces/lib/python3.12/site-packages/aic_control_interfaces-0.0.1-py3.12.egg-info/SOURCES.txt
[18.675s] -- Symlinking: /home/radhae/ws_aic/src/aic/install/aic_control_interfaces/lib/python3.12/site-packages/aic_control_interfaces-0.0.1-py3.12.egg-info/dependency_links.txt
[18.694s] -- Symlinking: /home/radhae/ws_aic/src/aic/install/aic_control_interfaces/lib/python3.12/site-packages/aic_control_interfaces-0.0.1-py3.12.egg-info/top_level.txt
[18.714s] -- Symlinking: /home/radhae/ws_aic/src/aic/install/aic_control_interfaces/lib/python3.12/site-packages/aic_control_interfaces/__init__.py
[18.731s] -- Symlinking: /home/radhae/ws_aic/src/aic/install/aic_control_interfaces/lib/python3.12/site-packages/aic_control_interfaces/_aic_control_interfaces_s.ep.rosidl_typesupport_c.c
[18.750s] -- Symlinking: /home/radhae/ws_aic/src/aic/install/aic_control_interfaces/lib/python3.12/site-packages/aic_control_interfaces/_aic_control_interfaces_s.ep.rosidl_typesupport_fastrtps_c.c
[18.767s] -- Symlinking: /home/radhae/ws_aic/src/aic/install/aic_control_interfaces/lib/python3.12/site-packages/aic_control_interfaces/_aic_control_interfaces_s.ep.rosidl_typesupport_introspection_c.c
[18.787s] -- Symlinking: /home/radhae/ws_aic/src/aic/install/aic_control_interfaces/lib/python3.12/site-packages/aic_control_interfaces/aic_control_interfaces_s__rosidl_typesupport_c.so
[18.806s] -- Symlinking: /home/radhae/ws_aic/src/aic/install/aic_control_interfaces/lib/python3.12/site-packages/aic_control_interfaces/aic_control_interfaces_s__rosidl_typesupport_fastrtps_c.so
[18.821s] -- Symlinking: /home/radhae/ws_aic/src/aic/install/aic_control_interfaces/lib/python3.12/site-packages/aic_control_interfaces/aic_control_interfaces_s__rosidl_typesupport_introspection_c.so
[18.836s] -- Symlinking: /home/radhae/ws_aic/src/aic/install/aic_control_interfaces/lib/python3.12/site-packages/aic_control_interfaces/msg/__init__.py
[18.852s] -- Symlinking: /home/radhae/ws_aic/src/aic/install/aic_control_interfaces/lib/python3.12/site-packages/aic_control_interfaces/msg/_controller_state.py
[18.872s] -- Symlinking: /home/radhae/ws_aic/src/aic/install/aic_control_interfaces/lib/python3.12/site-packages/aic_control_interfaces/msg/_controller_state_s.c
[18.889s] -- Symlinking: /home/radhae/ws_aic/src/aic/install/aic_control_interfaces/lib/python3.12/site-packages/aic_control_interfaces/msg/_joint_motion_update.py
[18.909s] -- Symlinking: /home/radhae/ws_aic/src/aic/install/aic_control_interfaces/lib/python3.12/site-packages/aic_control_interfaces/msg/_joint_motion_update_s.c
[18.926s] -- Symlinking: /home/radhae/ws_aic/src/aic/install/aic_control_interfaces/lib/python3.12/site-packages/aic_control_interfaces/msg/_motion_update.py
[18.944s] -- Symlinking: /home/radhae/ws_aic/src/aic/install/aic_control_interfaces/lib/python3.12/site-packages/aic_control_interfaces/msg/_motion_update_s.c
[18.961s] -- Symlinking: /home/radhae/ws_aic/src/aic/install/aic_control_interfaces/lib/python3.12/site-packages/aic_control_interfaces/msg/_target_mode.py
[18.980s] -- Symlinking: /home/radhae/ws_aic/src/aic/install/aic_control_interfaces/lib/python3.12/site-packages/aic_control_interfaces/msg/_target_mode_s.c
[19.001s] -- Symlinking: /home/radhae/ws_aic/src/aic/install/aic_control_interfaces/lib/python3.12/site-packages/aic_control_interfaces/msg/_trajectory_generation_mode.py
[19.020s] -- Symlinking: /home/radhae/ws_aic/src/aic/install/aic_control_interfaces/lib/python3.12/site-packages/aic_control_interfaces/msg/_trajectory_generation_mode_s.c
[19.036s] -- Symlinking: /home/radhae/ws_aic/src/aic/install/aic_control_interfaces/lib/python3.12/site-packages/aic_control_interfaces/srv/__init__.py
[19.053s] -- Symlinking: /home/radhae/ws_aic/src/aic/install/aic_control_interfaces/lib/python3.12/site-packages/aic_control_interfaces/srv/_change_target_mode.py
[19.072s] -- Symlinking: /home/radhae/ws_aic/src/aic/install/aic_control_interfaces/lib/python3.12/site-packages/aic_control_interfaces/srv/_change_target_mode_s.c
[19.089s] -- Up-to-date symlink: /home/radhae/ws_aic/src/aic/install/aic_control_interfaces/lib/python3.12/site-packages/aic_control_interfaces/aic_control_interfaces_s__rosidl_typesupport_fastrtps_c.so
[19.090s] -- Up-to-date symlink: /home/radhae/ws_aic/src/aic/install/aic_control_interfaces/lib/python3.12/site-packages/aic_control_interfaces/aic_control_interfaces_s__rosidl_typesupport_introspection_c.so
[19.090s] -- Up-to-date symlink: /home/radhae/ws_aic/src/aic/install/aic_control_interfaces/lib/python3.12/site-packages/aic_control_interfaces/aic_control_interfaces_s__rosidl_typesupport_c.so
[19.090s] -- Symlinking: /home/radhae/ws_aic/src/aic/install/aic_control_interfaces/share/ament_index/resource_index/rust_packages/aic_control_interfaces
[19.109s] -- Symlinking: /home/radhae/ws_aic/src/aic/install/aic_control_interfaces/share/aic_control_interfaces/rust/Cargo.toml
[19.126s] -- Symlinking: /home/radhae/ws_aic/src/aic/install/aic_control_interfaces/share/aic_control_interfaces/rust/build.rs
[19.143s] -- Symlinking: /home/radhae/ws_aic/src/aic/install/aic_control_interfaces/share/aic_control_interfaces/rust/src/lib.rs
[19.162s] -- Symlinking: /home/radhae/ws_aic/src/aic/install/aic_control_interfaces/share/aic_control_interfaces/rust/src/msg.rs
[19.180s] -- Symlinking: /home/radhae/ws_aic/src/aic/install/aic_control_interfaces/share/aic_control_interfaces/rust/src/msg/rmw.rs
[19.198s] -- Symlinking: /home/radhae/ws_aic/src/aic/install/aic_control_interfaces/share/aic_control_interfaces/rust/src/srv.rs
[19.222s] -- Symlinking: /home/radhae/ws_aic/src/aic/install/aic_control_interfaces/share/aic_control_interfaces/rust/src/srv/rmw.rs
[19.239s] -- Symlinking: /home/radhae/ws_aic/src/aic/install/aic_control_interfaces/share/aic_control_interfaces/msg/ControllerState.idl
[19.256s] -- Symlinking: /home/radhae/ws_aic/src/aic/install/aic_control_interfaces/share/aic_control_interfaces/msg/JointMotionUpdate.idl
[19.273s] -- Symlinking: /home/radhae/ws_aic/src/aic/install/aic_control_interfaces/share/aic_control_interfaces/msg/MotionUpdate.idl
[19.292s] -- Symlinking: /home/radhae/ws_aic/src/aic/install/aic_control_interfaces/share/aic_control_interfaces/msg/TargetMode.idl
[19.310s] -- Symlinking: /home/radhae/ws_aic/src/aic/install/aic_control_interfaces/share/aic_control_interfaces/msg/TrajectoryGenerationMode.idl
[19.332s] -- Symlinking: /home/radhae/ws_aic/src/aic/install/aic_control_interfaces/share/aic_control_interfaces/srv/ChangeTargetMode.idl
[19.351s] -- Symlinking: /home/radhae/ws_aic/src/aic/install/aic_control_interfaces/share/aic_control_interfaces/msg/ControllerState.msg
[19.368s] -- Symlinking: /home/radhae/ws_aic/src/aic/install/aic_control_interfaces/share/aic_control_interfaces/msg/JointMotionUpdate.msg
[19.388s] -- Symlinking: /home/radhae/ws_aic/src/aic/install/aic_control_interfaces/share/aic_control_interfaces/msg/MotionUpdate.msg
[19.409s] -- Symlinking: /home/radhae/ws_aic/src/aic/install/aic_control_interfaces/share/aic_control_interfaces/msg/TargetMode.msg
[19.427s] -- Symlinking: /home/radhae/ws_aic/src/aic/install/aic_control_interfaces/share/aic_control_interfaces/msg/TrajectoryGenerationMode.msg
[19.443s] -- Symlinking: /home/radhae/ws_aic/src/aic/install/aic_control_interfaces/share/aic_control_interfaces/srv/ChangeTargetMode.srv
[19.464s] -- Symlinking: /home/radhae/ws_aic/src/aic/install/aic_control_interfaces/share/ament_index/resource_index/package_run_dependencies/aic_control_interfaces
[19.481s] -- Symlinking: /home/radhae/ws_aic/src/aic/install/aic_control_interfaces/share/ament_index/resource_index/parent_prefix_path/aic_control_interfaces
[19.500s] -- Symlinking: /home/radhae/ws_aic/src/aic/install/aic_control_interfaces/share/aic_control_interfaces/environment/ament_prefix_path.sh
[19.518s] -- Symlinking: /home/radhae/ws_aic/src/aic/install/aic_control_interfaces/share/aic_control_interfaces/environment/ament_prefix_path.dsv
[19.537s] -- Symlinking: /home/radhae/ws_aic/src/aic/install/aic_control_interfaces/share/aic_control_interfaces/environment/path.sh
[19.558s] -- Symlinking: /home/radhae/ws_aic/src/aic/install/aic_control_interfaces/share/aic_control_interfaces/environment/path.dsv
[19.575s] -- Symlinking: /home/radhae/ws_aic/src/aic/install/aic_control_interfaces/share/aic_control_interfaces/local_setup.bash
[19.597s] -- Symlinking: /home/radhae/ws_aic/src/aic/install/aic_control_interfaces/share/aic_control_interfaces/local_setup.sh
[19.615s] -- Symlinking: /home/radhae/ws_aic/src/aic/install/aic_control_interfaces/share/aic_control_interfaces/local_setup.zsh
[19.634s] -- Symlinking: /home/radhae/ws_aic/src/aic/install/aic_control_interfaces/share/aic_control_interfaces/local_setup.dsv
[19.653s] -- Symlinking: /home/radhae/ws_aic/src/aic/install/aic_control_interfaces/share/aic_control_interfaces/package.dsv
[19.672s] -- Symlinking: /home/radhae/ws_aic/src/aic/install/aic_control_interfaces/share/ament_index/resource_index/packages/aic_control_interfaces
[19.688s] -- Symlinking: /home/radhae/ws_aic/src/aic/install/aic_control_interfaces/share/aic_control_interfaces/cmake/rosidl_cmake-extras.cmake
[19.708s] -- Symlinking: /home/radhae/ws_aic/src/aic/install/aic_control_interfaces/share/aic_control_interfaces/cmake/ament_cmake_export_dependencies-extras.cmake
[19.725s] -- Symlinking: /home/radhae/ws_aic/src/aic/install/aic_control_interfaces/share/aic_control_interfaces/cmake/ament_cmake_export_include_directories-extras.cmake
[19.745s] -- Symlinking: /home/radhae/ws_aic/src/aic/install/aic_control_interfaces/share/aic_control_interfaces/cmake/ament_cmake_export_libraries-extras.cmake
[19.763s] -- Symlinking: /home/radhae/ws_aic/src/aic/install/aic_control_interfaces/share/aic_control_interfaces/cmake/ament_cmake_export_targets-extras.cmake
[19.783s] -- Symlinking: /home/radhae/ws_aic/src/aic/install/aic_control_interfaces/share/aic_control_interfaces/cmake/rosidl_cmake_export_typesupport_targets-extras.cmake
[19.805s] -- Symlinking: /home/radhae/ws_aic/src/aic/install/aic_control_interfaces/share/aic_control_interfaces/cmake/rosidl_cmake_export_typesupport_libraries-extras.cmake
[19.826s] -- Symlinking: /home/radhae/ws_aic/src/aic/install/aic_control_interfaces/share/aic_control_interfaces/cmake/aic_control_interfacesConfig.cmake
[19.845s] -- Symlinking: /home/radhae/ws_aic/src/aic/install/aic_control_interfaces/share/aic_control_interfaces/cmake/aic_control_interfacesConfig-version.cmake
[19.862s] -- Symlinking: /home/radhae/ws_aic/src/aic/install/aic_control_interfaces/share/aic_control_interfaces/package.xml
[19.884s] -- Installing: /home/radhae/ws_aic/src/aic/install/aic_control_interfaces/lib/libaic_control_interfaces__rosidl_generator_c.so
[19.884s] -- Set non-toolchain portion of runtime path of "/home/radhae/ws_aic/src/aic/install/aic_control_interfaces/lib/libaic_control_interfaces__rosidl_generator_c.so" to ""
[19.885s] -- Installing: /home/radhae/ws_aic/src/aic/install/aic_control_interfaces/lib/libaic_control_interfaces__rosidl_typesupport_fastrtps_c.so
[19.885s] -- Set non-toolchain portion of runtime path of "/home/radhae/ws_aic/src/aic/install/aic_control_interfaces/lib/libaic_control_interfaces__rosidl_typesupport_fastrtps_c.so" to ""
[19.885s] -- Installing: /home/radhae/ws_aic/src/aic/install/aic_control_interfaces/lib/libaic_control_interfaces__rosidl_typesupport_fastrtps_cpp.so
[19.885s] -- Set non-toolchain portion of runtime path of "/home/radhae/ws_aic/src/aic/install/aic_control_interfaces/lib/libaic_control_interfaces__rosidl_typesupport_fastrtps_cpp.so" to ""
[19.885s] -- Installing: /home/radhae/ws_aic/src/aic/install/aic_control_interfaces/lib/libaic_control_interfaces__rosidl_typesupport_introspection_c.so
[19.886s] -- Set non-toolchain portion of runtime path of "/home/radhae/ws_aic/src/aic/install/aic_control_interfaces/lib/libaic_control_interfaces__rosidl_typesupport_introspection_c.so" to ""
[19.886s] -- Installing: /home/radhae/ws_aic/src/aic/install/aic_control_interfaces/lib/libaic_control_interfaces__rosidl_typesupport_c.so
[19.886s] -- Set non-toolchain portion of runtime path of "/home/radhae/ws_aic/src/aic/install/aic_control_interfaces/lib/libaic_control_interfaces__rosidl_typesupport_c.so" to ""
[19.886s] -- Installing: /home/radhae/ws_aic/src/aic/install/aic_control_interfaces/lib/libaic_control_interfaces__rosidl_typesupport_introspection_cpp.so
[19.887s] -- Set non-toolchain portion of runtime path of "/home/radhae/ws_aic/src/aic/install/aic_control_interfaces/lib/libaic_control_interfaces__rosidl_typesupport_introspection_cpp.so" to ""
[19.887s] -- Installing: /home/radhae/ws_aic/src/aic/install/aic_control_interfaces/lib/libaic_control_interfaces__rosidl_typesupport_cpp.so
[19.887s] -- Set non-toolchain portion of runtime path of "/home/radhae/ws_aic/src/aic/install/aic_control_interfaces/lib/libaic_control_interfaces__rosidl_typesupport_cpp.so" to ""
[19.936s] Listing '/home/radhae/ws_aic/src/aic/install/aic_control_interfaces/lib/python3.12/site-packages/aic_control_interfaces'...
[19.936s] Compiling '/home/radhae/ws_aic/src/aic/install/aic_control_interfaces/lib/python3.12/site-packages/aic_control_interfaces/__init__.py'...
[19.936s] Listing '/home/radhae/ws_aic/src/aic/install/aic_control_interfaces/lib/python3.12/site-packages/aic_control_interfaces/msg'...
[19.936s] Compiling '/home/radhae/ws_aic/src/aic/install/aic_control_interfaces/lib/python3.12/site-packages/aic_control_interfaces/msg/__init__.py'...
[19.936s] Compiling '/home/radhae/ws_aic/src/aic/install/aic_control_interfaces/lib/python3.12/site-packages/aic_control_interfaces/msg/_controller_state.py'...
[19.936s] Compiling '/home/radhae/ws_aic/src/aic/install/aic_control_interfaces/lib/python3.12/site-packages/aic_control_interfaces/msg/_joint_motion_update.py'...
[19.936s] Compiling '/home/radhae/ws_aic/src/aic/install/aic_control_interfaces/lib/python3.12/site-packages/aic_control_interfaces/msg/_motion_update.py'...
[19.936s] Compiling '/home/radhae/ws_aic/src/aic/install/aic_control_interfaces/lib/python3.12/site-packages/aic_control_interfaces/msg/_target_mode.py'...
[19.936s] Compiling '/home/radhae/ws_aic/src/aic/install/aic_control_interfaces/lib/python3.12/site-packages/aic_control_interfaces/msg/_trajectory_generation_mode.py'...
[19.937s] Listing '/home/radhae/ws_aic/src/aic/install/aic_control_interfaces/lib/python3.12/site-packages/aic_control_interfaces/srv'...
[19.937s] Compiling '/home/radhae/ws_aic/src/aic/install/aic_control_interfaces/lib/python3.12/site-packages/aic_control_interfaces/srv/__init__.py'...
[19.937s] Compiling '/home/radhae/ws_aic/src/aic/install/aic_control_interfaces/lib/python3.12/site-packages/aic_control_interfaces/srv/_change_target_mode.py'...
[19.942s] -- Installing: /home/radhae/ws_aic/src/aic/install/aic_control_interfaces/lib/libaic_control_interfaces__rosidl_generator_py.so
[19.942s] -- Set non-toolchain portion of runtime path of "/home/radhae/ws_aic/src/aic/install/aic_control_interfaces/lib/libaic_control_interfaces__rosidl_generator_py.so" to ""
[19.942s] -- Installing: /home/radhae/ws_aic/src/aic/install/aic_control_interfaces/share/aic_control_interfaces/cmake/export_aic_control_interfaces__rosidl_generator_cExport.cmake
[19.943s] -- Installing: /home/radhae/ws_aic/src/aic/install/aic_control_interfaces/share/aic_control_interfaces/cmake/export_aic_control_interfaces__rosidl_generator_cExport-noconfig.cmake
[19.943s] -- Installing: /home/radhae/ws_aic/src/aic/install/aic_control_interfaces/share/aic_control_interfaces/cmake/export_aic_control_interfaces__rosidl_typesupport_fastrtps_cExport.cmake
[19.943s] -- Installing: /home/radhae/ws_aic/src/aic/install/aic_control_interfaces/share/aic_control_interfaces/cmake/export_aic_control_interfaces__rosidl_typesupport_fastrtps_cExport-noconfig.cmake
[19.943s] -- Installing: /home/radhae/ws_aic/src/aic/install/aic_control_interfaces/share/aic_control_interfaces/cmake/export_aic_control_interfaces__rosidl_generator_cppExport.cmake
[19.943s] -- Installing: /home/radhae/ws_aic/src/aic/install/aic_control_interfaces/share/aic_control_interfaces/cmake/export_aic_control_interfaces__rosidl_typesupport_fastrtps_cppExport.cmake
[19.943s] -- Installing: /home/radhae/ws_aic/src/aic/install/aic_control_interfaces/share/aic_control_interfaces/cmake/export_aic_control_interfaces__rosidl_typesupport_fastrtps_cppExport-noconfig.cmake
[19.943s] -- Installing: /home/radhae/ws_aic/src/aic/install/aic_control_interfaces/share/aic_control_interfaces/cmake/aic_control_interfaces__rosidl_typesupport_introspection_cExport.cmake
[19.943s] -- Installing: /home/radhae/ws_aic/src/aic/install/aic_control_interfaces/share/aic_control_interfaces/cmake/aic_control_interfaces__rosidl_typesupport_introspection_cExport-noconfig.cmake
[19.944s] -- Installing: /home/radhae/ws_aic/src/aic/install/aic_control_interfaces/share/aic_control_interfaces/cmake/aic_control_interfaces__rosidl_typesupport_cExport.cmake
[19.944s] -- Installing: /home/radhae/ws_aic/src/aic/install/aic_control_interfaces/share/aic_control_interfaces/cmake/aic_control_interfaces__rosidl_typesupport_cExport-noconfig.cmake
[19.944s] -- Installing: /home/radhae/ws_aic/src/aic/install/aic_control_interfaces/share/aic_control_interfaces/cmake/aic_control_interfaces__rosidl_typesupport_introspection_cppExport.cmake
[19.944s] -- Installing: /home/radhae/ws_aic/src/aic/install/aic_control_interfaces/share/aic_control_interfaces/cmake/aic_control_interfaces__rosidl_typesupport_introspection_cppExport-noconfig.cmake
[19.944s] -- Installing: /home/radhae/ws_aic/src/aic/install/aic_control_interfaces/share/aic_control_interfaces/cmake/aic_control_interfaces__rosidl_typesupport_cppExport.cmake
[19.944s] -- Installing: /home/radhae/ws_aic/src/aic/install/aic_control_interfaces/share/aic_control_interfaces/cmake/aic_control_interfaces__rosidl_typesupport_cppExport-noconfig.cmake
[19.944s] -- Installing: /home/radhae/ws_aic/src/aic/install/aic_control_interfaces/share/aic_control_interfaces/cmake/export_aic_control_interfaces__rosidl_generator_pyExport.cmake
[19.944s] -- Installing: /home/radhae/ws_aic/src/aic/install/aic_control_interfaces/share/aic_control_interfaces/cmake/export_aic_control_interfaces__rosidl_generator_pyExport-noconfig.cmake
