[0mCMake Deprecation Warning at CMakeLists.txt:1 (cmake_minimum_required):
  Compatibility with CMake < 3.10 will be removed from a future version of
  CMake.

  Update the VERSION argument <min> value.  Or, use the <min>...<max> syntax
  to tell CMake that the project requires at least <min> but has been updated
  to work with policies introduced by <max> or earlier.

[0m
-- Found ament_cmake: 2.7.5 (/opt/ros/kilted/share/ament_cmake/cmake)
-- Override CMake install command with custom implementation using symlinks instead of copying resources
-- Found builtin_interfaces: 2.3.1 (/opt/ros/kilted/share/builtin_interfaces/cmake)
-- Found rosidl_generator_c: 4.9.6 (/opt/ros/kilted/share/rosidl_generator_c/cmake)
-- Found rosidl_generator_cpp: 4.9.6 (/opt/ros/kilted/share/rosidl_generator_cpp/cmake)
-- Using all available rosidl_typesupport_c: rosidl_typesupport_fastrtps_c;rosidl_typesupport_introspection_c
-- Using all available rosidl_typesupport_cpp: rosidl_typesupport_fastrtps_cpp;rosidl_typesupport_introspection_cpp
-- Found rosidl_default_generators: 1.7.2 (/opt/ros/kilted/share/rosidl_default_generators/cmake)
-- Found rosidl_adapter: 4.9.6 (/opt/ros/kilted/share/rosidl_adapter/cmake)
-- Found ament_cmake_cppcheck: 0.19.2 (/opt/ros/kilted/share/ament_cmake_cppcheck/cmake)
-- Found ament_cmake_cpplint: 0.19.2 (/opt/ros/kilted/share/ament_cmake_cpplint/cmake)
-- Found ament_cmake_uncrustify: 0.19.2 (/opt/ros/kilted/share/ament_cmake_uncrustify/cmake)
-- Found ament_cmake_ros_core: 0.14.7 (/opt/ros/kilted/share/ament_cmake_ros_core/cmake)
-- Using all available rosidl_typesupport_c: rosidl_typesupport_fastrtps_c;rosidl_typesupport_introspection_c
-- Using all available rosidl_typesupport_cpp: rosidl_typesupport_fastrtps_cpp;rosidl_typesupport_introspection_cpp
-- Found Python3: /home/radhae/ws_aic/src/aic/.pixi/envs/default/bin/python3 (found version "3.12.13") found components: Interpreter Development NumPy Development.Module Development.Embed
-- Found ament_cmake_flake8: 0.19.2 (/opt/ros/kilted/share/ament_cmake_flake8/cmake)
-- Found ament_cmake_pep257: 0.19.2 (/opt/ros/kilted/share/ament_cmake_pep257/cmake)
-- Found Python3: /home/radhae/ws_aic/src/aic/.pixi/envs/default/bin/python3 (found version "3.12.13") found components: Interpreter
-- Configuring done (1.5s)
-- Generating done (0.1s)
-- Build files have been written to: /home/radhae/ws_aic/build/aic_task_interfaces
