-- Install configuration: ""
-- Execute custom install script
-- Up-to-date symlink: /home/radhae/ws_aic/src/aic/install/aic_description/share/aic_description/urdf/cable.sdf.xacro
-- Up-to-date symlink: /home/radhae/ws_aic/src/aic/install/aic_description/share/aic_description/urdf/task_board.urdf.xacro
-- Up-to-date symlink: /home/radhae/ws_aic/src/aic/install/aic_description/share/aic_description/urdf/ur_gz.urdf.xacro
-- Up-to-date symlink: /home/radhae/ws_aic/src/aic/install/aic_description/share/aic_description/world/aic.sdf
-- Up-to-date symlink: /home/radhae/ws_aic/src/aic/install/aic_description/share/ament_index/resource_index/package_run_dependencies/aic_description
-- Up-to-date symlink: /home/radhae/ws_aic/src/aic/install/aic_description/share/ament_index/resource_index/parent_prefix_path/aic_description
-- Up-to-date symlink: /home/radhae/ws_aic/src/aic/install/aic_description/share/aic_description/environment/ament_prefix_path.sh
-- Up-to-date symlink: /home/radhae/ws_aic/src/aic/install/aic_description/share/aic_description/environment/ament_prefix_path.dsv
-- Up-to-date symlink: /home/radhae/ws_aic/src/aic/install/aic_description/share/aic_description/environment/path.sh
-- Up-to-date symlink: /home/radhae/ws_aic/src/aic/install/aic_description/share/aic_description/environment/path.dsv
-- Up-to-date symlink: /home/radhae/ws_aic/src/aic/install/aic_description/share/aic_description/local_setup.bash
-- Up-to-date symlink: /home/radhae/ws_aic/src/aic/install/aic_description/share/aic_description/local_setup.sh
-- Up-to-date symlink: /home/radhae/ws_aic/src/aic/install/aic_description/share/aic_description/local_setup.zsh
-- Up-to-date symlink: /home/radhae/ws_aic/src/aic/install/aic_description/share/aic_description/local_setup.dsv
-- Symlinking: /home/radhae/ws_aic/src/aic/install/aic_description/share/aic_description/package.dsv
-- Up-to-date symlink: /home/radhae/ws_aic/src/aic/install/aic_description/share/ament_index/resource_index/packages/aic_description
-- Up-to-date symlink: /home/radhae/ws_aic/src/aic/install/aic_description/share/aic_description/cmake/aic_descriptionConfig.cmake
-- Up-to-date symlink: /home/radhae/ws_aic/src/aic/install/aic_description/share/aic_description/cmake/aic_descriptionConfig-version.cmake
-- Up-to-date symlink: /home/radhae/ws_aic/src/aic/install/aic_description/share/aic_description/package.xml
