-- The C compiler identification is GNU 15.2.0
-- The CXX compiler identification is GNU 15.2.0
-- Detecting C compiler ABI info
-- Detecting C compiler ABI info - done
-- Check for working C compiler: /home/radhae/ws_aic/src/aic/.pixi/envs/default/bin/cc - skipped
-- Detecting C compile features
-- Detecting C compile features - done
-- Detecting CXX compiler ABI info
-- Detecting CXX compiler ABI info - done
-- Check for working CXX compiler: /home/radhae/ws_aic/src/aic/.pixi/envs/default/bin/c++ - skipped
-- Detecting CXX compile features
-- Detecting CXX compile features - done
-- Found ament_cmake: 2.7.5 (/opt/ros/kilted/share/ament_cmake/cmake)
-- Found Python3: /home/radhae/ws_aic/src/aic/.pixi/envs/default/bin/python3 (found version "3.12.13") found components: Interpreter
-- Found ament_cmake_ros: 0.14.7 (/opt/ros/kilted/share/ament_cmake_ros/cmake)
-- Found aic_control_interfaces: 0.0.1 (/home/radhae/ws_aic/install/aic_control_interfaces/share/aic_control_interfaces/cmake)
-- Found rosidl_generator_c: 4.9.6 (/opt/ros/kilted/share/rosidl_generator_c/cmake)
-- Found rosidl_generator_cpp: 4.9.6 (/opt/ros/kilted/share/rosidl_generator_cpp/cmake)
-- Using all available rosidl_typesupport_c: rosidl_typesupport_fastrtps_c;rosidl_typesupport_introspection_c
-- Using all available rosidl_typesupport_cpp: rosidl_typesupport_fastrtps_cpp;rosidl_typesupport_introspection_cpp
-- Found control_msgs: 6.9.0 (/opt/ros/kilted/share/control_msgs/cmake)
-- Found controller_interface: 5.14.2 (/opt/ros/kilted/share/controller_interface/cmake)
-- Found TinyXML2 via Config file: /home/radhae/ws_aic/src/aic/.pixi/envs/default/lib/cmake/tinyxml2
-- Found rmw_implementation_cmake: 7.8.2 (/opt/ros/kilted/share/rmw_implementation_cmake/cmake)
-- Found rmw_zenoh_cpp: 0.6.6 (/opt/ros/kilted/share/rmw_zenoh_cpp/cmake)
-- Using RMW implementation 'rmw_zenoh_cpp' as default
-- Found generate_parameter_library: 0.7.0 (/opt/ros/kilted/share/generate_parameter_library/cmake)
-- Found parameter_traits: 0.7.0 (/opt/ros/kilted/share/parameter_traits/cmake)
-- Found kdl_parser: 2.12.1 (/opt/ros/kilted/share/kdl_parser/cmake)
-- Found eigen3_cmake_module: 0.4.0 (/opt/ros/kilted/share/eigen3_cmake_module/cmake)
-- Found Eigen3: TRUE (found version "5.0.1")
-- Ensuring Eigen3 include directory is part of orocos-kdl CMake target
-- Found kinematics_interface: 2.4.2 (/opt/ros/kilted/share/kinematics_interface/cmake)
-- Found std_srvs: 5.5.2 (/opt/ros/kilted/share/std_srvs/cmake)
-- Found tf2_eigen: 0.41.6 (/opt/ros/kilted/share/tf2_eigen/cmake)
-- Found Eigen3: TRUE (found suitable version "3.4.0", minimum required is "3.4.0")
-- Configuring incomplete, errors occurred!
