-- Install configuration: ""
-- Up-to-date: /home/radhae/ws_aic/install/aic_assets/share/aic_assets/environment/aic_assets.dsv
-- Up-to-date: /home/radhae/ws_aic/install/aic_assets/share/aic_assets/models
-- Up-to-date: /home/radhae/ws_aic/install/aic_assets/share/aic_assets/models/Robotiq Hand-E
-- Up-to-date: /home/radhae/ws_aic/install/aic_assets/share/aic_assets/models/Robotiq Hand-E/hande_base_visual.glb
-- Up-to-date: /home/radhae/ws_aic/install/aic_assets/share/aic_assets/models/Robotiq Hand-E/hande_finger_visual.glb
-- Up-to-date: /home/radhae/ws_aic/install/aic_assets/share/aic_assets/models/Robotiq Hand-E/robotiq_hande_macro.xacro
-- Up-to-date: /home/radhae/ws_aic/install/aic_assets/share/aic_assets/models/Robotiq Hand-E/robotiq_hande.ros2_control.xacro
-- Up-to-date: /home/radhae/ws_aic/install/aic_assets/share/aic_assets/models/Robotiq Hand-E/model.config
-- Up-to-date: /home/radhae/ws_aic/install/aic_assets/share/aic_assets/models/Robotiq Hand-E/model.sdf
-- Up-to-date: /home/radhae/ws_aic/install/aic_assets/share/aic_assets/models/sfp_sc_cable
-- Up-to-date: /home/radhae/ws_aic/install/aic_assets/share/aic_assets/models/sfp_sc_cable/model.config
-- Up-to-date: /home/radhae/ws_aic/install/aic_assets/share/aic_assets/models/sfp_sc_cable/model.sdf
-- Up-to-date: /home/radhae/ws_aic/install/aic_assets/share/aic_assets/models/Basler Camera
-- Up-to-date: /home/radhae/ws_aic/install/aic_assets/share/aic_assets/models/Basler Camera/basler_cam_visual.glb
-- Up-to-date: /home/radhae/ws_aic/install/aic_assets/share/aic_assets/models/Basler Camera/basler_camera_macro.xacro
-- Up-to-date: /home/radhae/ws_aic/install/aic_assets/share/aic_assets/models/Basler Camera/model.config
-- Up-to-date: /home/radhae/ws_aic/install/aic_assets/share/aic_assets/models/Basler Camera/model.sdf
-- Up-to-date: /home/radhae/ws_aic/install/aic_assets/share/aic_assets/models/NIC Card
-- Up-to-date: /home/radhae/ws_aic/install/aic_assets/share/aic_assets/models/NIC Card/nic_card_visual.glb
-- Up-to-date: /home/radhae/ws_aic/install/aic_assets/share/aic_assets/models/NIC Card/model.config
-- Up-to-date: /home/radhae/ws_aic/install/aic_assets/share/aic_assets/models/NIC Card/model.sdf
-- Up-to-date: /home/radhae/ws_aic/install/aic_assets/share/aic_assets/models/cable_base_c_rotated
-- Up-to-date: /home/radhae/ws_aic/install/aic_assets/share/aic_assets/models/cable_base_c_rotated/model.config
-- Up-to-date: /home/radhae/ws_aic/install/aic_assets/share/aic_assets/models/cable_base_c_rotated/model.sdf
-- Up-to-date: /home/radhae/ws_aic/install/aic_assets/share/aic_assets/models/cable_base_c_rotated_reversed
-- Up-to-date: /home/radhae/ws_aic/install/aic_assets/share/aic_assets/models/cable_base_c_rotated_reversed/model.config
-- Up-to-date: /home/radhae/ws_aic/install/aic_assets/share/aic_assets/models/cable_base_c_rotated_reversed/model.sdf
-- Up-to-date: /home/radhae/ws_aic/install/aic_assets/share/aic_assets/models/LC Plug
-- Up-to-date: /home/radhae/ws_aic/install/aic_assets/share/aic_assets/models/LC Plug/lc_plug_visual.glb
-- Up-to-date: /home/radhae/ws_aic/install/aic_assets/share/aic_assets/models/LC Plug/model.config
-- Up-to-date: /home/radhae/ws_aic/install/aic_assets/share/aic_assets/models/LC Plug/model.sdf
-- Up-to-date: /home/radhae/ws_aic/install/aic_assets/share/aic_assets/models/SC Port
-- Up-to-date: /home/radhae/ws_aic/install/aic_assets/share/aic_assets/models/SC Port/model.config
-- Up-to-date: /home/radhae/ws_aic/install/aic_assets/share/aic_assets/models/SC Port/sc_port_macro.xacro
-- Up-to-date: /home/radhae/ws_aic/install/aic_assets/share/aic_assets/models/SC Port/sc_port_visual.glb
-- Up-to-date: /home/radhae/ws_aic/install/aic_assets/share/aic_assets/models/SC Port/model.sdf
-- Up-to-date: /home/radhae/ws_aic/install/aic_assets/share/aic_assets/models/Enclosure Walls
-- Up-to-date: /home/radhae/ws_aic/install/aic_assets/share/aic_assets/models/Enclosure Walls/enclosure_walls_visual.glb
-- Up-to-date: /home/radhae/ws_aic/install/aic_assets/share/aic_assets/models/Enclosure Walls/model.config
-- Up-to-date: /home/radhae/ws_aic/install/aic_assets/share/aic_assets/models/Enclosure Walls/model.sdf
-- Up-to-date: /home/radhae/ws_aic/install/aic_assets/share/aic_assets/models/SFP Mount
-- Up-to-date: /home/radhae/ws_aic/install/aic_assets/share/aic_assets/models/SFP Mount/sfp_mount_visual.glb
-- Up-to-date: /home/radhae/ws_aic/install/aic_assets/share/aic_assets/models/SFP Mount/sfp_mount_macro.xacro
-- Up-to-date: /home/radhae/ws_aic/install/aic_assets/share/aic_assets/models/SFP Mount/model.config
-- Up-to-date: /home/radhae/ws_aic/install/aic_assets/share/aic_assets/models/SFP Mount/model.sdf
-- Up-to-date: /home/radhae/ws_aic/install/aic_assets/share/aic_assets/models/sc_cable
-- Up-to-date: /home/radhae/ws_aic/install/aic_assets/share/aic_assets/models/sc_cable/model.config
-- Up-to-date: /home/radhae/ws_aic/install/aic_assets/share/aic_assets/models/sc_cable/model.sdf
-- Up-to-date: /home/radhae/ws_aic/install/aic_assets/share/aic_assets/models/sfp_sc_cable_reversed
-- Up-to-date: /home/radhae/ws_aic/install/aic_assets/share/aic_assets/models/sfp_sc_cable_reversed/model.config
-- Up-to-date: /home/radhae/ws_aic/install/aic_assets/share/aic_assets/models/sfp_sc_cable_reversed/model.sdf
-- Up-to-date: /home/radhae/ws_aic/install/aic_assets/share/aic_assets/models/Floor
-- Up-to-date: /home/radhae/ws_aic/install/aic_assets/share/aic_assets/models/Floor/floor_visual.glb
-- Up-to-date: /home/radhae/ws_aic/install/aic_assets/share/aic_assets/models/Floor/model.config
-- Up-to-date: /home/radhae/ws_aic/install/aic_assets/share/aic_assets/models/Floor/walls_visual.glb
-- Up-to-date: /home/radhae/ws_aic/install/aic_assets/share/aic_assets/models/Floor/model.sdf
-- Up-to-date: /home/radhae/ws_aic/install/aic_assets/share/aic_assets/models/SC Mount
-- Up-to-date: /home/radhae/ws_aic/install/aic_assets/share/aic_assets/models/SC Mount/model.config
-- Up-to-date: /home/radhae/ws_aic/install/aic_assets/share/aic_assets/models/SC Mount/sc_mount_visual.glb
-- Up-to-date: /home/radhae/ws_aic/install/aic_assets/share/aic_assets/models/SC Mount/sc_mount_macro.xacro
-- Up-to-date: /home/radhae/ws_aic/install/aic_assets/share/aic_assets/models/SC Mount/model.sdf
-- Up-to-date: /home/radhae/ws_aic/install/aic_assets/share/aic_assets/models/SC Plug
-- Up-to-date: /home/radhae/ws_aic/install/aic_assets/share/aic_assets/models/SC Plug/model.config
-- Up-to-date: /home/radhae/ws_aic/install/aic_assets/share/aic_assets/models/SC Plug/sc_plug_visual.glb
-- Up-to-date: /home/radhae/ws_aic/install/aic_assets/share/aic_assets/models/SC Plug/model.sdf
-- Up-to-date: /home/radhae/ws_aic/install/aic_assets/share/aic_assets/models/Camera Mount
-- Up-to-date: /home/radhae/ws_aic/install/aic_assets/share/aic_assets/models/Camera Mount/cam_mount_macro.xacro
-- Up-to-date: /home/radhae/ws_aic/install/aic_assets/share/aic_assets/models/Camera Mount/cam_mount_visual.glb
-- Up-to-date: /home/radhae/ws_aic/install/aic_assets/share/aic_assets/models/Camera Mount/V1015087.stl
-- Up-to-date: /home/radhae/ws_aic/install/aic_assets/share/aic_assets/models/Camera Mount/model.config
-- Up-to-date: /home/radhae/ws_aic/install/aic_assets/share/aic_assets/models/Camera Mount/model.sdf
-- Up-to-date: /home/radhae/ws_aic/install/aic_assets/share/aic_assets/models/SFP Module
-- Up-to-date: /home/radhae/ws_aic/install/aic_assets/share/aic_assets/models/SFP Module/sfp_module_visual.glb
-- Up-to-date: /home/radhae/ws_aic/install/aic_assets/share/aic_assets/models/SFP Module/model.config
-- Up-to-date: /home/radhae/ws_aic/install/aic_assets/share/aic_assets/models/SFP Module/model.sdf
-- Up-to-date: /home/radhae/ws_aic/install/aic_assets/share/aic_assets/models/NIC Card Mount
-- Up-to-date: /home/radhae/ws_aic/install/aic_assets/share/aic_assets/models/NIC Card Mount/nic_card_mount_visual.glb
-- Up-to-date: /home/radhae/ws_aic/install/aic_assets/share/aic_assets/models/NIC Card Mount/nic_card_visual.glb
-- Up-to-date: /home/radhae/ws_aic/install/aic_assets/share/aic_assets/models/NIC Card Mount/model.config
-- Up-to-date: /home/radhae/ws_aic/install/aic_assets/share/aic_assets/models/NIC Card Mount/nic_card_mount_macro.xacro
-- Up-to-date: /home/radhae/ws_aic/install/aic_assets/share/aic_assets/models/NIC Card Mount/model.sdf
-- Up-to-date: /home/radhae/ws_aic/install/aic_assets/share/aic_assets/models/lc_sc_cable
-- Up-to-date: /home/radhae/ws_aic/install/aic_assets/share/aic_assets/models/lc_sc_cable/model.config
-- Up-to-date: /home/radhae/ws_aic/install/aic_assets/share/aic_assets/models/lc_sc_cable/model.sdf
-- Up-to-date: /home/radhae/ws_aic/install/aic_assets/share/aic_assets/models/lc_cable
-- Up-to-date: /home/radhae/ws_aic/install/aic_assets/share/aic_assets/models/lc_cable/model.config
-- Up-to-date: /home/radhae/ws_aic/install/aic_assets/share/aic_assets/models/lc_cable/model.sdf
-- Up-to-date: /home/radhae/ws_aic/install/aic_assets/share/aic_assets/models/Enclosure
-- Up-to-date: /home/radhae/ws_aic/install/aic_assets/share/aic_assets/models/Enclosure/enclosurewalls_visual.glb
-- Up-to-date: /home/radhae/ws_aic/install/aic_assets/share/aic_assets/models/Enclosure/model.config
-- Up-to-date: /home/radhae/ws_aic/install/aic_assets/share/aic_assets/models/Enclosure/light_visual.glb
-- Up-to-date: /home/radhae/ws_aic/install/aic_assets/share/aic_assets/models/Enclosure/enclosure_visual.glb
-- Up-to-date: /home/radhae/ws_aic/install/aic_assets/share/aic_assets/models/Enclosure/model.sdf
-- Up-to-date: /home/radhae/ws_aic/install/aic_assets/share/aic_assets/models/Task Board Base
-- Up-to-date: /home/radhae/ws_aic/install/aic_assets/share/aic_assets/models/Task Board Base/base_visual.glb
-- Up-to-date: /home/radhae/ws_aic/install/aic_assets/share/aic_assets/models/Task Board Base/model.config
-- Up-to-date: /home/radhae/ws_aic/install/aic_assets/share/aic_assets/models/Task Board Base/task_board_base_macro.xacro
-- Up-to-date: /home/radhae/ws_aic/install/aic_assets/share/aic_assets/models/Task Board Base/model.sdf
-- Up-to-date: /home/radhae/ws_aic/install/aic_assets/share/aic_assets/models/LC Mount
-- Up-to-date: /home/radhae/ws_aic/install/aic_assets/share/aic_assets/models/LC Mount/lc_mount_macro.xacro
-- Up-to-date: /home/radhae/ws_aic/install/aic_assets/share/aic_assets/models/LC Mount/lc_mount_visual.glb
-- Up-to-date: /home/radhae/ws_aic/install/aic_assets/share/aic_assets/models/LC Mount/model.config
-- Up-to-date: /home/radhae/ws_aic/install/aic_assets/share/aic_assets/models/LC Mount/model.sdf
-- Up-to-date: /home/radhae/ws_aic/install/aic_assets/share/aic_assets/models/Axia80 M20
-- Up-to-date: /home/radhae/ws_aic/install/aic_assets/share/aic_assets/models/Axia80 M20/model.config
-- Up-to-date: /home/radhae/ws_aic/install/aic_assets/share/aic_assets/models/Axia80 M20/axia_ft_sensor_visual.glb
-- Up-to-date: /home/radhae/ws_aic/install/aic_assets/share/aic_assets/models/Axia80 M20/axia80_m20_macro.xacro
-- Up-to-date: /home/radhae/ws_aic/install/aic_assets/share/aic_assets/models/Axia80 M20/model.sdf
-- Up-to-date: /home/radhae/ws_aic/install/aic_assets/share/ament_index/resource_index/package_run_dependencies/aic_assets
-- Up-to-date: /home/radhae/ws_aic/install/aic_assets/share/ament_index/resource_index/parent_prefix_path/aic_assets
-- Up-to-date: /home/radhae/ws_aic/install/aic_assets/share/aic_assets/environment/ament_prefix_path.sh
-- Up-to-date: /home/radhae/ws_aic/install/aic_assets/share/aic_assets/environment/ament_prefix_path.dsv
-- Up-to-date: /home/radhae/ws_aic/install/aic_assets/share/aic_assets/environment/path.sh
-- Up-to-date: /home/radhae/ws_aic/install/aic_assets/share/aic_assets/environment/path.dsv
-- Up-to-date: /home/radhae/ws_aic/install/aic_assets/share/aic_assets/local_setup.bash
-- Up-to-date: /home/radhae/ws_aic/install/aic_assets/share/aic_assets/local_setup.sh
-- Up-to-date: /home/radhae/ws_aic/install/aic_assets/share/aic_assets/local_setup.zsh
-- Up-to-date: /home/radhae/ws_aic/install/aic_assets/share/aic_assets/local_setup.dsv
-- Up-to-date: /home/radhae/ws_aic/install/aic_assets/share/aic_assets/package.dsv
-- Up-to-date: /home/radhae/ws_aic/install/aic_assets/share/ament_index/resource_index/packages/aic_assets
-- Up-to-date: /home/radhae/ws_aic/install/aic_assets/share/aic_assets/cmake/aic_assetsConfig.cmake
-- Up-to-date: /home/radhae/ws_aic/install/aic_assets/share/aic_assets/cmake/aic_assetsConfig-version.cmake
-- Up-to-date: /home/radhae/ws_aic/install/aic_assets/share/aic_assets/package.xml
