-- The C compiler identification is GNU 13.3.0
-- The CXX compiler identification is GNU 13.3.0
-- Detecting C compiler ABI info
-- Detecting C compiler ABI info - done
-- Check for working C compiler: /usr/bin/cc - skipped
-- Detecting C compile features
-- Detecting C compile features - done
-- Detecting CXX compiler ABI info
-- Detecting CXX compiler ABI info - done
-- Check for working CXX compiler: /usr/bin/c++ - skipped
-- Detecting CXX compile features
-- Detecting CXX compile features - done
-- Found ament_cmake: 2.7.5 (/home/radhae/ws_aic/src/aic/.pixi/envs/default/share/ament_cmake/cmake)
-- Found Python3: /home/radhae/ws_aic/src/aic/.pixi/envs/default/bin/python3 (found version "3.12.12") found components: Interpreter
-- Override CMake install command with custom implementation using symlinks instead of copying resources
-- Configuring done (1.8s)
-- Generating done (0.0s)
-- Build files have been written to: /home/radhae/ws_aic/src/aic/build/aic_description
-- Install configuration: ""
-- Execute custom install script
-- Symlinking: /home/radhae/ws_aic/src/aic/install/aic_description/share/aic_description/urdf/cable.sdf.xacro
-- Symlinking: /home/radhae/ws_aic/src/aic/install/aic_description/share/aic_description/urdf/task_board.urdf.xacro
-- Symlinking: /home/radhae/ws_aic/src/aic/install/aic_description/share/aic_description/urdf/ur_gz.urdf.xacro
-- Symlinking: /home/radhae/ws_aic/src/aic/install/aic_description/share/aic_description/world/aic.sdf
-- Symlinking: /home/radhae/ws_aic/src/aic/install/aic_description/share/ament_index/resource_index/package_run_dependencies/aic_description
-- Symlinking: /home/radhae/ws_aic/src/aic/install/aic_description/share/ament_index/resource_index/parent_prefix_path/aic_description
-- Symlinking: /home/radhae/ws_aic/src/aic/install/aic_description/share/aic_description/environment/ament_prefix_path.sh
-- Symlinking: /home/radhae/ws_aic/src/aic/install/aic_description/share/aic_description/environment/ament_prefix_path.dsv
-- Symlinking: /home/radhae/ws_aic/src/aic/install/aic_description/share/aic_description/environment/path.sh
-- Symlinking: /home/radhae/ws_aic/src/aic/install/aic_description/share/aic_description/environment/path.dsv
-- Symlinking: /home/radhae/ws_aic/src/aic/install/aic_description/share/aic_description/local_setup.bash
-- Symlinking: /home/radhae/ws_aic/src/aic/install/aic_description/share/aic_description/local_setup.sh
-- Symlinking: /home/radhae/ws_aic/src/aic/install/aic_description/share/aic_description/local_setup.zsh
-- Symlinking: /home/radhae/ws_aic/src/aic/install/aic_description/share/aic_description/local_setup.dsv
-- Symlinking: /home/radhae/ws_aic/src/aic/install/aic_description/share/aic_description/package.dsv
-- Symlinking: /home/radhae/ws_aic/src/aic/install/aic_description/share/ament_index/resource_index/packages/aic_description
-- Symlinking: /home/radhae/ws_aic/src/aic/install/aic_description/share/aic_description/cmake/aic_descriptionConfig.cmake
-- Symlinking: /home/radhae/ws_aic/src/aic/install/aic_description/share/aic_description/cmake/aic_descriptionConfig-version.cmake
-- Symlinking: /home/radhae/ws_aic/src/aic/install/aic_description/share/aic_description/package.xml
