[0.067s] Invoking command in '/home/radhae/ws_aic/src/aic/build/aic_description': AMENT_PREFIX_PATH=/home/radhae/ws_aic/src/aic/install/aic_assets:${AMENT_PREFIX_PATH} CMAKE_PREFIX_PATH=/home/radhae/ws_aic/src/aic/install/aic_assets:/opt/ros/kilted/opt/sdformat_vendor:/opt/ros/kilted/opt/gz_math_vendor:/opt/ros/kilted/opt/gz_utils_vendor:/opt/ros/kilted/opt/gz_tools_vendor:/opt/ros/kilted/opt/gz_ogre_next_vendor:/opt/ros/kilted/opt/gz_dartsim_vendor:/opt/ros/kilted/opt/gz_cmake_vendor:/home/radhae/cognipilot/cranium/install/synapse_ros:/home/radhae/cognipilot/cranium/install/synapse_gz:/home/radhae/cognipilot/cranium/install/synapse_tinyframe:/home/radhae/cognipilot/cranium/install/synapse_protobuf:/home/radhae/cognipilot/cranium/install/corti:/home/radhae/cognipilot/cranium/install/synapse_msgs:/home/radhae/cognipilot/cranium/install/dream_world:/home/radhae/cognipilot/cranium/install/cerebri_bringup:/home/radhae/cognipilot/cranium/install/b3rb_simulator:/home/radhae/cognipilot/cranium/install/b3rb_desktop:/home/radhae/cognipilot/cranium/install/b3rb_rviz:/home/radhae/cognipilot/cranium/install/b3rb_nav2:/home/radhae/cognipilot/cranium/install/b3rb_gz_resource:/home/radhae/cognipilot/cranium/install/b3rb_gz_bringup:/home/radhae/cognipilot/cranium/install/b3rb_description:/home/radhae/ws_aic/src/aic/.pixi/envs/default PIXI_PROMPT=(aic) PS1=\[\e]0;\u@\h: \w\a\]${debian_chroot:+($debian_chroot)}\[\033[01;32m\]\u@\h\[\033[00m\]:\[\033[01;34m\]\w\[\033[00m\]\$ /home/radhae/ws_aic/src/aic/.pixi/envs/default/bin/cmake /home/radhae/ws_aic/src/aic/aic_description -DAMENT_CMAKE_SYMLINK_INSTALL=1 -DCMAKE_INSTALL_PREFIX=/home/radhae/ws_aic/src/aic/install/aic_description
[0.215s] [0mCMake Deprecation Warning at CMakeLists.txt:1 (cmake_minimum_required):
[0.215s]   Compatibility with CMake < 3.10 will be removed from a future version of
[0.215s]   CMake.
[0.215s] 
[0.215s]   Update the VERSION argument <min> value.  Or, use the <min>...<max> syntax
[0.215s]   to tell CMake that the project requires at least <min> but has been updated
[0.215s]   to work with policies introduced by <max> or earlier.
[0.215s] 
[0.215s] [0m
[0.386s] -- The C compiler identification is GNU 13.3.0
[0.587s] -- The CXX compiler identification is GNU 13.3.0
[0.607s] -- Detecting C compiler ABI info
[0.906s] -- Detecting C compiler ABI info - done
[0.940s] -- Check for working C compiler: /usr/bin/cc - skipped
[0.940s] -- Detecting C compile features
[0.941s] -- Detecting C compile features - done
[1.005s] -- Detecting CXX compiler ABI info
[1.282s] -- Detecting CXX compiler ABI info - done
[1.319s] -- Check for working CXX compiler: /usr/bin/c++ - skipped
[1.319s] -- Detecting CXX compile features
[1.320s] -- Detecting CXX compile features - done
[1.373s] -- Found ament_cmake: 2.7.5 (/home/radhae/ws_aic/src/aic/.pixi/envs/default/share/ament_cmake/cmake)
[1.645s] -- Found Python3: /home/radhae/ws_aic/src/aic/.pixi/envs/default/bin/python3 (found version "3.12.12") found components: Interpreter
[1.737s] -- Override CMake install command with custom implementation using symlinks instead of copying resources
[1.970s] -- Configuring done (1.8s)
[1.975s] -- Generating done (0.0s)
[1.975s] -- Build files have been written to: /home/radhae/ws_aic/src/aic/build/aic_description
[1.982s] Invoked command in '/home/radhae/ws_aic/src/aic/build/aic_description' returned '0': AMENT_PREFIX_PATH=/home/radhae/ws_aic/src/aic/install/aic_assets:${AMENT_PREFIX_PATH} CMAKE_PREFIX_PATH=/home/radhae/ws_aic/src/aic/install/aic_assets:/opt/ros/kilted/opt/sdformat_vendor:/opt/ros/kilted/opt/gz_math_vendor:/opt/ros/kilted/opt/gz_utils_vendor:/opt/ros/kilted/opt/gz_tools_vendor:/opt/ros/kilted/opt/gz_ogre_next_vendor:/opt/ros/kilted/opt/gz_dartsim_vendor:/opt/ros/kilted/opt/gz_cmake_vendor:/home/radhae/cognipilot/cranium/install/synapse_ros:/home/radhae/cognipilot/cranium/install/synapse_gz:/home/radhae/cognipilot/cranium/install/synapse_tinyframe:/home/radhae/cognipilot/cranium/install/synapse_protobuf:/home/radhae/cognipilot/cranium/install/corti:/home/radhae/cognipilot/cranium/install/synapse_msgs:/home/radhae/cognipilot/cranium/install/dream_world:/home/radhae/cognipilot/cranium/install/cerebri_bringup:/home/radhae/cognipilot/cranium/install/b3rb_simulator:/home/radhae/cognipilot/cranium/install/b3rb_desktop:/home/radhae/cognipilot/cranium/install/b3rb_rviz:/home/radhae/cognipilot/cranium/install/b3rb_nav2:/home/radhae/cognipilot/cranium/install/b3rb_gz_resource:/home/radhae/cognipilot/cranium/install/b3rb_gz_bringup:/home/radhae/cognipilot/cranium/install/b3rb_description:/home/radhae/ws_aic/src/aic/.pixi/envs/default PIXI_PROMPT=(aic) PS1=\[\e]0;\u@\h: \w\a\]${debian_chroot:+($debian_chroot)}\[\033[01;32m\]\u@\h\[\033[00m\]:\[\033[01;34m\]\w\[\033[00m\]\$ /home/radhae/ws_aic/src/aic/.pixi/envs/default/bin/cmake /home/radhae/ws_aic/src/aic/aic_description -DAMENT_CMAKE_SYMLINK_INSTALL=1 -DCMAKE_INSTALL_PREFIX=/home/radhae/ws_aic/src/aic/install/aic_description
[1.983s] Invoking command in '/home/radhae/ws_aic/src/aic/build/aic_description': AMENT_PREFIX_PATH=/home/radhae/ws_aic/src/aic/install/aic_assets:${AMENT_PREFIX_PATH} CMAKE_PREFIX_PATH=/home/radhae/ws_aic/src/aic/install/aic_assets:/opt/ros/kilted/opt/sdformat_vendor:/opt/ros/kilted/opt/gz_math_vendor:/opt/ros/kilted/opt/gz_utils_vendor:/opt/ros/kilted/opt/gz_tools_vendor:/opt/ros/kilted/opt/gz_ogre_next_vendor:/opt/ros/kilted/opt/gz_dartsim_vendor:/opt/ros/kilted/opt/gz_cmake_vendor:/home/radhae/cognipilot/cranium/install/synapse_ros:/home/radhae/cognipilot/cranium/install/synapse_gz:/home/radhae/cognipilot/cranium/install/synapse_tinyframe:/home/radhae/cognipilot/cranium/install/synapse_protobuf:/home/radhae/cognipilot/cranium/install/corti:/home/radhae/cognipilot/cranium/install/synapse_msgs:/home/radhae/cognipilot/cranium/install/dream_world:/home/radhae/cognipilot/cranium/install/cerebri_bringup:/home/radhae/cognipilot/cranium/install/b3rb_simulator:/home/radhae/cognipilot/cranium/install/b3rb_desktop:/home/radhae/cognipilot/cranium/install/b3rb_rviz:/home/radhae/cognipilot/cranium/install/b3rb_nav2:/home/radhae/cognipilot/cranium/install/b3rb_gz_resource:/home/radhae/cognipilot/cranium/install/b3rb_gz_bringup:/home/radhae/cognipilot/cranium/install/b3rb_description:/home/radhae/ws_aic/src/aic/.pixi/envs/default PIXI_PROMPT=(aic) PS1=\[\e]0;\u@\h: \w\a\]${debian_chroot:+($debian_chroot)}\[\033[01;32m\]\u@\h\[\033[00m\]:\[\033[01;34m\]\w\[\033[00m\]\$ /home/radhae/ws_aic/src/aic/.pixi/envs/default/bin/cmake --build /home/radhae/ws_aic/src/aic/build/aic_description -- -j12 -l12
[2.215s] Invoked command in '/home/radhae/ws_aic/src/aic/build/aic_description' returned '0': AMENT_PREFIX_PATH=/home/radhae/ws_aic/src/aic/install/aic_assets:${AMENT_PREFIX_PATH} CMAKE_PREFIX_PATH=/home/radhae/ws_aic/src/aic/install/aic_assets:/opt/ros/kilted/opt/sdformat_vendor:/opt/ros/kilted/opt/gz_math_vendor:/opt/ros/kilted/opt/gz_utils_vendor:/opt/ros/kilted/opt/gz_tools_vendor:/opt/ros/kilted/opt/gz_ogre_next_vendor:/opt/ros/kilted/opt/gz_dartsim_vendor:/opt/ros/kilted/opt/gz_cmake_vendor:/home/radhae/cognipilot/cranium/install/synapse_ros:/home/radhae/cognipilot/cranium/install/synapse_gz:/home/radhae/cognipilot/cranium/install/synapse_tinyframe:/home/radhae/cognipilot/cranium/install/synapse_protobuf:/home/radhae/cognipilot/cranium/install/corti:/home/radhae/cognipilot/cranium/install/synapse_msgs:/home/radhae/cognipilot/cranium/install/dream_world:/home/radhae/cognipilot/cranium/install/cerebri_bringup:/home/radhae/cognipilot/cranium/install/b3rb_simulator:/home/radhae/cognipilot/cranium/install/b3rb_desktop:/home/radhae/cognipilot/cranium/install/b3rb_rviz:/home/radhae/cognipilot/cranium/install/b3rb_nav2:/home/radhae/cognipilot/cranium/install/b3rb_gz_resource:/home/radhae/cognipilot/cranium/install/b3rb_gz_bringup:/home/radhae/cognipilot/cranium/install/b3rb_description:/home/radhae/ws_aic/src/aic/.pixi/envs/default PIXI_PROMPT=(aic) PS1=\[\e]0;\u@\h: \w\a\]${debian_chroot:+($debian_chroot)}\[\033[01;32m\]\u@\h\[\033[00m\]:\[\033[01;34m\]\w\[\033[00m\]\$ /home/radhae/ws_aic/src/aic/.pixi/envs/default/bin/cmake --build /home/radhae/ws_aic/src/aic/build/aic_description -- -j12 -l12
[2.217s] Invoking command in '/home/radhae/ws_aic/src/aic/build/aic_description': AMENT_PREFIX_PATH=/home/radhae/ws_aic/src/aic/install/aic_assets:${AMENT_PREFIX_PATH} CMAKE_PREFIX_PATH=/home/radhae/ws_aic/src/aic/install/aic_assets:/opt/ros/kilted/opt/sdformat_vendor:/opt/ros/kilted/opt/gz_math_vendor:/opt/ros/kilted/opt/gz_utils_vendor:/opt/ros/kilted/opt/gz_tools_vendor:/opt/ros/kilted/opt/gz_ogre_next_vendor:/opt/ros/kilted/opt/gz_dartsim_vendor:/opt/ros/kilted/opt/gz_cmake_vendor:/home/radhae/cognipilot/cranium/install/synapse_ros:/home/radhae/cognipilot/cranium/install/synapse_gz:/home/radhae/cognipilot/cranium/install/synapse_tinyframe:/home/radhae/cognipilot/cranium/install/synapse_protobuf:/home/radhae/cognipilot/cranium/install/corti:/home/radhae/cognipilot/cranium/install/synapse_msgs:/home/radhae/cognipilot/cranium/install/dream_world:/home/radhae/cognipilot/cranium/install/cerebri_bringup:/home/radhae/cognipilot/cranium/install/b3rb_simulator:/home/radhae/cognipilot/cranium/install/b3rb_desktop:/home/radhae/cognipilot/cranium/install/b3rb_rviz:/home/radhae/cognipilot/cranium/install/b3rb_nav2:/home/radhae/cognipilot/cranium/install/b3rb_gz_resource:/home/radhae/cognipilot/cranium/install/b3rb_gz_bringup:/home/radhae/cognipilot/cranium/install/b3rb_description:/home/radhae/ws_aic/src/aic/.pixi/envs/default PIXI_PROMPT=(aic) PS1=\[\e]0;\u@\h: \w\a\]${debian_chroot:+($debian_chroot)}\[\033[01;32m\]\u@\h\[\033[00m\]:\[\033[01;34m\]\w\[\033[00m\]\$ /home/radhae/ws_aic/src/aic/.pixi/envs/default/bin/cmake --install /home/radhae/ws_aic/src/aic/build/aic_description
[2.357s] -- Install configuration: ""
[2.357s] -- Execute custom install script
[2.357s] -- Symlinking: /home/radhae/ws_aic/src/aic/install/aic_description/share/aic_description/urdf/cable.sdf.xacro
[2.374s] -- Symlinking: /home/radhae/ws_aic/src/aic/install/aic_description/share/aic_description/urdf/task_board.urdf.xacro
[2.393s] -- Symlinking: /home/radhae/ws_aic/src/aic/install/aic_description/share/aic_description/urdf/ur_gz.urdf.xacro
[2.414s] -- Symlinking: /home/radhae/ws_aic/src/aic/install/aic_description/share/aic_description/world/aic.sdf
[2.432s] -- Symlinking: /home/radhae/ws_aic/src/aic/install/aic_description/share/ament_index/resource_index/package_run_dependencies/aic_description
[2.448s] -- Symlinking: /home/radhae/ws_aic/src/aic/install/aic_description/share/ament_index/resource_index/parent_prefix_path/aic_description
[2.464s] -- Symlinking: /home/radhae/ws_aic/src/aic/install/aic_description/share/aic_description/environment/ament_prefix_path.sh
[2.482s] -- Symlinking: /home/radhae/ws_aic/src/aic/install/aic_description/share/aic_description/environment/ament_prefix_path.dsv
[2.498s] -- Symlinking: /home/radhae/ws_aic/src/aic/install/aic_description/share/aic_description/environment/path.sh
[2.519s] -- Symlinking: /home/radhae/ws_aic/src/aic/install/aic_description/share/aic_description/environment/path.dsv
[2.539s] -- Symlinking: /home/radhae/ws_aic/src/aic/install/aic_description/share/aic_description/local_setup.bash
[2.560s] -- Symlinking: /home/radhae/ws_aic/src/aic/install/aic_description/share/aic_description/local_setup.sh
[2.579s] -- Symlinking: /home/radhae/ws_aic/src/aic/install/aic_description/share/aic_description/local_setup.zsh
[2.600s] -- Symlinking: /home/radhae/ws_aic/src/aic/install/aic_description/share/aic_description/local_setup.dsv
[2.621s] -- Symlinking: /home/radhae/ws_aic/src/aic/install/aic_description/share/aic_description/package.dsv
[2.643s] -- Symlinking: /home/radhae/ws_aic/src/aic/install/aic_description/share/ament_index/resource_index/packages/aic_description
[2.665s] -- Symlinking: /home/radhae/ws_aic/src/aic/install/aic_description/share/aic_description/cmake/aic_descriptionConfig.cmake
[2.686s] -- Symlinking: /home/radhae/ws_aic/src/aic/install/aic_description/share/aic_description/cmake/aic_descriptionConfig-version.cmake
[2.703s] -- Symlinking: /home/radhae/ws_aic/src/aic/install/aic_description/share/aic_description/package.xml
[2.724s] Invoked command in '/home/radhae/ws_aic/src/aic/build/aic_description' returned '0': AMENT_PREFIX_PATH=/home/radhae/ws_aic/src/aic/install/aic_assets:${AMENT_PREFIX_PATH} CMAKE_PREFIX_PATH=/home/radhae/ws_aic/src/aic/install/aic_assets:/opt/ros/kilted/opt/sdformat_vendor:/opt/ros/kilted/opt/gz_math_vendor:/opt/ros/kilted/opt/gz_utils_vendor:/opt/ros/kilted/opt/gz_tools_vendor:/opt/ros/kilted/opt/gz_ogre_next_vendor:/opt/ros/kilted/opt/gz_dartsim_vendor:/opt/ros/kilted/opt/gz_cmake_vendor:/home/radhae/cognipilot/cranium/install/synapse_ros:/home/radhae/cognipilot/cranium/install/synapse_gz:/home/radhae/cognipilot/cranium/install/synapse_tinyframe:/home/radhae/cognipilot/cranium/install/synapse_protobuf:/home/radhae/cognipilot/cranium/install/corti:/home/radhae/cognipilot/cranium/install/synapse_msgs:/home/radhae/cognipilot/cranium/install/dream_world:/home/radhae/cognipilot/cranium/install/cerebri_bringup:/home/radhae/cognipilot/cranium/install/b3rb_simulator:/home/radhae/cognipilot/cranium/install/b3rb_desktop:/home/radhae/cognipilot/cranium/install/b3rb_rviz:/home/radhae/cognipilot/cranium/install/b3rb_nav2:/home/radhae/cognipilot/cranium/install/b3rb_gz_resource:/home/radhae/cognipilot/cranium/install/b3rb_gz_bringup:/home/radhae/cognipilot/cranium/install/b3rb_description:/home/radhae/ws_aic/src/aic/.pixi/envs/default PIXI_PROMPT=(aic) PS1=\[\e]0;\u@\h: \w\a\]${debian_chroot:+($debian_chroot)}\[\033[01;32m\]\u@\h\[\033[00m\]:\[\033[01;34m\]\w\[\033[00m\]\$ /home/radhae/ws_aic/src/aic/.pixi/envs/default/bin/cmake --install /home/radhae/ws_aic/src/aic/build/aic_description
