[0.043s] Invoking command in '/home/radhae/ws_aic/build/aic_control_interfaces': CMAKE_PREFIX_PATH=${CMAKE_PREFIX_PATH}:/opt/ros/kilted:/home/radhae/ws_aic/src/aic/.pixi/envs/default:/home/radhae/cognipilot/cranium/install/b3rb_ros_line_follower:/opt/ros/humble PS1=\[\e]0;\u@\h: \w\a\]${debian_chroot:+($debian_chroot)}\[\033[01;32m\]\u@\h\[\033[00m\]:\[\033[01;34m\]\w\[\033[00m\]\$ /home/radhae/ws_aic/src/aic/.pixi/envs/default/bin/cmake /home/radhae/ws_aic/src/aic/aic_interfaces/aic_control_interfaces -DCMAKE_INSTALL_PREFIX=/home/radhae/ws_aic/install/aic_control_interfaces
[0.221s] [0mCMake Deprecation Warning at CMakeLists.txt:1 (cmake_minimum_required):
[0.221s]   Compatibility with CMake < 3.10 will be removed from a future version of
[0.221s]   CMake.
[0.221s] 
[0.221s]   Update the VERSION argument <min> value.  Or, use the <min>...<max> syntax
[0.221s]   to tell CMake that the project requires at least <min> but has been updated
[0.222s]   to work with policies introduced by <max> or earlier.
[0.222s] 
[0.222s] [0m
[0.402s] -- The C compiler identification is GNU 15.2.0
[0.664s] -- The CXX compiler identification is GNU 15.2.0
[0.686s] -- Detecting C compiler ABI info
[0.965s] -- Detecting C compiler ABI info - done
[0.997s] -- Check for working C compiler: /home/radhae/ws_aic/src/aic/.pixi/envs/default/bin/cc - skipped
[0.997s] -- Detecting C compile features
[0.998s] -- Detecting C compile features - done
[1.064s] -- Detecting CXX compiler ABI info
[1.426s] -- Detecting CXX compiler ABI info - done
[1.464s] -- Check for working CXX compiler: /home/radhae/ws_aic/src/aic/.pixi/envs/default/bin/c++ - skipped
[1.464s] -- Detecting CXX compile features
[1.465s] -- Detecting CXX compile features - done
[1.519s] -- Found ament_cmake: 2.7.5 (/opt/ros/kilted/share/ament_cmake/cmake)
[2.004s] -- Found Python3: /home/radhae/ws_aic/src/aic/.pixi/envs/default/bin/python3 (found version "3.12.13") found components: Interpreter
[2.239s] -- Found builtin_interfaces: 2.3.1 (/opt/ros/kilted/share/builtin_interfaces/cmake)
[2.323s] -- Found rosidl_generator_c: 4.9.6 (/opt/ros/kilted/share/rosidl_generator_c/cmake)
[2.361s] -- Found rosidl_generator_cpp: 4.9.6 (/opt/ros/kilted/share/rosidl_generator_cpp/cmake)
[2.404s] -- Using all available rosidl_typesupport_c: rosidl_typesupport_fastrtps_c;rosidl_typesupport_introspection_c
[2.449s] -- Using all available rosidl_typesupport_cpp: rosidl_typesupport_fastrtps_cpp;rosidl_typesupport_introspection_cpp
[2.492s] -- Found geometry_msgs: 5.5.2 (/opt/ros/kilted/share/geometry_msgs/cmake)
[2.557s] -- Found rosidl_default_generators: 1.7.2 (/opt/ros/kilted/share/rosidl_default_generators/cmake)
[2.615s] -- Found rosidl_adapter: 4.9.6 (/opt/ros/kilted/share/rosidl_adapter/cmake)
[2.629s] -- Found trajectory_msgs: 5.5.2 (/opt/ros/kilted/share/trajectory_msgs/cmake)
[3.803s] -- Found ament_cmake_cppcheck: 0.19.2 (/opt/ros/kilted/share/ament_cmake_cppcheck/cmake)
[3.815s] -- Found ament_cmake_cpplint: 0.19.2 (/opt/ros/kilted/share/ament_cmake_cpplint/cmake)
[3.824s] -- Found ament_cmake_uncrustify: 0.19.2 (/opt/ros/kilted/share/ament_cmake_uncrustify/cmake)
[3.832s] -- Found ament_cmake_ros_core: 0.14.7 (/opt/ros/kilted/share/ament_cmake_ros_core/cmake)
[5.390s] -- Using all available rosidl_typesupport_c: rosidl_typesupport_fastrtps_c;rosidl_typesupport_introspection_c
[6.057s] -- Using all available rosidl_typesupport_cpp: rosidl_typesupport_fastrtps_cpp;rosidl_typesupport_introspection_cpp
[6.768s] -- Found Python3: /home/radhae/ws_aic/src/aic/.pixi/envs/default/bin/python3 (found version "3.12.13") found components: Interpreter Development NumPy Development.Module Development.Embed
[6.887s] -- Found ament_cmake_flake8: 0.19.2 (/opt/ros/kilted/share/ament_cmake_flake8/cmake)
[6.899s] -- Found ament_cmake_pep257: 0.19.2 (/opt/ros/kilted/share/ament_cmake_pep257/cmake)
[6.995s] -- Found Python3: /home/radhae/ws_aic/src/aic/.pixi/envs/default/bin/python3 (found version "3.12.13") found components: Interpreter
[7.009s] -- Configuring done (6.8s)
[7.126s] -- Generating done (0.1s)
[7.144s] -- Build files have been written to: /home/radhae/ws_aic/build/aic_control_interfaces
[7.161s] Invoked command in '/home/radhae/ws_aic/build/aic_control_interfaces' returned '0': CMAKE_PREFIX_PATH=${CMAKE_PREFIX_PATH}:/opt/ros/kilted:/home/radhae/ws_aic/src/aic/.pixi/envs/default:/home/radhae/cognipilot/cranium/install/b3rb_ros_line_follower:/opt/ros/humble PS1=\[\e]0;\u@\h: \w\a\]${debian_chroot:+($debian_chroot)}\[\033[01;32m\]\u@\h\[\033[00m\]:\[\033[01;34m\]\w\[\033[00m\]\$ /home/radhae/ws_aic/src/aic/.pixi/envs/default/bin/cmake /home/radhae/ws_aic/src/aic/aic_interfaces/aic_control_interfaces -DCMAKE_INSTALL_PREFIX=/home/radhae/ws_aic/install/aic_control_interfaces
[7.162s] Invoking command in '/home/radhae/ws_aic/build/aic_control_interfaces': CMAKE_PREFIX_PATH=${CMAKE_PREFIX_PATH}:/opt/ros/kilted:/home/radhae/ws_aic/src/aic/.pixi/envs/default:/home/radhae/cognipilot/cranium/install/b3rb_ros_line_follower:/opt/ros/humble PS1=\[\e]0;\u@\h: \w\a\]${debian_chroot:+($debian_chroot)}\[\033[01;32m\]\u@\h\[\033[00m\]:\[\033[01;34m\]\w\[\033[00m\]\$ /home/radhae/ws_aic/src/aic/.pixi/envs/default/bin/cmake --build /home/radhae/ws_aic/build/aic_control_interfaces -- -j12 -l12
[7.582s] [  1%] [1m[34mGenerating type hashes for ROS interfaces[0m
[7.656s] [  2%] [1m[34mGenerating Rust code for ROS interfaces[0m
[7.687s] [  2%] Built target ament_cmake_python_copy_aic_control_interfaces
[8.237s] running egg_info
[8.267s] creating aic_control_interfaces.egg-info
[8.267s] writing aic_control_interfaces.egg-info/PKG-INFO
[8.267s] writing dependency_links to aic_control_interfaces.egg-info/dependency_links.txt
[8.271s] writing top-level names to aic_control_interfaces.egg-info/top_level.txt
[8.271s] writing manifest file 'aic_control_interfaces.egg-info/SOURCES.txt'
[8.319s] [  2%] Built target aic_control_interfaces__rosidl_generator_type_description
[8.417s] reading manifest file 'aic_control_interfaces.egg-info/SOURCES.txt'
[8.417s] writing manifest file 'aic_control_interfaces.egg-info/SOURCES.txt'
[8.419s] [  3%] [1m[34mGenerating C code for ROS interfaces[0m
[8.577s] [  4%] [1m[34mGenerating C++ code for ROS interfaces[0m
[8.645s] [  4%] Built target ament_cmake_python_build_aic_control_interfaces_egg
[8.700s] [  4%] Built target aic_control_interfaces__rs
[9.873s] [  5%] [32mBuilding C object CMakeFiles/aic_control_interfaces__rosidl_generator_c.dir/rosidl_generator_c/aic_control_interfaces/msg/detail/controller_state__functions.c.o[0m
[9.874s] [  7%] [32mBuilding C object CMakeFiles/aic_control_interfaces__rosidl_generator_c.dir/rosidl_generator_c/aic_control_interfaces/msg/detail/controller_state__type_support.c.o[0m
[9.887s] [  8%] [32mBuilding C object CMakeFiles/aic_control_interfaces__rosidl_generator_c.dir/rosidl_generator_c/aic_control_interfaces/msg/detail/joint_motion_update__type_support.c.o[0m
[9.895s] [  9%] [32mBuilding C object CMakeFiles/aic_control_interfaces__rosidl_generator_c.dir/rosidl_generator_c/aic_control_interfaces/msg/detail/controller_state__description.c.o[0m
[9.906s] [ 10%] [32mBuilding C object CMakeFiles/aic_control_interfaces__rosidl_generator_c.dir/rosidl_generator_c/aic_control_interfaces/msg/detail/joint_motion_update__description.c.o[0m
[9.910s] [ 11%] [32mBuilding C object CMakeFiles/aic_control_interfaces__rosidl_generator_c.dir/rosidl_generator_c/aic_control_interfaces/msg/detail/joint_motion_update__functions.c.o[0m
[9.913s] [ 12%] [32mBuilding C object CMakeFiles/aic_control_interfaces__rosidl_generator_c.dir/rosidl_generator_c/aic_control_interfaces/msg/detail/target_mode__description.c.o[0m
[9.915s] [ 14%] [32mBuilding C object CMakeFiles/aic_control_interfaces__rosidl_generator_c.dir/rosidl_generator_c/aic_control_interfaces/msg/detail/motion_update__type_support.c.o[0m
[9.918s] [ 15%] [32mBuilding C object CMakeFiles/aic_control_interfaces__rosidl_generator_c.dir/rosidl_generator_c/aic_control_interfaces/msg/detail/motion_update__description.c.o[0m
[9.927s] [ 16%] [32mBuilding C object CMakeFiles/aic_control_interfaces__rosidl_generator_c.dir/rosidl_generator_c/aic_control_interfaces/msg/detail/target_mode__functions.c.o[0m
[9.944s] [ 17%] [32mBuilding C object CMakeFiles/aic_control_interfaces__rosidl_generator_c.dir/rosidl_generator_c/aic_control_interfaces/msg/detail/motion_update__functions.c.o[0m
[10.191s] [ 18%] [32mBuilding C object CMakeFiles/aic_control_interfaces__rosidl_generator_c.dir/rosidl_generator_c/aic_control_interfaces/msg/detail/target_mode__type_support.c.o[0m
[10.235s] [ 20%] [32mBuilding C object CMakeFiles/aic_control_interfaces__rosidl_generator_c.dir/rosidl_generator_c/aic_control_interfaces/msg/detail/trajectory_generation_mode__description.c.o[0m
[10.281s] [ 21%] [32mBuilding C object CMakeFiles/aic_control_interfaces__rosidl_generator_c.dir/rosidl_generator_c/aic_control_interfaces/msg/detail/trajectory_generation_mode__functions.c.o[0m
[10.363s] [ 22%] [32mBuilding C object CMakeFiles/aic_control_interfaces__rosidl_generator_c.dir/rosidl_generator_c/aic_control_interfaces/srv/detail/change_target_mode__description.c.o[0m
[10.372s] [ 23%] [32mBuilding C object CMakeFiles/aic_control_interfaces__rosidl_generator_c.dir/rosidl_generator_c/aic_control_interfaces/msg/detail/trajectory_generation_mode__type_support.c.o[0m
[10.372s] [ 24%] [32mBuilding C object CMakeFiles/aic_control_interfaces__rosidl_generator_c.dir/rosidl_generator_c/aic_control_interfaces/srv/detail/change_target_mode__functions.c.o[0m
[10.441s] [ 25%] [32mBuilding C object CMakeFiles/aic_control_interfaces__rosidl_generator_c.dir/rosidl_generator_c/aic_control_interfaces/srv/detail/change_target_mode__type_support.c.o[0m
[10.769s] [ 25%] Built target aic_control_interfaces__cpp
[10.904s] [ 27%] [1m[32mLinking C shared library libaic_control_interfaces__rosidl_generator_c.so[0m
[11.227s] [ 27%] Built target aic_control_interfaces__rosidl_generator_c
[11.354s] [ 28%] [1m[34mGenerating C type support dispatch for ROS interfaces[0m
[11.375s] [ 29%] [1m[34mGenerating C type support for eProsima Fast-RTPS[0m
[11.380s] [ 30%] [1m[34mGenerating C++ type support for eProsima Fast-RTPS[0m
[11.396s] [ 31%] [1m[34mGenerating C introspection for ROS interfaces[0m
[11.422s] [ 32%] [1m[34mGenerating C++ introspection for ROS interfaces[0m
[11.424s] [ 34%] [1m[34mGenerating C++ type support dispatch for ROS interfaces[0m
[12.506s] [ 35%] [32mBuilding CXX object CMakeFiles/aic_control_interfaces__rosidl_typesupport_c.dir/rosidl_typesupport_c/aic_control_interfaces/msg/controller_state__type_support.cpp.o[0m
[12.542s] [ 36%] [32mBuilding CXX object CMakeFiles/aic_control_interfaces__rosidl_typesupport_c.dir/rosidl_typesupport_c/aic_control_interfaces/msg/target_mode__type_support.cpp.o[0m
[12.542s] [ 37%] [32mBuilding CXX object CMakeFiles/aic_control_interfaces__rosidl_typesupport_c.dir/rosidl_typesupport_c/aic_control_interfaces/msg/motion_update__type_support.cpp.o[0m
[12.552s] [ 38%] [32mBuilding CXX object CMakeFiles/aic_control_interfaces__rosidl_typesupport_c.dir/rosidl_typesupport_c/aic_control_interfaces/msg/joint_motion_update__type_support.cpp.o[0m
[12.554s] [ 40%] [32mBuilding CXX object CMakeFiles/aic_control_interfaces__rosidl_typesupport_c.dir/rosidl_typesupport_c/aic_control_interfaces/srv/change_target_mode__type_support.cpp.o[0m
[12.564s] [ 41%] [32mBuilding CXX object CMakeFiles/aic_control_interfaces__rosidl_typesupport_c.dir/rosidl_typesupport_c/aic_control_interfaces/msg/trajectory_generation_mode__type_support.cpp.o[0m
[12.960s] [ 42%] [1m[32mLinking CXX shared library libaic_control_interfaces__rosidl_typesupport_c.so[0m
[13.060s] [ 43%] [32mBuilding CXX object CMakeFiles/aic_control_interfaces__rosidl_typesupport_introspection_cpp.dir/rosidl_typesupport_introspection_cpp/aic_control_interfaces/msg/detail/controller_state__type_support.cpp.o[0m
[13.065s] [ 44%] [32mBuilding CXX object CMakeFiles/aic_control_interfaces__rosidl_typesupport_introspection_cpp.dir/rosidl_typesupport_introspection_cpp/aic_control_interfaces/msg/detail/joint_motion_update__type_support.cpp.o[0m
[13.080s] [ 45%] [32mBuilding CXX object CMakeFiles/aic_control_interfaces__rosidl_typesupport_introspection_cpp.dir/rosidl_typesupport_introspection_cpp/aic_control_interfaces/msg/detail/motion_update__type_support.cpp.o[0m
[13.094s] [ 47%] [32mBuilding CXX object CMakeFiles/aic_control_interfaces__rosidl_typesupport_introspection_cpp.dir/rosidl_typesupport_introspection_cpp/aic_control_interfaces/msg/detail/target_mode__type_support.cpp.o[0m
[13.105s] [ 48%] [32mBuilding CXX object CMakeFiles/aic_control_interfaces__rosidl_typesupport_introspection_cpp.dir/rosidl_typesupport_introspection_cpp/aic_control_interfaces/msg/detail/trajectory_generation_mode__type_support.cpp.o[0m
[13.116s] [ 49%] [32mBuilding CXX object CMakeFiles/aic_control_interfaces__rosidl_typesupport_introspection_cpp.dir/rosidl_typesupport_introspection_cpp/aic_control_interfaces/srv/detail/change_target_mode__type_support.cpp.o[0m
[13.131s] [ 50%] [32mBuilding CXX object CMakeFiles/aic_control_interfaces__rosidl_typesupport_fastrtps_c.dir/rosidl_typesupport_fastrtps_c/aic_control_interfaces/msg/detail/joint_motion_update__type_support_c.cpp.o[0m
[13.144s] [ 51%] [32mBuilding CXX object CMakeFiles/aic_control_interfaces__rosidl_typesupport_fastrtps_c.dir/rosidl_typesupport_fastrtps_c/aic_control_interfaces/msg/detail/controller_state__type_support_c.cpp.o[0m
[13.154s] [ 52%] [32mBuilding C object CMakeFiles/aic_control_interfaces__rosidl_typesupport_introspection_c.dir/rosidl_typesupport_introspection_c/aic_control_interfaces/msg/detail/controller_state__type_support.c.o[0m
[13.157s] [ 54%] [32mBuilding CXX object CMakeFiles/aic_control_interfaces__rosidl_typesupport_fastrtps_cpp.dir/rosidl_typesupport_fastrtps_cpp/aic_control_interfaces/msg/detail/dds_fastrtps/controller_state__type_support.cpp.o[0m
[13.190s] [ 55%] [32mBuilding CXX object CMakeFiles/aic_control_interfaces__rosidl_typesupport_cpp.dir/rosidl_typesupport_cpp/aic_control_interfaces/msg/controller_state__type_support.cpp.o[0m
[13.281s] [ 55%] Built target aic_control_interfaces__rosidl_typesupport_c
[13.394s] [ 56%] [32mBuilding C object CMakeFiles/aic_control_interfaces__rosidl_typesupport_introspection_c.dir/rosidl_typesupport_introspection_c/aic_control_interfaces/msg/detail/joint_motion_update__type_support.c.o[0m
[13.462s] [ 57%] [32mBuilding CXX object CMakeFiles/aic_control_interfaces__rosidl_typesupport_fastrtps_cpp.dir/rosidl_typesupport_fastrtps_cpp/aic_control_interfaces/msg/detail/dds_fastrtps/joint_motion_update__type_support.cpp.o[0m
[13.792s] [ 58%] [32mBuilding C object CMakeFiles/aic_control_interfaces__rosidl_typesupport_introspection_c.dir/rosidl_typesupport_introspection_c/aic_control_interfaces/msg/detail/motion_update__type_support.c.o[0m
[13.831s] [ 60%] [32mBuilding CXX object CMakeFiles/aic_control_interfaces__rosidl_typesupport_cpp.dir/rosidl_typesupport_cpp/aic_control_interfaces/msg/joint_motion_update__type_support.cpp.o[0m
[13.925s] [ 61%] [32mBuilding C object CMakeFiles/aic_control_interfaces__rosidl_typesupport_introspection_c.dir/rosidl_typesupport_introspection_c/aic_control_interfaces/msg/detail/target_mode__type_support.c.o[0m
[13.955s] [ 62%] [32mBuilding CXX object CMakeFiles/aic_control_interfaces__rosidl_typesupport_cpp.dir/rosidl_typesupport_cpp/aic_control_interfaces/msg/motion_update__type_support.cpp.o[0m
[13.974s] [ 63%] [32mBuilding C object CMakeFiles/aic_control_interfaces__rosidl_typesupport_introspection_c.dir/rosidl_typesupport_introspection_c/aic_control_interfaces/msg/detail/trajectory_generation_mode__type_support.c.o[0m
[14.021s] [ 64%] [32mBuilding CXX object CMakeFiles/aic_control_interfaces__rosidl_typesupport_fastrtps_cpp.dir/rosidl_typesupport_fastrtps_cpp/aic_control_interfaces/msg/detail/dds_fastrtps/motion_update__type_support.cpp.o[0m
[14.100s] [ 65%] [32mBuilding CXX object CMakeFiles/aic_control_interfaces__rosidl_typesupport_cpp.dir/rosidl_typesupport_cpp/aic_control_interfaces/msg/target_mode__type_support.cpp.o[0m
[14.115s] [ 67%] [32mBuilding C object CMakeFiles/aic_control_interfaces__rosidl_typesupport_introspection_c.dir/rosidl_typesupport_introspection_c/aic_control_interfaces/srv/detail/change_target_mode__type_support.c.o[0m
[14.133s] [ 68%] [32mBuilding CXX object CMakeFiles/aic_control_interfaces__rosidl_typesupport_cpp.dir/rosidl_typesupport_cpp/aic_control_interfaces/msg/trajectory_generation_mode__type_support.cpp.o[0m
[14.137s] [ 69%] [32mBuilding CXX object CMakeFiles/aic_control_interfaces__rosidl_typesupport_fastrtps_c.dir/rosidl_typesupport_fastrtps_c/aic_control_interfaces/msg/detail/motion_update__type_support_c.cpp.o[0m
[14.163s] [ 70%] [32mBuilding CXX object CMakeFiles/aic_control_interfaces__rosidl_typesupport_fastrtps_cpp.dir/rosidl_typesupport_fastrtps_cpp/aic_control_interfaces/msg/detail/dds_fastrtps/target_mode__type_support.cpp.o[0m
[14.178s] [ 71%] [32mBuilding CXX object CMakeFiles/aic_control_interfaces__rosidl_typesupport_cpp.dir/rosidl_typesupport_cpp/aic_control_interfaces/srv/change_target_mode__type_support.cpp.o[0m
[14.287s] [ 72%] [1m[32mLinking CXX shared library libaic_control_interfaces__rosidl_typesupport_introspection_cpp.so[0m
[14.325s] [ 74%] [32mBuilding CXX object CMakeFiles/aic_control_interfaces__rosidl_typesupport_fastrtps_c.dir/rosidl_typesupport_fastrtps_c/aic_control_interfaces/msg/detail/target_mode__type_support_c.cpp.o[0m
[14.417s] [ 75%] [1m[32mLinking C shared library libaic_control_interfaces__rosidl_typesupport_introspection_c.so[0m
[14.537s] [ 76%] [32mBuilding CXX object CMakeFiles/aic_control_interfaces__rosidl_typesupport_fastrtps_c.dir/rosidl_typesupport_fastrtps_c/aic_control_interfaces/msg/detail/trajectory_generation_mode__type_support_c.cpp.o[0m
[14.695s] [ 76%] Built target aic_control_interfaces__rosidl_typesupport_introspection_cpp
[14.781s] [ 77%] [32mBuilding CXX object CMakeFiles/aic_control_interfaces__rosidl_typesupport_fastrtps_c.dir/rosidl_typesupport_fastrtps_c/aic_control_interfaces/srv/detail/change_target_mode__type_support_c.cpp.o[0m
[14.787s] [ 77%] Built target aic_control_interfaces__rosidl_typesupport_introspection_c
[14.793s] [ 78%] [32mBuilding CXX object CMakeFiles/aic_control_interfaces__rosidl_typesupport_fastrtps_cpp.dir/rosidl_typesupport_fastrtps_cpp/aic_control_interfaces/msg/detail/dds_fastrtps/trajectory_generation_mode__type_support.cpp.o[0m
[14.821s] [ 80%] [32mBuilding CXX object CMakeFiles/aic_control_interfaces__rosidl_typesupport_fastrtps_cpp.dir/rosidl_typesupport_fastrtps_cpp/aic_control_interfaces/srv/detail/dds_fastrtps/change_target_mode__type_support.cpp.o[0m
[15.318s] [ 81%] [1m[32mLinking CXX shared library libaic_control_interfaces__rosidl_typesupport_cpp.so[0m
[15.552s] [ 81%] Built target aic_control_interfaces__rosidl_typesupport_cpp
[15.616s] [ 82%] [1m[32mLinking CXX shared library libaic_control_interfaces__rosidl_typesupport_fastrtps_c.so[0m
[15.833s] [ 82%] Built target aic_control_interfaces__rosidl_typesupport_fastrtps_c
[15.916s] [ 83%] [1m[32mLinking CXX shared library libaic_control_interfaces__rosidl_typesupport_fastrtps_cpp.so[0m
[16.120s] [ 83%] Built target aic_control_interfaces__rosidl_typesupport_fastrtps_cpp
[16.246s] [ 83%] Built target aic_control_interfaces
[16.352s] [ 84%] [1m[34mGenerating Python code for ROS interfaces[0m
[17.193s] [ 84%] Built target aic_control_interfaces__py
[17.302s] [ 85%] [32mBuilding C object CMakeFiles/aic_control_interfaces__rosidl_generator_py.dir/rosidl_generator_py/aic_control_interfaces/msg/_motion_update_s.c.o[0m
[17.310s] [ 87%] [32mBuilding C object CMakeFiles/aic_control_interfaces__rosidl_generator_py.dir/rosidl_generator_py/aic_control_interfaces/msg/_joint_motion_update_s.c.o[0m
[17.312s] [ 88%] [32mBuilding C object CMakeFiles/aic_control_interfaces__rosidl_generator_py.dir/rosidl_generator_py/aic_control_interfaces/msg/_target_mode_s.c.o[0m
[17.313s] [ 89%] [32mBuilding C object CMakeFiles/aic_control_interfaces__rosidl_generator_py.dir/rosidl_generator_py/aic_control_interfaces/msg/_trajectory_generation_mode_s.c.o[0m
[17.316s] [ 90%] [32mBuilding C object CMakeFiles/aic_control_interfaces__rosidl_generator_py.dir/rosidl_generator_py/aic_control_interfaces/msg/_controller_state_s.c.o[0m
[17.319s] [ 91%] [32mBuilding C object CMakeFiles/aic_control_interfaces__rosidl_generator_py.dir/rosidl_generator_py/aic_control_interfaces/srv/_change_target_mode_s.c.o[0m
[17.646s] [ 92%] [1m[32mLinking C shared library libaic_control_interfaces__rosidl_generator_py.so[0m
[17.796s] [ 92%] Built target aic_control_interfaces__rosidl_generator_py
[17.904s] [ 94%] [32mBuilding C object CMakeFiles/aic_control_interfaces_s__rosidl_typesupport_introspection_c.dir/rosidl_generator_py/aic_control_interfaces/_aic_control_interfaces_s.ep.rosidl_typesupport_introspection_c.c.o[0m
[17.910s] [ 95%] [32mBuilding C object CMakeFiles/aic_control_interfaces_s__rosidl_typesupport_fastrtps_c.dir/rosidl_generator_py/aic_control_interfaces/_aic_control_interfaces_s.ep.rosidl_typesupport_fastrtps_c.c.o[0m
[17.911s] [ 96%] [32mBuilding C object CMakeFiles/aic_control_interfaces_s__rosidl_typesupport_c.dir/rosidl_generator_py/aic_control_interfaces/_aic_control_interfaces_s.ep.rosidl_typesupport_c.c.o[0m
[18.097s] [ 97%] [1m[32mLinking C shared module rosidl_generator_py/aic_control_interfaces/aic_control_interfaces_s__rosidl_typesupport_c.so[0m
[18.100s] [ 98%] [1m[32mLinking C shared module rosidl_generator_py/aic_control_interfaces/aic_control_interfaces_s__rosidl_typesupport_introspection_c.so[0m
[18.152s] [100%] [1m[32mLinking C shared module rosidl_generator_py/aic_control_interfaces/aic_control_interfaces_s__rosidl_typesupport_fastrtps_c.so[0m
[18.216s] [100%] Built target aic_control_interfaces_s__rosidl_typesupport_c
[18.225s] [100%] Built target aic_control_interfaces_s__rosidl_typesupport_introspection_c
[18.291s] [100%] Built target aic_control_interfaces_s__rosidl_typesupport_fastrtps_c
[18.326s] Invoked command in '/home/radhae/ws_aic/build/aic_control_interfaces' returned '0': CMAKE_PREFIX_PATH=${CMAKE_PREFIX_PATH}:/opt/ros/kilted:/home/radhae/ws_aic/src/aic/.pixi/envs/default:/home/radhae/cognipilot/cranium/install/b3rb_ros_line_follower:/opt/ros/humble PS1=\[\e]0;\u@\h: \w\a\]${debian_chroot:+($debian_chroot)}\[\033[01;32m\]\u@\h\[\033[00m\]:\[\033[01;34m\]\w\[\033[00m\]\$ /home/radhae/ws_aic/src/aic/.pixi/envs/default/bin/cmake --build /home/radhae/ws_aic/build/aic_control_interfaces -- -j12 -l12
[18.328s] Invoking command in '/home/radhae/ws_aic/build/aic_control_interfaces': CMAKE_PREFIX_PATH=${CMAKE_PREFIX_PATH}:/opt/ros/kilted:/home/radhae/ws_aic/src/aic/.pixi/envs/default:/home/radhae/cognipilot/cranium/install/b3rb_ros_line_follower:/opt/ros/humble PS1=\[\e]0;\u@\h: \w\a\]${debian_chroot:+($debian_chroot)}\[\033[01;32m\]\u@\h\[\033[00m\]:\[\033[01;34m\]\w\[\033[00m\]\$ /home/radhae/ws_aic/src/aic/.pixi/envs/default/bin/cmake --install /home/radhae/ws_aic/build/aic_control_interfaces
[18.486s] -- Install configuration: ""
[18.486s] -- Installing: /home/radhae/ws_aic/install/aic_control_interfaces/share/ament_index/resource_index/rosidl_interfaces/aic_control_interfaces
[18.486s] -- Installing: /home/radhae/ws_aic/install/aic_control_interfaces/share/aic_control_interfaces/msg/ControllerState.json
[18.486s] -- Installing: /home/radhae/ws_aic/install/aic_control_interfaces/share/aic_control_interfaces/msg/JointMotionUpdate.json
[18.487s] -- Installing: /home/radhae/ws_aic/install/aic_control_interfaces/share/aic_control_interfaces/msg/MotionUpdate.json
[18.487s] -- Installing: /home/radhae/ws_aic/install/aic_control_interfaces/share/aic_control_interfaces/msg/TargetMode.json
[18.487s] -- Installing: /home/radhae/ws_aic/install/aic_control_interfaces/share/aic_control_interfaces/msg/TrajectoryGenerationMode.json
[18.487s] -- Installing: /home/radhae/ws_aic/install/aic_control_interfaces/share/aic_control_interfaces/srv/ChangeTargetMode.json
[18.487s] -- Installing: /home/radhae/ws_aic/install/aic_control_interfaces/include/aic_control_interfaces/aic_control_interfaces
[18.487s] -- Installing: /home/radhae/ws_aic/install/aic_control_interfaces/include/aic_control_interfaces/aic_control_interfaces/srv
[18.487s] -- Installing: /home/radhae/ws_aic/install/aic_control_interfaces/include/aic_control_interfaces/aic_control_interfaces/srv/change_target_mode.h
[18.488s] -- Installing: /home/radhae/ws_aic/install/aic_control_interfaces/include/aic_control_interfaces/aic_control_interfaces/srv/detail
[18.488s] -- Installing: /home/radhae/ws_aic/install/aic_control_interfaces/include/aic_control_interfaces/aic_control_interfaces/srv/detail/change_target_mode__functions.h
[18.488s] -- Installing: /home/radhae/ws_aic/install/aic_control_interfaces/include/aic_control_interfaces/aic_control_interfaces/srv/detail/change_target_mode__description.c
[18.488s] -- Installing: /home/radhae/ws_aic/install/aic_control_interfaces/include/aic_control_interfaces/aic_control_interfaces/srv/detail/change_target_mode__struct.h
[18.488s] -- Installing: /home/radhae/ws_aic/install/aic_control_interfaces/include/aic_control_interfaces/aic_control_interfaces/srv/detail/change_target_mode__type_support.h
[18.488s] -- Installing: /home/radhae/ws_aic/install/aic_control_interfaces/include/aic_control_interfaces/aic_control_interfaces/srv/detail/change_target_mode__functions.c
[18.488s] -- Installing: /home/radhae/ws_aic/install/aic_control_interfaces/include/aic_control_interfaces/aic_control_interfaces/srv/detail/change_target_mode__type_support.c
[18.489s] -- Installing: /home/radhae/ws_aic/install/aic_control_interfaces/include/aic_control_interfaces/aic_control_interfaces/msg
[18.489s] -- Installing: /home/radhae/ws_aic/install/aic_control_interfaces/include/aic_control_interfaces/aic_control_interfaces/msg/target_mode.h
[18.489s] -- Installing: /home/radhae/ws_aic/install/aic_control_interfaces/include/aic_control_interfaces/aic_control_interfaces/msg/trajectory_generation_mode.h
[18.489s] -- Installing: /home/radhae/ws_aic/install/aic_control_interfaces/include/aic_control_interfaces/aic_control_interfaces/msg/rosidl_generator_c__visibility_control.h
[18.489s] -- Installing: /home/radhae/ws_aic/install/aic_control_interfaces/include/aic_control_interfaces/aic_control_interfaces/msg/controller_state.h
[18.489s] -- Installing: /home/radhae/ws_aic/install/aic_control_interfaces/include/aic_control_interfaces/aic_control_interfaces/msg/joint_motion_update.h
[18.489s] -- Installing: /home/radhae/ws_aic/install/aic_control_interfaces/include/aic_control_interfaces/aic_control_interfaces/msg/detail
[18.489s] -- Installing: /home/radhae/ws_aic/install/aic_control_interfaces/include/aic_control_interfaces/aic_control_interfaces/msg/detail/joint_motion_update__functions.c
[18.490s] -- Installing: /home/radhae/ws_aic/install/aic_control_interfaces/include/aic_control_interfaces/aic_control_interfaces/msg/detail/target_mode__functions.c
[18.490s] -- Installing: /home/radhae/ws_aic/install/aic_control_interfaces/include/aic_control_interfaces/aic_control_interfaces/msg/detail/target_mode__type_support.h
[18.490s] -- Installing: /home/radhae/ws_aic/install/aic_control_interfaces/include/aic_control_interfaces/aic_control_interfaces/msg/detail/controller_state__struct.h
[18.490s] -- Installing: /home/radhae/ws_aic/install/aic_control_interfaces/include/aic_control_interfaces/aic_control_interfaces/msg/detail/target_mode__functions.h
[18.490s] -- Installing: /home/radhae/ws_aic/install/aic_control_interfaces/include/aic_control_interfaces/aic_control_interfaces/msg/detail/motion_update__type_support.h
[18.490s] -- Installing: /home/radhae/ws_aic/install/aic_control_interfaces/include/aic_control_interfaces/aic_control_interfaces/msg/detail/controller_state__type_support.c
[18.490s] -- Installing: /home/radhae/ws_aic/install/aic_control_interfaces/include/aic_control_interfaces/aic_control_interfaces/msg/detail/motion_update__struct.h
[18.491s] -- Installing: /home/radhae/ws_aic/install/aic_control_interfaces/include/aic_control_interfaces/aic_control_interfaces/msg/detail/motion_update__description.c
[18.491s] -- Installing: /home/radhae/ws_aic/install/aic_control_interfaces/include/aic_control_interfaces/aic_control_interfaces/msg/detail/joint_motion_update__type_support.c
[18.491s] -- Installing: /home/radhae/ws_aic/install/aic_control_interfaces/include/aic_control_interfaces/aic_control_interfaces/msg/detail/trajectory_generation_mode__functions.h
[18.491s] -- Installing: /home/radhae/ws_aic/install/aic_control_interfaces/include/aic_control_interfaces/aic_control_interfaces/msg/detail/target_mode__struct.h
[18.491s] -- Installing: /home/radhae/ws_aic/install/aic_control_interfaces/include/aic_control_interfaces/aic_control_interfaces/msg/detail/controller_state__functions.c
[18.491s] -- Installing: /home/radhae/ws_aic/install/aic_control_interfaces/include/aic_control_interfaces/aic_control_interfaces/msg/detail/motion_update__type_support.c
[18.491s] -- Installing: /home/radhae/ws_aic/install/aic_control_interfaces/include/aic_control_interfaces/aic_control_interfaces/msg/detail/trajectory_generation_mode__functions.c
[18.492s] -- Installing: /home/radhae/ws_aic/install/aic_control_interfaces/include/aic_control_interfaces/aic_control_interfaces/msg/detail/target_mode__type_support.c
[18.492s] -- Installing: /home/radhae/ws_aic/install/aic_control_interfaces/include/aic_control_interfaces/aic_control_interfaces/msg/detail/joint_motion_update__struct.h
[18.492s] -- Installing: /home/radhae/ws_aic/install/aic_control_interfaces/include/aic_control_interfaces/aic_control_interfaces/msg/detail/motion_update__functions.c
[18.492s] -- Installing: /home/radhae/ws_aic/install/aic_control_interfaces/include/aic_control_interfaces/aic_control_interfaces/msg/detail/controller_state__description.c
[18.492s] -- Installing: /home/radhae/ws_aic/install/aic_control_interfaces/include/aic_control_interfaces/aic_control_interfaces/msg/detail/target_mode__description.c
[18.492s] -- Installing: /home/radhae/ws_aic/install/aic_control_interfaces/include/aic_control_interfaces/aic_control_interfaces/msg/detail/trajectory_generation_mode__type_support.h
[18.492s] -- Installing: /home/radhae/ws_aic/install/aic_control_interfaces/include/aic_control_interfaces/aic_control_interfaces/msg/detail/motion_update__functions.h
[18.493s] -- Installing: /home/radhae/ws_aic/install/aic_control_interfaces/include/aic_control_interfaces/aic_control_interfaces/msg/detail/controller_state__functions.h
[18.493s] -- Installing: /home/radhae/ws_aic/install/aic_control_interfaces/include/aic_control_interfaces/aic_control_interfaces/msg/detail/trajectory_generation_mode__description.c
[18.493s] -- Installing: /home/radhae/ws_aic/install/aic_control_interfaces/include/aic_control_interfaces/aic_control_interfaces/msg/detail/controller_state__type_support.h
[18.493s] -- Installing: /home/radhae/ws_aic/install/aic_control_interfaces/include/aic_control_interfaces/aic_control_interfaces/msg/detail/joint_motion_update__description.c
[18.493s] -- Installing: /home/radhae/ws_aic/install/aic_control_interfaces/include/aic_control_interfaces/aic_control_interfaces/msg/detail/trajectory_generation_mode__struct.h
[18.494s] -- Installing: /home/radhae/ws_aic/install/aic_control_interfaces/include/aic_control_interfaces/aic_control_interfaces/msg/detail/trajectory_generation_mode__type_support.c
[18.494s] -- Installing: /home/radhae/ws_aic/install/aic_control_interfaces/include/aic_control_interfaces/aic_control_interfaces/msg/detail/joint_motion_update__type_support.h
[18.494s] -- Installing: /home/radhae/ws_aic/install/aic_control_interfaces/include/aic_control_interfaces/aic_control_interfaces/msg/detail/joint_motion_update__functions.h
[18.494s] -- Installing: /home/radhae/ws_aic/install/aic_control_interfaces/include/aic_control_interfaces/aic_control_interfaces/msg/motion_update.h
[18.494s] -- Installing: /home/radhae/ws_aic/install/aic_control_interfaces/share/aic_control_interfaces/environment/library_path.sh
[18.495s] -- Installing: /home/radhae/ws_aic/install/aic_control_interfaces/share/aic_control_interfaces/environment/library_path.dsv
[18.495s] -- Installing: /home/radhae/ws_aic/install/aic_control_interfaces/lib/libaic_control_interfaces__rosidl_generator_c.so
[18.495s] -- Set non-toolchain portion of runtime path of "/home/radhae/ws_aic/install/aic_control_interfaces/lib/libaic_control_interfaces__rosidl_generator_c.so" to ""
[18.495s] -- Up-to-date: /home/radhae/ws_aic/install/aic_control_interfaces/include/aic_control_interfaces/aic_control_interfaces
[18.495s] -- Up-to-date: /home/radhae/ws_aic/install/aic_control_interfaces/include/aic_control_interfaces/aic_control_interfaces/srv
[18.495s] -- Up-to-date: /home/radhae/ws_aic/install/aic_control_interfaces/include/aic_control_interfaces/aic_control_interfaces/srv/detail
[18.496s] -- Installing: /home/radhae/ws_aic/install/aic_control_interfaces/include/aic_control_interfaces/aic_control_interfaces/srv/detail/change_target_mode__rosidl_typesupport_fastrtps_c.h
[18.496s] -- Up-to-date: /home/radhae/ws_aic/install/aic_control_interfaces/include/aic_control_interfaces/aic_control_interfaces/msg
[18.496s] -- Installing: /home/radhae/ws_aic/install/aic_control_interfaces/include/aic_control_interfaces/aic_control_interfaces/msg/rosidl_typesupport_fastrtps_c__visibility_control.h
[18.496s] -- Up-to-date: /home/radhae/ws_aic/install/aic_control_interfaces/include/aic_control_interfaces/aic_control_interfaces/msg/detail
[18.496s] -- Installing: /home/radhae/ws_aic/install/aic_control_interfaces/include/aic_control_interfaces/aic_control_interfaces/msg/detail/motion_update__rosidl_typesupport_fastrtps_c.h
[18.496s] -- Installing: /home/radhae/ws_aic/install/aic_control_interfaces/include/aic_control_interfaces/aic_control_interfaces/msg/detail/controller_state__rosidl_typesupport_fastrtps_c.h
[18.496s] -- Installing: /home/radhae/ws_aic/install/aic_control_interfaces/include/aic_control_interfaces/aic_control_interfaces/msg/detail/target_mode__rosidl_typesupport_fastrtps_c.h
[18.496s] -- Installing: /home/radhae/ws_aic/install/aic_control_interfaces/include/aic_control_interfaces/aic_control_interfaces/msg/detail/trajectory_generation_mode__rosidl_typesupport_fastrtps_c.h
[18.497s] -- Installing: /home/radhae/ws_aic/install/aic_control_interfaces/include/aic_control_interfaces/aic_control_interfaces/msg/detail/joint_motion_update__rosidl_typesupport_fastrtps_c.h
[18.497s] -- Installing: /home/radhae/ws_aic/install/aic_control_interfaces/lib/libaic_control_interfaces__rosidl_typesupport_fastrtps_c.so
[18.497s] -- Set non-toolchain portion of runtime path of "/home/radhae/ws_aic/install/aic_control_interfaces/lib/libaic_control_interfaces__rosidl_typesupport_fastrtps_c.so" to ""
[18.497s] -- Up-to-date: /home/radhae/ws_aic/install/aic_control_interfaces/include/aic_control_interfaces/aic_control_interfaces
[18.497s] -- Up-to-date: /home/radhae/ws_aic/install/aic_control_interfaces/include/aic_control_interfaces/aic_control_interfaces/srv
[18.497s] -- Up-to-date: /home/radhae/ws_aic/install/aic_control_interfaces/include/aic_control_interfaces/aic_control_interfaces/srv/detail
[18.497s] -- Installing: /home/radhae/ws_aic/install/aic_control_interfaces/include/aic_control_interfaces/aic_control_interfaces/srv/detail/change_target_mode__builder.hpp
[18.497s] -- Installing: /home/radhae/ws_aic/install/aic_control_interfaces/include/aic_control_interfaces/aic_control_interfaces/srv/detail/change_target_mode__struct.hpp
[18.498s] -- Installing: /home/radhae/ws_aic/install/aic_control_interfaces/include/aic_control_interfaces/aic_control_interfaces/srv/detail/change_target_mode__type_support.hpp
[18.498s] -- Installing: /home/radhae/ws_aic/install/aic_control_interfaces/include/aic_control_interfaces/aic_control_interfaces/srv/detail/change_target_mode__traits.hpp
[18.498s] -- Installing: /home/radhae/ws_aic/install/aic_control_interfaces/include/aic_control_interfaces/aic_control_interfaces/srv/change_target_mode.hpp
[18.498s] -- Up-to-date: /home/radhae/ws_aic/install/aic_control_interfaces/include/aic_control_interfaces/aic_control_interfaces/msg
[18.498s] -- Installing: /home/radhae/ws_aic/install/aic_control_interfaces/include/aic_control_interfaces/aic_control_interfaces/msg/controller_state.hpp
[18.498s] -- Installing: /home/radhae/ws_aic/install/aic_control_interfaces/include/aic_control_interfaces/aic_control_interfaces/msg/motion_update.hpp
[18.498s] -- Up-to-date: /home/radhae/ws_aic/install/aic_control_interfaces/include/aic_control_interfaces/aic_control_interfaces/msg/detail
[18.498s] -- Installing: /home/radhae/ws_aic/install/aic_control_interfaces/include/aic_control_interfaces/aic_control_interfaces/msg/detail/motion_update__builder.hpp
[18.499s] -- Installing: /home/radhae/ws_aic/install/aic_control_interfaces/include/aic_control_interfaces/aic_control_interfaces/msg/detail/target_mode__builder.hpp
[18.499s] -- Installing: /home/radhae/ws_aic/install/aic_control_interfaces/include/aic_control_interfaces/aic_control_interfaces/msg/detail/trajectory_generation_mode__traits.hpp
[18.499s] -- Installing: /home/radhae/ws_aic/install/aic_control_interfaces/include/aic_control_interfaces/aic_control_interfaces/msg/detail/controller_state__struct.hpp
[18.499s] -- Installing: /home/radhae/ws_aic/install/aic_control_interfaces/include/aic_control_interfaces/aic_control_interfaces/msg/detail/trajectory_generation_mode__builder.hpp
[18.499s] -- Installing: /home/radhae/ws_aic/install/aic_control_interfaces/include/aic_control_interfaces/aic_control_interfaces/msg/detail/joint_motion_update__builder.hpp
[18.499s] -- Installing: /home/radhae/ws_aic/install/aic_control_interfaces/include/aic_control_interfaces/aic_control_interfaces/msg/detail/target_mode__struct.hpp
[18.500s] -- Installing: /home/radhae/ws_aic/install/aic_control_interfaces/include/aic_control_interfaces/aic_control_interfaces/msg/detail/joint_motion_update__struct.hpp
[18.500s] -- Installing: /home/radhae/ws_aic/install/aic_control_interfaces/include/aic_control_interfaces/aic_control_interfaces/msg/detail/joint_motion_update__traits.hpp
[18.500s] -- Installing: /home/radhae/ws_aic/install/aic_control_interfaces/include/aic_control_interfaces/aic_control_interfaces/msg/detail/controller_state__builder.hpp
[18.500s] -- Installing: /home/radhae/ws_aic/install/aic_control_interfaces/include/aic_control_interfaces/aic_control_interfaces/msg/detail/motion_update__struct.hpp
[18.500s] -- Installing: /home/radhae/ws_aic/install/aic_control_interfaces/include/aic_control_interfaces/aic_control_interfaces/msg/detail/controller_state__type_support.hpp
[18.500s] -- Installing: /home/radhae/ws_aic/install/aic_control_interfaces/include/aic_control_interfaces/aic_control_interfaces/msg/detail/trajectory_generation_mode__struct.hpp
[18.500s] -- Installing: /home/radhae/ws_aic/install/aic_control_interfaces/include/aic_control_interfaces/aic_control_interfaces/msg/detail/motion_update__type_support.hpp
[18.500s] -- Installing: /home/radhae/ws_aic/install/aic_control_interfaces/include/aic_control_interfaces/aic_control_interfaces/msg/detail/joint_motion_update__type_support.hpp
[18.501s] -- Installing: /home/radhae/ws_aic/install/aic_control_interfaces/include/aic_control_interfaces/aic_control_interfaces/msg/detail/target_mode__traits.hpp
[18.501s] -- Installing: /home/radhae/ws_aic/install/aic_control_interfaces/include/aic_control_interfaces/aic_control_interfaces/msg/detail/controller_state__traits.hpp
[18.501s] -- Installing: /home/radhae/ws_aic/install/aic_control_interfaces/include/aic_control_interfaces/aic_control_interfaces/msg/detail/trajectory_generation_mode__type_support.hpp
[18.501s] -- Installing: /home/radhae/ws_aic/install/aic_control_interfaces/include/aic_control_interfaces/aic_control_interfaces/msg/detail/target_mode__type_support.hpp
[18.501s] -- Installing: /home/radhae/ws_aic/install/aic_control_interfaces/include/aic_control_interfaces/aic_control_interfaces/msg/detail/motion_update__traits.hpp
[18.501s] -- Installing: /home/radhae/ws_aic/install/aic_control_interfaces/include/aic_control_interfaces/aic_control_interfaces/msg/rosidl_generator_cpp__visibility_control.hpp
[18.501s] -- Installing: /home/radhae/ws_aic/install/aic_control_interfaces/include/aic_control_interfaces/aic_control_interfaces/msg/trajectory_generation_mode.hpp
[18.502s] -- Installing: /home/radhae/ws_aic/install/aic_control_interfaces/include/aic_control_interfaces/aic_control_interfaces/msg/joint_motion_update.hpp
[18.502s] -- Installing: /home/radhae/ws_aic/install/aic_control_interfaces/include/aic_control_interfaces/aic_control_interfaces/msg/target_mode.hpp
[18.502s] -- Up-to-date: /home/radhae/ws_aic/install/aic_control_interfaces/include/aic_control_interfaces/aic_control_interfaces
[18.502s] -- Up-to-date: /home/radhae/ws_aic/install/aic_control_interfaces/include/aic_control_interfaces/aic_control_interfaces/srv
[18.502s] -- Up-to-date: /home/radhae/ws_aic/install/aic_control_interfaces/include/aic_control_interfaces/aic_control_interfaces/srv/detail
[18.502s] -- Installing: /home/radhae/ws_aic/install/aic_control_interfaces/include/aic_control_interfaces/aic_control_interfaces/srv/detail/change_target_mode__rosidl_typesupport_fastrtps_cpp.hpp
[18.502s] -- Installing: /home/radhae/ws_aic/install/aic_control_interfaces/include/aic_control_interfaces/aic_control_interfaces/srv/detail/dds_fastrtps
[18.502s] -- Up-to-date: /home/radhae/ws_aic/install/aic_control_interfaces/include/aic_control_interfaces/aic_control_interfaces/msg
[18.502s] -- Up-to-date: /home/radhae/ws_aic/install/aic_control_interfaces/include/aic_control_interfaces/aic_control_interfaces/msg/detail
[18.502s] -- Installing: /home/radhae/ws_aic/install/aic_control_interfaces/include/aic_control_interfaces/aic_control_interfaces/msg/detail/dds_fastrtps
[18.502s] -- Installing: /home/radhae/ws_aic/install/aic_control_interfaces/include/aic_control_interfaces/aic_control_interfaces/msg/detail/target_mode__rosidl_typesupport_fastrtps_cpp.hpp
[18.503s] -- Installing: /home/radhae/ws_aic/install/aic_control_interfaces/include/aic_control_interfaces/aic_control_interfaces/msg/detail/controller_state__rosidl_typesupport_fastrtps_cpp.hpp
[18.503s] -- Installing: /home/radhae/ws_aic/install/aic_control_interfaces/include/aic_control_interfaces/aic_control_interfaces/msg/detail/trajectory_generation_mode__rosidl_typesupport_fastrtps_cpp.hpp
[18.503s] -- Installing: /home/radhae/ws_aic/install/aic_control_interfaces/include/aic_control_interfaces/aic_control_interfaces/msg/detail/joint_motion_update__rosidl_typesupport_fastrtps_cpp.hpp
[18.503s] -- Installing: /home/radhae/ws_aic/install/aic_control_interfaces/include/aic_control_interfaces/aic_control_interfaces/msg/detail/motion_update__rosidl_typesupport_fastrtps_cpp.hpp
[18.503s] -- Installing: /home/radhae/ws_aic/install/aic_control_interfaces/include/aic_control_interfaces/aic_control_interfaces/msg/rosidl_typesupport_fastrtps_cpp__visibility_control.h
[18.503s] -- Installing: /home/radhae/ws_aic/install/aic_control_interfaces/lib/libaic_control_interfaces__rosidl_typesupport_fastrtps_cpp.so
[18.504s] -- Set non-toolchain portion of runtime path of "/home/radhae/ws_aic/install/aic_control_interfaces/lib/libaic_control_interfaces__rosidl_typesupport_fastrtps_cpp.so" to ""
[18.504s] -- Up-to-date: /home/radhae/ws_aic/install/aic_control_interfaces/include/aic_control_interfaces/aic_control_interfaces
[18.504s] -- Up-to-date: /home/radhae/ws_aic/install/aic_control_interfaces/include/aic_control_interfaces/aic_control_interfaces/srv
[18.504s] -- Up-to-date: /home/radhae/ws_aic/install/aic_control_interfaces/include/aic_control_interfaces/aic_control_interfaces/srv/detail
[18.504s] -- Installing: /home/radhae/ws_aic/install/aic_control_interfaces/include/aic_control_interfaces/aic_control_interfaces/srv/detail/change_target_mode__rosidl_typesupport_introspection_c.h
[18.504s] -- Installing: /home/radhae/ws_aic/install/aic_control_interfaces/include/aic_control_interfaces/aic_control_interfaces/srv/detail/change_target_mode__type_support.c
[18.504s] -- Up-to-date: /home/radhae/ws_aic/install/aic_control_interfaces/include/aic_control_interfaces/aic_control_interfaces/msg
[18.504s] -- Installing: /home/radhae/ws_aic/install/aic_control_interfaces/include/aic_control_interfaces/aic_control_interfaces/msg/rosidl_typesupport_introspection_c__visibility_control.h
[18.504s] -- Up-to-date: /home/radhae/ws_aic/install/aic_control_interfaces/include/aic_control_interfaces/aic_control_interfaces/msg/detail
[18.504s] -- Installing: /home/radhae/ws_aic/install/aic_control_interfaces/include/aic_control_interfaces/aic_control_interfaces/msg/detail/controller_state__type_support.c
[18.505s] -- Installing: /home/radhae/ws_aic/install/aic_control_interfaces/include/aic_control_interfaces/aic_control_interfaces/msg/detail/controller_state__rosidl_typesupport_introspection_c.h
[18.505s] -- Installing: /home/radhae/ws_aic/install/aic_control_interfaces/include/aic_control_interfaces/aic_control_interfaces/msg/detail/joint_motion_update__rosidl_typesupport_introspection_c.h
[18.505s] -- Installing: /home/radhae/ws_aic/install/aic_control_interfaces/include/aic_control_interfaces/aic_control_interfaces/msg/detail/joint_motion_update__type_support.c
[18.505s] -- Installing: /home/radhae/ws_aic/install/aic_control_interfaces/include/aic_control_interfaces/aic_control_interfaces/msg/detail/target_mode__rosidl_typesupport_introspection_c.h
[18.505s] -- Installing: /home/radhae/ws_aic/install/aic_control_interfaces/include/aic_control_interfaces/aic_control_interfaces/msg/detail/motion_update__type_support.c
[18.505s] -- Installing: /home/radhae/ws_aic/install/aic_control_interfaces/include/aic_control_interfaces/aic_control_interfaces/msg/detail/target_mode__type_support.c
[18.505s] -- Installing: /home/radhae/ws_aic/install/aic_control_interfaces/include/aic_control_interfaces/aic_control_interfaces/msg/detail/trajectory_generation_mode__rosidl_typesupport_introspection_c.h
[18.506s] -- Installing: /home/radhae/ws_aic/install/aic_control_interfaces/include/aic_control_interfaces/aic_control_interfaces/msg/detail/motion_update__rosidl_typesupport_introspection_c.h
[18.506s] -- Installing: /home/radhae/ws_aic/install/aic_control_interfaces/include/aic_control_interfaces/aic_control_interfaces/msg/detail/trajectory_generation_mode__type_support.c
[18.506s] -- Installing: /home/radhae/ws_aic/install/aic_control_interfaces/lib/libaic_control_interfaces__rosidl_typesupport_introspection_c.so
[18.506s] -- Set non-toolchain portion of runtime path of "/home/radhae/ws_aic/install/aic_control_interfaces/lib/libaic_control_interfaces__rosidl_typesupport_introspection_c.so" to ""
[18.506s] -- Installing: /home/radhae/ws_aic/install/aic_control_interfaces/lib/libaic_control_interfaces__rosidl_typesupport_c.so
[18.507s] -- Set non-toolchain portion of runtime path of "/home/radhae/ws_aic/install/aic_control_interfaces/lib/libaic_control_interfaces__rosidl_typesupport_c.so" to ""
[18.507s] -- Up-to-date: /home/radhae/ws_aic/install/aic_control_interfaces/include/aic_control_interfaces/aic_control_interfaces
[18.507s] -- Up-to-date: /home/radhae/ws_aic/install/aic_control_interfaces/include/aic_control_interfaces/aic_control_interfaces/srv
[18.507s] -- Up-to-date: /home/radhae/ws_aic/install/aic_control_interfaces/include/aic_control_interfaces/aic_control_interfaces/srv/detail
[18.507s] -- Installing: /home/radhae/ws_aic/install/aic_control_interfaces/include/aic_control_interfaces/aic_control_interfaces/srv/detail/change_target_mode__rosidl_typesupport_introspection_cpp.hpp
[18.507s] -- Installing: /home/radhae/ws_aic/install/aic_control_interfaces/include/aic_control_interfaces/aic_control_interfaces/srv/detail/change_target_mode__type_support.cpp
[18.507s] -- Up-to-date: /home/radhae/ws_aic/install/aic_control_interfaces/include/aic_control_interfaces/aic_control_interfaces/msg
[18.507s] -- Up-to-date: /home/radhae/ws_aic/install/aic_control_interfaces/include/aic_control_interfaces/aic_control_interfaces/msg/detail
[18.507s] -- Installing: /home/radhae/ws_aic/install/aic_control_interfaces/include/aic_control_interfaces/aic_control_interfaces/msg/detail/controller_state__type_support.cpp
[18.507s] -- Installing: /home/radhae/ws_aic/install/aic_control_interfaces/include/aic_control_interfaces/aic_control_interfaces/msg/detail/joint_motion_update__rosidl_typesupport_introspection_cpp.hpp
[18.508s] -- Installing: /home/radhae/ws_aic/install/aic_control_interfaces/include/aic_control_interfaces/aic_control_interfaces/msg/detail/motion_update__rosidl_typesupport_introspection_cpp.hpp
[18.508s] -- Installing: /home/radhae/ws_aic/install/aic_control_interfaces/include/aic_control_interfaces/aic_control_interfaces/msg/detail/target_mode__rosidl_typesupport_introspection_cpp.hpp
[18.508s] -- Installing: /home/radhae/ws_aic/install/aic_control_interfaces/include/aic_control_interfaces/aic_control_interfaces/msg/detail/motion_update__type_support.cpp
[18.508s] -- Installing: /home/radhae/ws_aic/install/aic_control_interfaces/include/aic_control_interfaces/aic_control_interfaces/msg/detail/trajectory_generation_mode__rosidl_typesupport_introspection_cpp.hpp
[18.508s] -- Installing: /home/radhae/ws_aic/install/aic_control_interfaces/include/aic_control_interfaces/aic_control_interfaces/msg/detail/trajectory_generation_mode__type_support.cpp
[18.508s] -- Installing: /home/radhae/ws_aic/install/aic_control_interfaces/include/aic_control_interfaces/aic_control_interfaces/msg/detail/controller_state__rosidl_typesupport_introspection_cpp.hpp
[18.509s] -- Installing: /home/radhae/ws_aic/install/aic_control_interfaces/include/aic_control_interfaces/aic_control_interfaces/msg/detail/joint_motion_update__type_support.cpp
[18.509s] -- Installing: /home/radhae/ws_aic/install/aic_control_interfaces/include/aic_control_interfaces/aic_control_interfaces/msg/detail/target_mode__type_support.cpp
[18.509s] -- Installing: /home/radhae/ws_aic/install/aic_control_interfaces/lib/libaic_control_interfaces__rosidl_typesupport_introspection_cpp.so
[18.509s] -- Set non-toolchain portion of runtime path of "/home/radhae/ws_aic/install/aic_control_interfaces/lib/libaic_control_interfaces__rosidl_typesupport_introspection_cpp.so" to ""
[18.510s] -- Installing: /home/radhae/ws_aic/install/aic_control_interfaces/lib/libaic_control_interfaces__rosidl_typesupport_cpp.so
[18.510s] -- Set non-toolchain portion of runtime path of "/home/radhae/ws_aic/install/aic_control_interfaces/lib/libaic_control_interfaces__rosidl_typesupport_cpp.so" to ""
[18.510s] -- Installing: /home/radhae/ws_aic/install/aic_control_interfaces/share/aic_control_interfaces/environment/pythonpath.sh
[18.510s] -- Installing: /home/radhae/ws_aic/install/aic_control_interfaces/share/aic_control_interfaces/environment/pythonpath.dsv
[18.511s] -- Installing: /home/radhae/ws_aic/install/aic_control_interfaces/lib/python3.12/site-packages/aic_control_interfaces-0.0.1-py3.12.egg-info
[18.511s] -- Installing: /home/radhae/ws_aic/install/aic_control_interfaces/lib/python3.12/site-packages/aic_control_interfaces-0.0.1-py3.12.egg-info/top_level.txt
[18.511s] -- Installing: /home/radhae/ws_aic/install/aic_control_interfaces/lib/python3.12/site-packages/aic_control_interfaces-0.0.1-py3.12.egg-info/SOURCES.txt
[18.511s] -- Installing: /home/radhae/ws_aic/install/aic_control_interfaces/lib/python3.12/site-packages/aic_control_interfaces-0.0.1-py3.12.egg-info/dependency_links.txt
[18.511s] -- Installing: /home/radhae/ws_aic/install/aic_control_interfaces/lib/python3.12/site-packages/aic_control_interfaces-0.0.1-py3.12.egg-info/PKG-INFO
[18.511s] -- Installing: /home/radhae/ws_aic/install/aic_control_interfaces/lib/python3.12/site-packages/aic_control_interfaces
[18.512s] -- Installing: /home/radhae/ws_aic/install/aic_control_interfaces/lib/python3.12/site-packages/aic_control_interfaces/_aic_control_interfaces_s.ep.rosidl_typesupport_fastrtps_c.c
[18.512s] -- Installing: /home/radhae/ws_aic/install/aic_control_interfaces/lib/python3.12/site-packages/aic_control_interfaces/_aic_control_interfaces_s.ep.rosidl_typesupport_introspection_c.c
[18.512s] -- Installing: /home/radhae/ws_aic/install/aic_control_interfaces/lib/python3.12/site-packages/aic_control_interfaces/srv
[18.512s] -- Installing: /home/radhae/ws_aic/install/aic_control_interfaces/lib/python3.12/site-packages/aic_control_interfaces/srv/_change_target_mode_s.c
[18.512s] -- Installing: /home/radhae/ws_aic/install/aic_control_interfaces/lib/python3.12/site-packages/aic_control_interfaces/srv/_change_target_mode.py
[18.512s] -- Installing: /home/radhae/ws_aic/install/aic_control_interfaces/lib/python3.12/site-packages/aic_control_interfaces/srv/__init__.py
[18.512s] -- Installing: /home/radhae/ws_aic/install/aic_control_interfaces/lib/python3.12/site-packages/aic_control_interfaces/aic_control_interfaces_s__rosidl_typesupport_fastrtps_c.so
[18.512s] -- Installing: /home/radhae/ws_aic/install/aic_control_interfaces/lib/python3.12/site-packages/aic_control_interfaces/aic_control_interfaces_s__rosidl_typesupport_c.so
[18.512s] -- Installing: /home/radhae/ws_aic/install/aic_control_interfaces/lib/python3.12/site-packages/aic_control_interfaces/aic_control_interfaces_s__rosidl_typesupport_introspection_c.so
[18.513s] -- Installing: /home/radhae/ws_aic/install/aic_control_interfaces/lib/python3.12/site-packages/aic_control_interfaces/_aic_control_interfaces_s.ep.rosidl_typesupport_c.c
[18.513s] -- Installing: /home/radhae/ws_aic/install/aic_control_interfaces/lib/python3.12/site-packages/aic_control_interfaces/msg
[18.513s] -- Installing: /home/radhae/ws_aic/install/aic_control_interfaces/lib/python3.12/site-packages/aic_control_interfaces/msg/_trajectory_generation_mode.py
[18.513s] -- Installing: /home/radhae/ws_aic/install/aic_control_interfaces/lib/python3.12/site-packages/aic_control_interfaces/msg/_motion_update.py
[18.513s] -- Installing: /home/radhae/ws_aic/install/aic_control_interfaces/lib/python3.12/site-packages/aic_control_interfaces/msg/_trajectory_generation_mode_s.c
[18.513s] -- Installing: /home/radhae/ws_aic/install/aic_control_interfaces/lib/python3.12/site-packages/aic_control_interfaces/msg/_controller_state.py
[18.513s] -- Installing: /home/radhae/ws_aic/install/aic_control_interfaces/lib/python3.12/site-packages/aic_control_interfaces/msg/_controller_state_s.c
[18.513s] -- Installing: /home/radhae/ws_aic/install/aic_control_interfaces/lib/python3.12/site-packages/aic_control_interfaces/msg/_target_mode_s.c
[18.513s] -- Installing: /home/radhae/ws_aic/install/aic_control_interfaces/lib/python3.12/site-packages/aic_control_interfaces/msg/_joint_motion_update.py
[18.514s] -- Installing: /home/radhae/ws_aic/install/aic_control_interfaces/lib/python3.12/site-packages/aic_control_interfaces/msg/_motion_update_s.c
[18.514s] -- Installing: /home/radhae/ws_aic/install/aic_control_interfaces/lib/python3.12/site-packages/aic_control_interfaces/msg/_target_mode.py
[18.514s] -- Installing: /home/radhae/ws_aic/install/aic_control_interfaces/lib/python3.12/site-packages/aic_control_interfaces/msg/_joint_motion_update_s.c
[18.514s] -- Installing: /home/radhae/ws_aic/install/aic_control_interfaces/lib/python3.12/site-packages/aic_control_interfaces/msg/__init__.py
[18.514s] -- Installing: /home/radhae/ws_aic/install/aic_control_interfaces/lib/python3.12/site-packages/aic_control_interfaces/__init__.py
[18.579s] Listing '/home/radhae/ws_aic/install/aic_control_interfaces/lib/python3.12/site-packages/aic_control_interfaces'...
[18.579s] Compiling '/home/radhae/ws_aic/install/aic_control_interfaces/lib/python3.12/site-packages/aic_control_interfaces/__init__.py'...
[18.579s] Listing '/home/radhae/ws_aic/install/aic_control_interfaces/lib/python3.12/site-packages/aic_control_interfaces/msg'...
[18.579s] Compiling '/home/radhae/ws_aic/install/aic_control_interfaces/lib/python3.12/site-packages/aic_control_interfaces/msg/__init__.py'...
[18.579s] Compiling '/home/radhae/ws_aic/install/aic_control_interfaces/lib/python3.12/site-packages/aic_control_interfaces/msg/_controller_state.py'...
[18.579s] Compiling '/home/radhae/ws_aic/install/aic_control_interfaces/lib/python3.12/site-packages/aic_control_interfaces/msg/_joint_motion_update.py'...
[18.579s] Compiling '/home/radhae/ws_aic/install/aic_control_interfaces/lib/python3.12/site-packages/aic_control_interfaces/msg/_motion_update.py'...
[18.579s] Compiling '/home/radhae/ws_aic/install/aic_control_interfaces/lib/python3.12/site-packages/aic_control_interfaces/msg/_target_mode.py'...
[18.580s] Compiling '/home/radhae/ws_aic/install/aic_control_interfaces/lib/python3.12/site-packages/aic_control_interfaces/msg/_trajectory_generation_mode.py'...
[18.580s] Listing '/home/radhae/ws_aic/install/aic_control_interfaces/lib/python3.12/site-packages/aic_control_interfaces/srv'...
[18.580s] Compiling '/home/radhae/ws_aic/install/aic_control_interfaces/lib/python3.12/site-packages/aic_control_interfaces/srv/__init__.py'...
[18.580s] Compiling '/home/radhae/ws_aic/install/aic_control_interfaces/lib/python3.12/site-packages/aic_control_interfaces/srv/_change_target_mode.py'...
[18.586s] -- Installing: /home/radhae/ws_aic/install/aic_control_interfaces/lib/python3.12/site-packages/aic_control_interfaces/aic_control_interfaces_s__rosidl_typesupport_fastrtps_c.so
[18.586s] -- Set non-toolchain portion of runtime path of "/home/radhae/ws_aic/install/aic_control_interfaces/lib/python3.12/site-packages/aic_control_interfaces/aic_control_interfaces_s__rosidl_typesupport_fastrtps_c.so" to ""
[18.587s] -- Installing: /home/radhae/ws_aic/install/aic_control_interfaces/lib/python3.12/site-packages/aic_control_interfaces/aic_control_interfaces_s__rosidl_typesupport_introspection_c.so
[18.587s] -- Set non-toolchain portion of runtime path of "/home/radhae/ws_aic/install/aic_control_interfaces/lib/python3.12/site-packages/aic_control_interfaces/aic_control_interfaces_s__rosidl_typesupport_introspection_c.so" to ""
[18.587s] -- Installing: /home/radhae/ws_aic/install/aic_control_interfaces/lib/python3.12/site-packages/aic_control_interfaces/aic_control_interfaces_s__rosidl_typesupport_c.so
[18.587s] -- Set non-toolchain portion of runtime path of "/home/radhae/ws_aic/install/aic_control_interfaces/lib/python3.12/site-packages/aic_control_interfaces/aic_control_interfaces_s__rosidl_typesupport_c.so" to ""
[18.587s] -- Installing: /home/radhae/ws_aic/install/aic_control_interfaces/lib/libaic_control_interfaces__rosidl_generator_py.so
[18.588s] -- Set non-toolchain portion of runtime path of "/home/radhae/ws_aic/install/aic_control_interfaces/lib/libaic_control_interfaces__rosidl_generator_py.so" to ""
[18.588s] -- Installing: /home/radhae/ws_aic/install/aic_control_interfaces/share/ament_index/resource_index/rust_packages/aic_control_interfaces
[18.588s] -- Installing: /home/radhae/ws_aic/install/aic_control_interfaces/share/aic_control_interfaces/rust
[18.588s] -- Installing: /home/radhae/ws_aic/install/aic_control_interfaces/share/aic_control_interfaces/rust/build.rs
[18.588s] -- Installing: /home/radhae/ws_aic/install/aic_control_interfaces/share/aic_control_interfaces/rust/src
[18.588s] -- Installing: /home/radhae/ws_aic/install/aic_control_interfaces/share/aic_control_interfaces/rust/src/srv
[18.588s] -- Installing: /home/radhae/ws_aic/install/aic_control_interfaces/share/aic_control_interfaces/rust/src/srv/rmw.rs
[18.588s] -- Installing: /home/radhae/ws_aic/install/aic_control_interfaces/share/aic_control_interfaces/rust/src/lib.rs
[18.588s] -- Installing: /home/radhae/ws_aic/install/aic_control_interfaces/share/aic_control_interfaces/rust/src/srv.rs
[18.588s] -- Installing: /home/radhae/ws_aic/install/aic_control_interfaces/share/aic_control_interfaces/rust/src/msg.rs
[18.588s] -- Installing: /home/radhae/ws_aic/install/aic_control_interfaces/share/aic_control_interfaces/rust/src/msg
[18.589s] -- Installing: /home/radhae/ws_aic/install/aic_control_interfaces/share/aic_control_interfaces/rust/src/msg/rmw.rs
[18.589s] -- Installing: /home/radhae/ws_aic/install/aic_control_interfaces/share/aic_control_interfaces/rust/Cargo.toml
[18.589s] -- Installing: /home/radhae/ws_aic/install/aic_control_interfaces/share/aic_control_interfaces/msg/ControllerState.idl
[18.589s] -- Installing: /home/radhae/ws_aic/install/aic_control_interfaces/share/aic_control_interfaces/msg/JointMotionUpdate.idl
[18.589s] -- Installing: /home/radhae/ws_aic/install/aic_control_interfaces/share/aic_control_interfaces/msg/MotionUpdate.idl
[18.589s] -- Installing: /home/radhae/ws_aic/install/aic_control_interfaces/share/aic_control_interfaces/msg/TargetMode.idl
[18.589s] -- Installing: /home/radhae/ws_aic/install/aic_control_interfaces/share/aic_control_interfaces/msg/TrajectoryGenerationMode.idl
[18.589s] -- Installing: /home/radhae/ws_aic/install/aic_control_interfaces/share/aic_control_interfaces/srv/ChangeTargetMode.idl
[18.589s] -- Installing: /home/radhae/ws_aic/install/aic_control_interfaces/share/aic_control_interfaces/msg/ControllerState.msg
[18.590s] -- Installing: /home/radhae/ws_aic/install/aic_control_interfaces/share/aic_control_interfaces/msg/JointMotionUpdate.msg
[18.590s] -- Installing: /home/radhae/ws_aic/install/aic_control_interfaces/share/aic_control_interfaces/msg/MotionUpdate.msg
[18.590s] -- Installing: /home/radhae/ws_aic/install/aic_control_interfaces/share/aic_control_interfaces/msg/TargetMode.msg
[18.590s] -- Installing: /home/radhae/ws_aic/install/aic_control_interfaces/share/aic_control_interfaces/msg/TrajectoryGenerationMode.msg
[18.590s] -- Installing: /home/radhae/ws_aic/install/aic_control_interfaces/share/aic_control_interfaces/srv/ChangeTargetMode.srv
[18.590s] -- Installing: /home/radhae/ws_aic/install/aic_control_interfaces/share/ament_index/resource_index/package_run_dependencies/aic_control_interfaces
[18.590s] -- Installing: /home/radhae/ws_aic/install/aic_control_interfaces/share/ament_index/resource_index/parent_prefix_path/aic_control_interfaces
[18.590s] -- Installing: /home/radhae/ws_aic/install/aic_control_interfaces/share/aic_control_interfaces/environment/ament_prefix_path.sh
[18.591s] -- Installing: /home/radhae/ws_aic/install/aic_control_interfaces/share/aic_control_interfaces/environment/ament_prefix_path.dsv
[18.591s] -- Installing: /home/radhae/ws_aic/install/aic_control_interfaces/share/aic_control_interfaces/environment/path.sh
[18.591s] -- Installing: /home/radhae/ws_aic/install/aic_control_interfaces/share/aic_control_interfaces/environment/path.dsv
[18.591s] -- Installing: /home/radhae/ws_aic/install/aic_control_interfaces/share/aic_control_interfaces/local_setup.bash
[18.591s] -- Installing: /home/radhae/ws_aic/install/aic_control_interfaces/share/aic_control_interfaces/local_setup.sh
[18.591s] -- Installing: /home/radhae/ws_aic/install/aic_control_interfaces/share/aic_control_interfaces/local_setup.zsh
[18.591s] -- Installing: /home/radhae/ws_aic/install/aic_control_interfaces/share/aic_control_interfaces/local_setup.dsv
[18.591s] -- Installing: /home/radhae/ws_aic/install/aic_control_interfaces/share/aic_control_interfaces/package.dsv
[18.591s] -- Installing: /home/radhae/ws_aic/install/aic_control_interfaces/share/ament_index/resource_index/packages/aic_control_interfaces
[18.592s] -- Installing: /home/radhae/ws_aic/install/aic_control_interfaces/share/aic_control_interfaces/cmake/export_aic_control_interfaces__rosidl_generator_cExport.cmake
[18.592s] -- Installing: /home/radhae/ws_aic/install/aic_control_interfaces/share/aic_control_interfaces/cmake/export_aic_control_interfaces__rosidl_generator_cExport-noconfig.cmake
[18.592s] -- Installing: /home/radhae/ws_aic/install/aic_control_interfaces/share/aic_control_interfaces/cmake/export_aic_control_interfaces__rosidl_typesupport_fastrtps_cExport.cmake
[18.592s] -- Installing: /home/radhae/ws_aic/install/aic_control_interfaces/share/aic_control_interfaces/cmake/export_aic_control_interfaces__rosidl_typesupport_fastrtps_cExport-noconfig.cmake
[18.592s] -- Installing: /home/radhae/ws_aic/install/aic_control_interfaces/share/aic_control_interfaces/cmake/export_aic_control_interfaces__rosidl_generator_cppExport.cmake
[18.592s] -- Installing: /home/radhae/ws_aic/install/aic_control_interfaces/share/aic_control_interfaces/cmake/export_aic_control_interfaces__rosidl_typesupport_fastrtps_cppExport.cmake
[18.592s] -- Installing: /home/radhae/ws_aic/install/aic_control_interfaces/share/aic_control_interfaces/cmake/export_aic_control_interfaces__rosidl_typesupport_fastrtps_cppExport-noconfig.cmake
[18.593s] -- Installing: /home/radhae/ws_aic/install/aic_control_interfaces/share/aic_control_interfaces/cmake/aic_control_interfaces__rosidl_typesupport_introspection_cExport.cmake
[18.593s] -- Installing: /home/radhae/ws_aic/install/aic_control_interfaces/share/aic_control_interfaces/cmake/aic_control_interfaces__rosidl_typesupport_introspection_cExport-noconfig.cmake
[18.593s] -- Installing: /home/radhae/ws_aic/install/aic_control_interfaces/share/aic_control_interfaces/cmake/aic_control_interfaces__rosidl_typesupport_cExport.cmake
[18.593s] -- Installing: /home/radhae/ws_aic/install/aic_control_interfaces/share/aic_control_interfaces/cmake/aic_control_interfaces__rosidl_typesupport_cExport-noconfig.cmake
[18.593s] -- Installing: /home/radhae/ws_aic/install/aic_control_interfaces/share/aic_control_interfaces/cmake/aic_control_interfaces__rosidl_typesupport_introspection_cppExport.cmake
[18.593s] -- Installing: /home/radhae/ws_aic/install/aic_control_interfaces/share/aic_control_interfaces/cmake/aic_control_interfaces__rosidl_typesupport_introspection_cppExport-noconfig.cmake
[18.594s] -- Installing: /home/radhae/ws_aic/install/aic_control_interfaces/share/aic_control_interfaces/cmake/aic_control_interfaces__rosidl_typesupport_cppExport.cmake
[18.594s] -- Installing: /home/radhae/ws_aic/install/aic_control_interfaces/share/aic_control_interfaces/cmake/aic_control_interfaces__rosidl_typesupport_cppExport-noconfig.cmake
[18.594s] -- Installing: /home/radhae/ws_aic/install/aic_control_interfaces/share/aic_control_interfaces/cmake/export_aic_control_interfaces__rosidl_generator_pyExport.cmake
[18.594s] -- Installing: /home/radhae/ws_aic/install/aic_control_interfaces/share/aic_control_interfaces/cmake/export_aic_control_interfaces__rosidl_generator_pyExport-noconfig.cmake
[18.594s] -- Installing: /home/radhae/ws_aic/install/aic_control_interfaces/share/aic_control_interfaces/cmake/rosidl_cmake-extras.cmake
[18.595s] -- Installing: /home/radhae/ws_aic/install/aic_control_interfaces/share/aic_control_interfaces/cmake/ament_cmake_export_dependencies-extras.cmake
[18.595s] -- Installing: /home/radhae/ws_aic/install/aic_control_interfaces/share/aic_control_interfaces/cmake/ament_cmake_export_include_directories-extras.cmake
[18.595s] -- Installing: /home/radhae/ws_aic/install/aic_control_interfaces/share/aic_control_interfaces/cmake/ament_cmake_export_libraries-extras.cmake
[18.595s] -- Installing: /home/radhae/ws_aic/install/aic_control_interfaces/share/aic_control_interfaces/cmake/ament_cmake_export_targets-extras.cmake
[18.595s] -- Installing: /home/radhae/ws_aic/install/aic_control_interfaces/share/aic_control_interfaces/cmake/rosidl_cmake_export_typesupport_targets-extras.cmake
[18.595s] -- Installing: /home/radhae/ws_aic/install/aic_control_interfaces/share/aic_control_interfaces/cmake/rosidl_cmake_export_typesupport_libraries-extras.cmake
[18.595s] -- Installing: /home/radhae/ws_aic/install/aic_control_interfaces/share/aic_control_interfaces/cmake/aic_control_interfacesConfig.cmake
[18.596s] -- Installing: /home/radhae/ws_aic/install/aic_control_interfaces/share/aic_control_interfaces/cmake/aic_control_interfacesConfig-version.cmake
[18.596s] -- Installing: /home/radhae/ws_aic/install/aic_control_interfaces/share/aic_control_interfaces/package.xml
[18.600s] Invoked command in '/home/radhae/ws_aic/build/aic_control_interfaces' returned '0': CMAKE_PREFIX_PATH=${CMAKE_PREFIX_PATH}:/opt/ros/kilted:/home/radhae/ws_aic/src/aic/.pixi/envs/default:/home/radhae/cognipilot/cranium/install/b3rb_ros_line_follower:/opt/ros/humble PS1=\[\e]0;\u@\h: \w\a\]${debian_chroot:+($debian_chroot)}\[\033[01;32m\]\u@\h\[\033[00m\]:\[\033[01;34m\]\w\[\033[00m\]\$ /home/radhae/ws_aic/src/aic/.pixi/envs/default/bin/cmake --install /home/radhae/ws_aic/build/aic_control_interfaces
