running egg_info
creating ../../../../build/aic_teleoperation/aic_teleoperation.egg-info
writing ../../../../build/aic_teleoperation/aic_teleoperation.egg-info/PKG-INFO
writing dependency_links to ../../../../build/aic_teleoperation/aic_teleoperation.egg-info/dependency_links.txt
writing entry points to ../../../../build/aic_teleoperation/aic_teleoperation.egg-info/entry_points.txt
writing requirements to ../../../../build/aic_teleoperation/aic_teleoperation.egg-info/requires.txt
writing top-level names to ../../../../build/aic_teleoperation/aic_teleoperation.egg-info/top_level.txt
writing manifest file '../../../../build/aic_teleoperation/aic_teleoperation.egg-info/SOURCES.txt'
reading manifest file '../../../../build/aic_teleoperation/aic_teleoperation.egg-info/SOURCES.txt'
writing manifest file '../../../../build/aic_teleoperation/aic_teleoperation.egg-info/SOURCES.txt'
running build
running build_py
creating /home/radhae/ws_aic/build/aic_teleoperation/build/lib/aic_teleoperation
copying aic_teleoperation/joint_keyboard_teleop.py -> /home/radhae/ws_aic/build/aic_teleoperation/build/lib/aic_teleoperation
copying aic_teleoperation/cartesian_keyboard_teleop.py -> /home/radhae/ws_aic/build/aic_teleoperation/build/lib/aic_teleoperation
copying aic_teleoperation/__init__.py -> /home/radhae/ws_aic/build/aic_teleoperation/build/lib/aic_teleoperation
running install
running install_lib
creating /home/radhae/ws_aic/install/aic_teleoperation/lib/python3.12/site-packages/aic_teleoperation
copying /home/radhae/ws_aic/build/aic_teleoperation/build/lib/aic_teleoperation/joint_keyboard_teleop.py -> /home/radhae/ws_aic/install/aic_teleoperation/lib/python3.12/site-packages/aic_teleoperation
copying /home/radhae/ws_aic/build/aic_teleoperation/build/lib/aic_teleoperation/cartesian_keyboard_teleop.py -> /home/radhae/ws_aic/install/aic_teleoperation/lib/python3.12/site-packages/aic_teleoperation
copying /home/radhae/ws_aic/build/aic_teleoperation/build/lib/aic_teleoperation/__init__.py -> /home/radhae/ws_aic/install/aic_teleoperation/lib/python3.12/site-packages/aic_teleoperation
byte-compiling /home/radhae/ws_aic/install/aic_teleoperation/lib/python3.12/site-packages/aic_teleoperation/joint_keyboard_teleop.py to joint_keyboard_teleop.cpython-312.pyc
byte-compiling /home/radhae/ws_aic/install/aic_teleoperation/lib/python3.12/site-packages/aic_teleoperation/cartesian_keyboard_teleop.py to cartesian_keyboard_teleop.cpython-312.pyc
byte-compiling /home/radhae/ws_aic/install/aic_teleoperation/lib/python3.12/site-packages/aic_teleoperation/__init__.py to __init__.cpython-312.pyc
running install_data
creating /home/radhae/ws_aic/install/aic_teleoperation/share/ament_index/resource_index/packages
copying resource/aic_teleoperation -> /home/radhae/ws_aic/install/aic_teleoperation/share/ament_index/resource_index/packages
copying package.xml -> /home/radhae/ws_aic/install/aic_teleoperation/share/aic_teleoperation
running install_egg_info
Copying ../../../../build/aic_teleoperation/aic_teleoperation.egg-info to /home/radhae/ws_aic/install/aic_teleoperation/lib/python3.12/site-packages/aic_teleoperation-0.0.0-py3.12.egg-info
running install_scripts
Installing cartesian_keyboard_teleop script to /home/radhae/ws_aic/install/aic_teleoperation/lib/aic_teleoperation
Installing joint_keyboard_teleop script to /home/radhae/ws_aic/install/aic_teleoperation/lib/aic_teleoperation
writing list of installed files to '/home/radhae/ws_aic/build/aic_teleoperation/install.log'
