[1.151s] Invoking command in '/home/radhae/ws_aic/src/aic/aic_utils/aic_teleoperation': AMENT_PREFIX_PATH=/home/radhae/ws_aic/install/aic_control_interfaces:${AMENT_PREFIX_PATH} CMAKE_PREFIX_PATH=/home/radhae/ws_aic/install/aic_control_interfaces:${CMAKE_PREFIX_PATH} LD_LIBRARY_PATH=/home/radhae/ws_aic/install/aic_control_interfaces/lib:${LD_LIBRARY_PATH} PS1=\[\e]0;\u@\h: \w\a\]${debian_chroot:+($debian_chroot)}\[\033[01;32m\]\u@\h\[\033[00m\]:\[\033[01;34m\]\w\[\033[00m\]\$ PYTHONPATH=/home/radhae/ws_aic/build/aic_teleoperation/prefix_override:/home/radhae/ws_aic/src/aic/.pixi/envs/default/lib/python3.12/site-packages/colcon_core/task/python/colcon_distutils_commands:/home/radhae/ws_aic/install/aic_teleoperation/lib/python3.12/site-packages:/home/radhae/ws_aic/install/aic_control_interfaces/lib/python3.12/site-packages:${PYTHONPATH} /home/radhae/ws_aic/src/aic/.pixi/envs/default/bin/python3.12 -W ignore:setup.py install is deprecated -W ignore:easy_install command is deprecated setup.py egg_info --egg-base ../../../../build/aic_teleoperation build --build-base /home/radhae/ws_aic/build/aic_teleoperation/build install --record /home/radhae/ws_aic/build/aic_teleoperation/install.log --single-version-externally-managed install_data
[1.465s] running egg_info
[1.479s] creating ../../../../build/aic_teleoperation/aic_teleoperation.egg-info
[1.479s] writing ../../../../build/aic_teleoperation/aic_teleoperation.egg-info/PKG-INFO
[1.479s] writing dependency_links to ../../../../build/aic_teleoperation/aic_teleoperation.egg-info/dependency_links.txt
[1.479s] writing entry points to ../../../../build/aic_teleoperation/aic_teleoperation.egg-info/entry_points.txt
[1.479s] writing requirements to ../../../../build/aic_teleoperation/aic_teleoperation.egg-info/requires.txt
[1.479s] writing top-level names to ../../../../build/aic_teleoperation/aic_teleoperation.egg-info/top_level.txt
[1.480s] writing manifest file '../../../../build/aic_teleoperation/aic_teleoperation.egg-info/SOURCES.txt'
[1.509s] reading manifest file '../../../../build/aic_teleoperation/aic_teleoperation.egg-info/SOURCES.txt'
[1.509s] writing manifest file '../../../../build/aic_teleoperation/aic_teleoperation.egg-info/SOURCES.txt'
[1.510s] running build
[1.510s] running build_py
[1.510s] creating /home/radhae/ws_aic/build/aic_teleoperation/build/lib/aic_teleoperation
[1.510s] copying aic_teleoperation/joint_keyboard_teleop.py -> /home/radhae/ws_aic/build/aic_teleoperation/build/lib/aic_teleoperation
[1.510s] copying aic_teleoperation/cartesian_keyboard_teleop.py -> /home/radhae/ws_aic/build/aic_teleoperation/build/lib/aic_teleoperation
[1.510s] copying aic_teleoperation/__init__.py -> /home/radhae/ws_aic/build/aic_teleoperation/build/lib/aic_teleoperation
[1.511s] running install
[1.514s] running install_lib
[1.528s] creating /home/radhae/ws_aic/install/aic_teleoperation/lib/python3.12/site-packages/aic_teleoperation
[1.529s] copying /home/radhae/ws_aic/build/aic_teleoperation/build/lib/aic_teleoperation/joint_keyboard_teleop.py -> /home/radhae/ws_aic/install/aic_teleoperation/lib/python3.12/site-packages/aic_teleoperation
[1.529s] copying /home/radhae/ws_aic/build/aic_teleoperation/build/lib/aic_teleoperation/cartesian_keyboard_teleop.py -> /home/radhae/ws_aic/install/aic_teleoperation/lib/python3.12/site-packages/aic_teleoperation
[1.529s] copying /home/radhae/ws_aic/build/aic_teleoperation/build/lib/aic_teleoperation/__init__.py -> /home/radhae/ws_aic/install/aic_teleoperation/lib/python3.12/site-packages/aic_teleoperation
[1.529s] byte-compiling /home/radhae/ws_aic/install/aic_teleoperation/lib/python3.12/site-packages/aic_teleoperation/joint_keyboard_teleop.py to joint_keyboard_teleop.cpython-312.pyc
[1.530s] byte-compiling /home/radhae/ws_aic/install/aic_teleoperation/lib/python3.12/site-packages/aic_teleoperation/cartesian_keyboard_teleop.py to cartesian_keyboard_teleop.cpython-312.pyc
[1.532s] byte-compiling /home/radhae/ws_aic/install/aic_teleoperation/lib/python3.12/site-packages/aic_teleoperation/__init__.py to __init__.cpython-312.pyc
[1.532s] running install_data
[1.532s] creating /home/radhae/ws_aic/install/aic_teleoperation/share/ament_index/resource_index/packages
[1.532s] copying resource/aic_teleoperation -> /home/radhae/ws_aic/install/aic_teleoperation/share/ament_index/resource_index/packages
[1.533s] copying package.xml -> /home/radhae/ws_aic/install/aic_teleoperation/share/aic_teleoperation
[1.533s] running install_egg_info
[1.547s] Copying ../../../../build/aic_teleoperation/aic_teleoperation.egg-info to /home/radhae/ws_aic/install/aic_teleoperation/lib/python3.12/site-packages/aic_teleoperation-0.0.0-py3.12.egg-info
[1.548s] running install_scripts
[1.578s] Installing cartesian_keyboard_teleop script to /home/radhae/ws_aic/install/aic_teleoperation/lib/aic_teleoperation
[1.578s] Installing joint_keyboard_teleop script to /home/radhae/ws_aic/install/aic_teleoperation/lib/aic_teleoperation
[1.578s] writing list of installed files to '/home/radhae/ws_aic/build/aic_teleoperation/install.log'
[1.610s] Invoked command in '/home/radhae/ws_aic/src/aic/aic_utils/aic_teleoperation' returned '0': AMENT_PREFIX_PATH=/home/radhae/ws_aic/install/aic_control_interfaces:${AMENT_PREFIX_PATH} CMAKE_PREFIX_PATH=/home/radhae/ws_aic/install/aic_control_interfaces:${CMAKE_PREFIX_PATH} LD_LIBRARY_PATH=/home/radhae/ws_aic/install/aic_control_interfaces/lib:${LD_LIBRARY_PATH} PS1=\[\e]0;\u@\h: \w\a\]${debian_chroot:+($debian_chroot)}\[\033[01;32m\]\u@\h\[\033[00m\]:\[\033[01;34m\]\w\[\033[00m\]\$ PYTHONPATH=/home/radhae/ws_aic/build/aic_teleoperation/prefix_override:/home/radhae/ws_aic/src/aic/.pixi/envs/default/lib/python3.12/site-packages/colcon_core/task/python/colcon_distutils_commands:/home/radhae/ws_aic/install/aic_teleoperation/lib/python3.12/site-packages:/home/radhae/ws_aic/install/aic_control_interfaces/lib/python3.12/site-packages:${PYTHONPATH} /home/radhae/ws_aic/src/aic/.pixi/envs/default/bin/python3.12 -W ignore:setup.py install is deprecated -W ignore:easy_install command is deprecated setup.py egg_info --egg-base ../../../../build/aic_teleoperation build --build-base /home/radhae/ws_aic/build/aic_teleoperation/build install --record /home/radhae/ws_aic/build/aic_teleoperation/install.log --single-version-externally-managed install_data
