-- The C compiler identification is GNU 13.3.0
-- The CXX compiler identification is GNU 13.3.0
-- Detecting C compiler ABI info
-- Detecting C compiler ABI info - done
-- Check for working C compiler: /usr/bin/cc - skipped
-- Detecting C compile features
-- Detecting C compile features - done
-- Detecting CXX compiler ABI info
-- Detecting CXX compiler ABI info - done
-- Check for working CXX compiler: /usr/bin/c++ - skipped
-- Detecting CXX compile features
-- Detecting CXX compile features - done
-- Found ament_cmake: 2.7.5 (/home/radhae/ws_aic/src/aic/.pixi/envs/default/share/ament_cmake/cmake)
-- Found Python3: /home/radhae/ws_aic/src/aic/.pixi/envs/default/bin/python3 (found version "3.12.12") found components: Interpreter
-- Override CMake install command with custom implementation using symlinks instead of copying resources
[31mCMake Error at CMakeLists.txt:11 (find_package):
  By not providing "Findaic_scoring.cmake" in CMAKE_MODULE_PATH this project
  has asked CMake to find a package configuration file provided by
  "aic_scoring", but CMake did not find one.

  Could not find a package configuration file provided by "aic_scoring" with
  any of the following names:

    aic_scoringConfig.cmake
    aic_scoring-config.cmake

  Add the installation prefix of "aic_scoring" to CMAKE_PREFIX_PATH or set
  "aic_scoring_DIR" to a directory containing one of the above files.  If
  "aic_scoring" provides a separate development package or SDK, be sure it
  has been installed.

[0m
-- Configuring incomplete, errors occurred!
