[0mCMake Deprecation Warning at CMakeLists.txt:1 (cmake_minimum_required):
  Compatibility with CMake < 3.10 will be removed from a future version of
  CMake.

  Update the VERSION argument <min> value.  Or, use the <min>...<max> syntax
  to tell CMake that the project requires at least <min> but has been updated
  to work with policies introduced by <max> or earlier.

[0m
-- The C compiler identification is GNU 15.2.0
-- The CXX compiler identification is GNU 15.2.0
-- Detecting C compiler ABI info
-- Detecting C compiler ABI info - done
-- Check for working C compiler: /home/radhae/ws_aic/src/aic/.pixi/envs/default/bin/cc - skipped
-- Detecting C compile features
-- Detecting C compile features - done
-- Detecting CXX compiler ABI info
-- Detecting CXX compiler ABI info - done
-- Check for working CXX compiler: /home/radhae/ws_aic/src/aic/.pixi/envs/default/bin/c++ - skipped
-- Detecting CXX compile features
-- Detecting CXX compile features - done
-- Found ament_cmake: 2.7.5 (/opt/ros/kilted/share/ament_cmake/cmake)
-- Found Python3: /home/radhae/ws_aic/src/aic/.pixi/envs/default/bin/python3 (found version "3.12.13") found components: Interpreter
-- Found gz_cmake_vendor: 0.3.3 (/opt/ros/kilted/share/gz_cmake_vendor/cmake)
-- Found gz_plugin_vendor: 0.2.3 (/home/radhae/ws_aic/src/aic/.pixi/envs/default/share/gz_plugin_vendor/cmake)
-- Looking for gz-plugin3 -- found version 3.1.0
-- Searching for dependencies of gz-plugin3
-- Looking for gz-utils3 -- found version 3.1.1
-- Searching for dependencies of gz-utils3
-- Searching for <gz-utils3> component [cli]
-- Looking for gz-utils3-cli -- found version 3.1.1
-- Searching for dependencies of gz-utils3-cli
-- Searching for <gz-plugin3> component [register]
-- Looking for gz-plugin3-register -- found version 3.1.0
-- Searching for dependencies of gz-plugin3-register
-- Found gz_common_vendor: 0.2.7 (/home/radhae/ws_aic/src/aic/.pixi/envs/default/share/gz_common_vendor/cmake)
-- Looking for gz-common6 -- found version 6.1.0
-- Searching for dependencies of gz-common6
-- Looking for gz-utils3 -- found version 3.1.1
-- Searching for dependencies of gz-utils3
-- Searching for <gz-utils3> component [log]
-- Looking for gz-utils3-log -- found version 3.1.1
-- Searching for dependencies of gz-utils3-log
-- Performing Test CMAKE_HAVE_LIBC_PTHREAD
-- Performing Test CMAKE_HAVE_LIBC_PTHREAD - Failed
-- Looking for pthread_create in pthreads
-- Looking for pthread_create in pthreads - not found
-- Looking for pthread_create in pthread
-- Looking for pthread_create in pthread - found
-- Found Threads: TRUE
-- Checking for module 'uuid'
--   Found uuid, version 2.42.2
-- Found UUID: TRUE
-- Searching for <gz-common6> component [profiler]
-- Looking for gz-common6-profiler -- found version 6.1.0
-- Searching for dependencies of gz-common6-profiler
-- Found gz_msgs_vendor: 0.2.4 (/opt/ros/kilted/share/gz_msgs_vendor/cmake)
-- Looking for gz-msgs11 -- found version 11.1.0
-- Searching for dependencies of gz-msgs11
-- Found ZLIB: /home/radhae/ws_aic/src/aic/.pixi/envs/default/lib/libz.so (found version "1.3.2")
-- Looking for gz-utils3 -- found version 3.1.1
-- Looking for gz-math8 -- found version 8.2.1
-- Searching for dependencies of gz-math8
-- Looking for gz-utils3 -- found version 3.1.1
-- Checking for module 'tinyxml2'
--   Found tinyxml2, version 11.0.0
-- Found gz_sim_vendor: 0.2.3 (/home/radhae/ws_aic/src/aic/.pixi/envs/default/share/gz_sim_vendor/cmake)
-- Looking for gz-sim9 -- found version 9.5.0
-- Searching for dependencies of gz-sim9
-- Looking for sdformat15 -- found version 15.4.0
-- Searching for dependencies of sdformat15
-- Looking for gz-math8 -- found version 8.2.1
-- Looking for gz-utils3 -- found version 3.1.1
-- Looking for gz-plugin3 -- found version 3.1.0
-- Searching for dependencies of gz-plugin3
-- Looking for gz-utils3 -- found version 3.1.1
-- Searching for <gz-plugin3> component [loader]
-- Looking for gz-plugin3-loader -- found version 3.1.0
-- Searching for dependencies of gz-plugin3-loader
-- Searching for <gz-plugin3> component [register]
-- Looking for gz-transport14 -- found version 14.2.0
-- Searching for dependencies of gz-transport14
-- Looking for gz-utils3 -- found version 3.1.1
-- Looking for gz-msgs11 -- found version 11.1.0
-- Searching for <gz-transport14> component [log]
-- Looking for gz-transport14-log -- found version 14.2.0
-- Searching for dependencies of gz-transport14-log
-- Searching for <gz-transport14> component [parameters]
-- Looking for gz-transport14-parameters -- found version 14.2.0
-- Searching for dependencies of gz-transport14-parameters
-- Looking for gz-msgs11 -- found version 11.1.0
-- Looking for gz-common6 -- found version 6.1.0
-- Searching for dependencies of gz-common6
-- Looking for gz-utils3 -- found version 3.1.1
-- Searching for <gz-common6> component [av]
-- Looking for gz-common6-av -- found version 6.1.0
-- Searching for dependencies of gz-common6-av
-- Checking for module 'libswscale'
--   Found libswscale, version 9.5.102
-- Found SWSCALE: TRUE
-- Checking for module 'libavdevice >= 56.4.100'
--   Found libavdevice, version 62.3.102
-- Found AVDEVICE: TRUE (Required is at least version "56.4.100")
-- Checking for module 'libavformat'
--   Found libavformat, version 62.12.102
-- Found AVFORMAT: TRUE
-- Checking for module 'libavcodec'
--   Found libavcodec, version 62.28.102
-- Found AVCODEC: TRUE
-- Checking for module 'libavutil'
--   Found libavutil, version 60.26.102
-- Found AVUTIL: TRUE
-- Searching for <gz-common6> component [events]
-- Looking for gz-common6-events -- found version 6.1.0
-- Searching for dependencies of gz-common6-events
-- Looking for gz-math8 -- found version 8.2.1
-- Searching for <gz-common6> component [graphics]
-- Looking for gz-common6-graphics -- found version 6.1.0
-- Searching for dependencies of gz-common6-graphics
-- Looking for gz-math8 -- found version 8.2.1
-- Found GzAssimp: TRUE (found version "6.0.5")
-- Searching for <gz-common6> component [io]
-- Looking for gz-common6-io -- found version 6.1.0
-- Searching for dependencies of gz-common6-io
-- Searching for <gz-common6> component [profiler]
-- Searching for <gz-common6> component [testing]
-- Looking for gz-common6-testing -- found version 6.1.0
-- Searching for dependencies of gz-common6-testing
-- Looking for gz-fuel_tools10 -- found version 10.1.0
-- Searching for dependencies of gz-fuel_tools10
-- Found CURL: /home/radhae/ws_aic/src/aic/.pixi/envs/default/lib/libcurl.so (found version "8.21.0")
-- Checking for module 'jsoncpp'
--   Found jsoncpp, version 1.9.7
-- Found JSONCPP: TRUE
-- Checking for module 'yaml-0.1'
--   Found yaml-0.1, version 0.2.5
-- Found YAML: TRUE
-- Checking for module 'libzip'
--   Found libzip, version 1.11.2
-- Found ZIP: TRUE
-- Looking for gz-utils3 -- found version 3.1.1
-- Looking for gz-common6 -- found version 6.1.0
-- Looking for gz-math8 -- found version 8.2.1
-- Looking for gz-msgs11 -- found version 11.1.0
-- Looking for gz-gui9 -- found version 9.0.1
-- Searching for dependencies of gz-gui9
-- Looking for gz-utils3 -- found version 3.1.1
-- Looking for gz-math8 -- found version 8.2.1
-- Looking for gz-common6 -- found version 6.1.0
-- Looking for gz-plugin3 -- found version 3.1.0
-- Looking for gz-transport14 -- found version 14.2.0
-- Looking for gz-rendering9 -- found version 9.4.0
-- Searching for dependencies of gz-rendering9
-- Looking for gz-math8 -- found version 8.2.1
-- Searching for dependencies of gz-math8
-- Looking for gz-utils3 -- found version 3.1.1
-- Searching for <gz-math8> component [eigen3]
-- Looking for gz-math8-eigen3 -- found version 8.2.1
-- Searching for dependencies of gz-math8-eigen3
-- Checking for module 'eigen3'
--   Found eigen3, version 5.0.1
-- Looking for gz-common6 -- found version 6.1.0
-- Searching for dependencies of gz-common6
-- Looking for gz-utils3 -- found version 3.1.1
-- Searching for <gz-common6> component [graphics]
-- Searching for <gz-common6> component [events]
-- Searching for <gz-common6> component [geospatial]
-- Looking for gz-common6-geospatial -- found version 6.1.0
-- Searching for dependencies of gz-common6-geospatial
-- Looking for gz-math8 -- found version 8.2.1
-- Looking for gz-common6 -- found version 6.1.0
-- Looking for gz-plugin3 -- found version 3.1.0
-- Searching for dependencies of gz-plugin3
-- Looking for gz-utils3 -- found version 3.1.1
-- Searching for <gz-plugin3> component [all]
-- Looking for all libraries of gz-plugin3 -- found version 3.1.0
-- Looking for gz-plugin3 -- found version 3.1.0
-- Looking for gz-utils3 -- found version 3.1.1
-- Found OpenGL: /home/radhae/ws_aic/src/aic/.pixi/envs/default/lib/libOpenGL.so  found components: OpenGL
-- Looking for dlfcn.h - found
-- Looking for libdl - found
-- Found DL: TRUE
-- Looking for gz-msgs11 -- found version 11.1.0
-- Looking for gz-physics8 -- found version 8.3.0
-- Searching for dependencies of gz-physics8
-- Looking for gz-common6 -- found version 6.1.0
-- Looking for gz-math8 -- found version 8.2.1
-- Looking for gz-plugin3 -- found version 3.1.0
-- Looking for gz-utils3 -- found version 3.1.1
-- Searching for <gz-physics8> component [heightmap]
-- Looking for gz-physics8-heightmap -- found version 8.3.0
-- Searching for dependencies of gz-physics8-heightmap
-- Looking for gz-common6 -- found version 6.1.0
-- Searching for <gz-physics8> component [mesh]
-- Looking for gz-physics8-mesh -- found version 8.3.0
-- Searching for dependencies of gz-physics8-mesh
-- Looking for gz-common6 -- found version 6.1.0
-- Searching for <gz-physics8> component [sdf]
-- Looking for gz-physics8-sdf -- found version 8.3.0
-- Searching for dependencies of gz-physics8-sdf
-- Looking for sdformat15 -- found version 15.4.0
-- Looking for gz-sensors9 -- found version 9.2.0
-- Searching for dependencies of gz-sensors9
-- Looking for gz-math8 -- found version 8.2.1
-- Looking for gz-common6 -- found version 6.1.0
-- Looking for gz-transport14 -- found version 14.2.0
-- Looking for gz-rendering9 -- found version 9.4.0
-- Looking for gz-msgs11 -- found version 11.1.0
-- Looking for sdformat15 -- found version 15.4.0
-- Searching for <gz-sensors9> component [air_pressure]
-- Looking for gz-sensors9-air_pressure -- found version 9.2.0
-- Searching for dependencies of gz-sensors9-air_pressure
-- Searching for <gz-sensors9> component [air_speed]
-- Looking for gz-sensors9-air_speed -- found version 9.2.0
-- Searching for dependencies of gz-sensors9-air_speed
-- Searching for <gz-sensors9> component [altimeter]
-- Looking for gz-sensors9-altimeter -- found version 9.2.0
-- Searching for dependencies of gz-sensors9-altimeter
-- Searching for <gz-sensors9> component [imu]
-- Looking for gz-sensors9-imu -- found version 9.2.0
-- Searching for dependencies of gz-sensors9-imu
-- Searching for <gz-sensors9> component [force_torque]
-- Looking for gz-sensors9-force_torque -- found version 9.2.0
-- Searching for dependencies of gz-sensors9-force_torque
-- Searching for <gz-sensors9> component [logical_camera]
-- Looking for gz-sensors9-logical_camera -- found version 9.2.0
-- Searching for dependencies of gz-sensors9-logical_camera
-- Searching for <gz-sensors9> component [magnetometer]
-- Looking for gz-sensors9-magnetometer -- found version 9.2.0
-- Searching for dependencies of gz-sensors9-magnetometer
-- Searching for <gz-sensors9> component [navsat]
-- Looking for gz-sensors9-navsat -- found version 9.2.0
-- Searching for dependencies of gz-sensors9-navsat
-- Searching for <gz-sensors9> component [dvl]
-- Looking for gz-sensors9-dvl -- found version 9.2.0
-- Searching for dependencies of gz-sensors9-dvl
-- Looking for gz-sensors9 -- found version 9.2.0
-- Searching for dependencies of gz-sensors9
-- Looking for gz-math8 -- found version 8.2.1
-- Looking for gz-common6 -- found version 6.1.0
-- Looking for gz-transport14 -- found version 14.2.0
-- Looking for gz-rendering9 -- found version 9.4.0
-- Looking for gz-msgs11 -- found version 11.1.0
-- Looking for sdformat15 -- found version 15.4.0
-- Searching for <gz-sensors9> component [rendering]
-- Looking for gz-sensors9-rendering -- found version 9.2.0
-- Searching for dependencies of gz-sensors9-rendering
-- Searching for <gz-sensors9> component [rendering]
-- Searching for <gz-sensors9> component [lidar]
-- Looking for gz-sensors9-lidar -- found version 9.2.0
-- Searching for dependencies of gz-sensors9-lidar
-- Looking for gz-sensors9 -- found version 9.2.0
-- Searching for <gz-sensors9> component [gpu_lidar]
-- Looking for gz-sensors9-gpu_lidar -- found version 9.2.0
-- Searching for dependencies of gz-sensors9-gpu_lidar
-- Looking for gz-sensors9 -- found version 9.2.0
-- Searching for <gz-sensors9> component [camera]
-- Looking for gz-sensors9-camera -- found version 9.2.0
-- Searching for dependencies of gz-sensors9-camera
-- Looking for gz-sensors9 -- found version 9.2.0
-- Searching for <gz-sensors9> component [boundingbox_camera]
-- Looking for gz-sensors9-boundingbox_camera -- found version 9.2.0
-- Searching for dependencies of gz-sensors9-boundingbox_camera
-- Searching for <gz-sensors9> component [segmentation_camera]
-- Looking for gz-sensors9-segmentation_camera -- found version 9.2.0
-- Searching for dependencies of gz-sensors9-segmentation_camera
-- Searching for <gz-sensors9> component [depth_camera]
-- Looking for gz-sensors9-depth_camera -- found version 9.2.0
-- Searching for dependencies of gz-sensors9-depth_camera
-- Looking for gz-sensors9 -- found version 9.2.0
-- Searching for <gz-sensors9> component [rgbd_camera]
-- Looking for gz-sensors9-rgbd_camera -- found version 9.2.0
-- Searching for dependencies of gz-sensors9-rgbd_camera
-- Looking for gz-sensors9 -- found version 9.2.0
-- Searching for <gz-sensors9> component [thermal_camera]
-- Looking for gz-sensors9-thermal_camera -- found version 9.2.0
-- Searching for dependencies of gz-sensors9-thermal_camera
-- Looking for gz-sensors9 -- found version 9.2.0
-- Searching for <gz-sensors9> component [wide_angle_camera]
-- Looking for gz-sensors9-wide_angle_camera -- found version 9.2.0
-- Searching for dependencies of gz-sensors9-wide_angle_camera
-- Looking for gz-rendering9 -- found version 9.4.0
-- Looking for gz-math8 -- found version 8.2.1
-- Looking for gz-utils3 -- found version 3.1.1
-- Found Protobuf: /home/radhae/ws_aic/src/aic/.pixi/envs/default/lib/libprotobuf.so;-lpthread (found version "6.33.5")
-- Found aic_engine_interfaces: 0.0.1 (/home/radhae/ws_aic/install/aic_engine_interfaces/share/aic_engine_interfaces/cmake)
-- Found rosidl_generator_c: 4.9.6 (/opt/ros/kilted/share/rosidl_generator_c/cmake)
-- Found rosidl_generator_cpp: 4.9.6 (/opt/ros/kilted/share/rosidl_generator_cpp/cmake)
-- Using all available rosidl_typesupport_c: rosidl_typesupport_fastrtps_c;rosidl_typesupport_introspection_c
-- Using all available rosidl_typesupport_cpp: rosidl_typesupport_fastrtps_cpp;rosidl_typesupport_introspection_cpp
-- Found rclcpp: 29.5.7 (/opt/ros/kilted/share/rclcpp/cmake)
-- Found rmw_implementation_cmake: 7.8.2 (/opt/ros/kilted/share/rmw_implementation_cmake/cmake)
-- Found rmw_zenoh_cpp: 0.6.6 (/opt/ros/kilted/share/rmw_zenoh_cpp/cmake)
-- Using RMW implementation 'rmw_zenoh_cpp' as default
-- Compiling against Gazebo Ionic
-- Found ament_lint_auto: 0.19.2 (/opt/ros/kilted/share/ament_lint_auto/cmake)
-- Configuring done (52.6s)
-- Generating done (0.1s)
-- Build files have been written to: /home/radhae/ws_aic/build/aic_gazebo
