[0mCMake Deprecation Warning at CMakeLists.txt:1 (cmake_minimum_required):
  Compatibility with CMake < 3.10 will be removed from a future version of
  CMake.

  Update the VERSION argument <min> value.  Or, use the <min>...<max> syntax
  to tell CMake that the project requires at least <min> but has been updated
  to work with policies introduced by <max> or earlier.

[0m
-- The C compiler identification is GNU 13.3.0
-- The CXX compiler identification is GNU 13.3.0
-- Detecting C compiler ABI info
-- Detecting C compiler ABI info - done
-- Check for working C compiler: /usr/bin/cc - skipped
-- Detecting C compile features
-- Detecting C compile features - done
-- Detecting CXX compiler ABI info
-- Detecting CXX compiler ABI info - done
-- Check for working CXX compiler: /usr/bin/c++ - skipped
-- Detecting CXX compile features
-- Detecting CXX compile features - done
-- Found ament_cmake: 2.7.5 (/home/radhae/ws_aic/src/aic/.pixi/envs/default/share/ament_cmake/cmake)
-- Found Python3: /home/radhae/ws_aic/src/aic/.pixi/envs/default/bin/python3 (found version "3.12.12") found components: Interpreter
-- Override CMake install command with custom implementation using symlinks instead of copying resources
-- Found aic_control_interfaces: 0.0.1 (/home/radhae/ws_aic/src/aic/install/aic_control_interfaces/share/aic_control_interfaces/cmake)
-- Found rosidl_generator_c: 4.9.6 (/home/radhae/ws_aic/src/aic/.pixi/envs/default/share/rosidl_generator_c/cmake)
-- Found rosidl_generator_cpp: 4.9.6 (/home/radhae/ws_aic/src/aic/.pixi/envs/default/share/rosidl_generator_cpp/cmake)
-- Using all available rosidl_typesupport_c: rosidl_typesupport_fastrtps_c;rosidl_typesupport_introspection_c
-- Using all available rosidl_typesupport_cpp: rosidl_typesupport_fastrtps_cpp;rosidl_typesupport_introspection_cpp
-- Found gz_math_vendor: 0.2.6 (/opt/ros/kilted/share/gz_math_vendor/cmake)
-- Looking for gz-math8 -- found version 8.2.1
-- Searching for dependencies of gz-math8
-- Looking for gz-utils3 -- found version 3.1.1
-- Searching for dependencies of gz-utils3
-- Found rclcpp: 29.5.7 (/home/radhae/ws_aic/src/aic/.pixi/envs/default/share/rclcpp/cmake)
-- Found rmw_implementation_cmake: 7.8.2 (/home/radhae/ws_aic/src/aic/.pixi/envs/default/share/rmw_implementation_cmake/cmake)
-- Found rmw_zenoh_cpp: 0.6.6 (/home/radhae/ws_aic/src/aic/.pixi/envs/default/share/rmw_zenoh_cpp/cmake)
-- Using RMW implementation 'rmw_zenoh_cpp' as default
-- Found rclcpp_components: 29.5.7 (/home/radhae/ws_aic/src/aic/.pixi/envs/default/share/rclcpp_components/cmake)
[31mCMake Error at CMakeLists.txt:16 (find_package):
  By not providing "Findros_gz_interfaces.cmake" in CMAKE_MODULE_PATH this
  project has asked CMake to find a package configuration file provided by
  "ros_gz_interfaces", but CMake did not find one.

  Could not find a package configuration file provided by "ros_gz_interfaces"
  with any of the following names:

    ros_gz_interfacesConfig.cmake
    ros_gz_interfaces-config.cmake

  Add the installation prefix of "ros_gz_interfaces" to CMAKE_PREFIX_PATH or
  set "ros_gz_interfaces_DIR" to a directory containing one of the above
  files.  If "ros_gz_interfaces" provides a separate development package or
  SDK, be sure it has been installed.

[0m
-- Configuring incomplete, errors occurred!
