[0.046s] Invoking command in '/home/radhae/ws_aic/src/aic/build/aic_scoring': AMENT_PREFIX_PATH=/home/radhae/ws_aic/src/aic/install/aic_control_interfaces:${AMENT_PREFIX_PATH} CMAKE_PREFIX_PATH=/home/radhae/ws_aic/src/aic/install/aic_control_interfaces:/opt/ros/kilted/opt/sdformat_vendor:/opt/ros/kilted/opt/gz_math_vendor:/opt/ros/kilted/opt/gz_utils_vendor:/opt/ros/kilted/opt/gz_tools_vendor:/opt/ros/kilted/opt/gz_ogre_next_vendor:/opt/ros/kilted/opt/gz_dartsim_vendor:/opt/ros/kilted/opt/gz_cmake_vendor:/home/radhae/cognipilot/cranium/install/synapse_ros:/home/radhae/cognipilot/cranium/install/synapse_gz:/home/radhae/cognipilot/cranium/install/synapse_tinyframe:/home/radhae/cognipilot/cranium/install/synapse_protobuf:/home/radhae/cognipilot/cranium/install/corti:/home/radhae/cognipilot/cranium/install/synapse_msgs:/home/radhae/cognipilot/cranium/install/dream_world:/home/radhae/cognipilot/cranium/install/cerebri_bringup:/home/radhae/cognipilot/cranium/install/b3rb_simulator:/home/radhae/cognipilot/cranium/install/b3rb_desktop:/home/radhae/cognipilot/cranium/install/b3rb_rviz:/home/radhae/cognipilot/cranium/install/b3rb_nav2:/home/radhae/cognipilot/cranium/install/b3rb_gz_resource:/home/radhae/cognipilot/cranium/install/b3rb_gz_bringup:/home/radhae/cognipilot/cranium/install/b3rb_description:/home/radhae/ws_aic/src/aic/.pixi/envs/default LD_LIBRARY_PATH=/home/radhae/ws_aic/src/aic/install/aic_control_interfaces/lib:${LD_LIBRARY_PATH} PIXI_PROMPT=(aic) PS1=\[\e]0;\u@\h: \w\a\]${debian_chroot:+($debian_chroot)}\[\033[01;32m\]\u@\h\[\033[00m\]:\[\033[01;34m\]\w\[\033[00m\]\$ PYTHONPATH=/home/radhae/ws_aic/src/aic/install/aic_control_interfaces/lib/python3.12/site-packages:${PYTHONPATH} /home/radhae/ws_aic/src/aic/.pixi/envs/default/bin/cmake /home/radhae/ws_aic/src/aic/aic_scoring -DAMENT_CMAKE_SYMLINK_INSTALL=1 -DCMAKE_INSTALL_PREFIX=/home/radhae/ws_aic/src/aic/install/aic_scoring
[0.191s] [0mCMake Deprecation Warning at CMakeLists.txt:1 (cmake_minimum_required):
[0.191s]   Compatibility with CMake < 3.10 will be removed from a future version of
[0.191s]   CMake.
[0.191s] 
[0.191s]   Update the VERSION argument <min> value.  Or, use the <min>...<max> syntax
[0.191s]   to tell CMake that the project requires at least <min> but has been updated
[0.191s]   to work with policies introduced by <max> or earlier.
[0.191s] 
[0.191s] [0m
[0.351s] -- The C compiler identification is GNU 13.3.0
[0.533s] -- The CXX compiler identification is GNU 13.3.0
[0.561s] -- Detecting C compiler ABI info
[0.841s] -- Detecting C compiler ABI info - done
[0.871s] -- Check for working C compiler: /usr/bin/cc - skipped
[0.871s] -- Detecting C compile features
[0.872s] -- Detecting C compile features - done
[0.934s] -- Detecting CXX compiler ABI info
[1.201s] -- Detecting CXX compiler ABI info - done
[1.228s] -- Check for working CXX compiler: /usr/bin/c++ - skipped
[1.228s] -- Detecting CXX compile features
[1.229s] -- Detecting CXX compile features - done
[1.277s] -- Found ament_cmake: 2.7.5 (/home/radhae/ws_aic/src/aic/.pixi/envs/default/share/ament_cmake/cmake)
[1.577s] -- Found Python3: /home/radhae/ws_aic/src/aic/.pixi/envs/default/bin/python3 (found version "3.12.12") found components: Interpreter
[1.658s] -- Override CMake install command with custom implementation using symlinks instead of copying resources
[1.758s] -- Found aic_control_interfaces: 0.0.1 (/home/radhae/ws_aic/src/aic/install/aic_control_interfaces/share/aic_control_interfaces/cmake)
[1.819s] -- Found rosidl_generator_c: 4.9.6 (/home/radhae/ws_aic/src/aic/.pixi/envs/default/share/rosidl_generator_c/cmake)
[1.844s] -- Found rosidl_generator_cpp: 4.9.6 (/home/radhae/ws_aic/src/aic/.pixi/envs/default/share/rosidl_generator_cpp/cmake)
[1.873s] -- Using all available rosidl_typesupport_c: rosidl_typesupport_fastrtps_c;rosidl_typesupport_introspection_c
[1.907s] -- Using all available rosidl_typesupport_cpp: rosidl_typesupport_fastrtps_cpp;rosidl_typesupport_introspection_cpp
[2.043s] -- Found gz_math_vendor: 0.2.6 (/opt/ros/kilted/share/gz_math_vendor/cmake)
[2.070s] -- Looking for gz-math8 -- found version 8.2.1
[2.080s] -- Searching for dependencies of gz-math8
[2.083s] -- Looking for gz-utils3 -- found version 3.1.1
[2.083s] -- Searching for dependencies of gz-utils3
[2.095s] -- Found rclcpp: 29.5.7 (/home/radhae/ws_aic/src/aic/.pixi/envs/default/share/rclcpp/cmake)
[2.179s] -- Found rmw_implementation_cmake: 7.8.2 (/home/radhae/ws_aic/src/aic/.pixi/envs/default/share/rmw_implementation_cmake/cmake)
[2.187s] -- Found rmw_zenoh_cpp: 0.6.6 (/home/radhae/ws_aic/src/aic/.pixi/envs/default/share/rmw_zenoh_cpp/cmake)
[2.189s] -- Using RMW implementation 'rmw_zenoh_cpp' as default
[2.301s] -- Found rclcpp_components: 29.5.7 (/home/radhae/ws_aic/src/aic/.pixi/envs/default/share/rclcpp_components/cmake)
[2.372s] [31mCMake Error at CMakeLists.txt:16 (find_package):
[2.372s]   By not providing "Findros_gz_interfaces.cmake" in CMAKE_MODULE_PATH this
[2.372s]   project has asked CMake to find a package configuration file provided by
[2.372s]   "ros_gz_interfaces", but CMake did not find one.
[2.372s] 
[2.373s]   Could not find a package configuration file provided by "ros_gz_interfaces"
[2.373s]   with any of the following names:
[2.373s] 
[2.373s]     ros_gz_interfacesConfig.cmake
[2.373s]     ros_gz_interfaces-config.cmake
[2.373s] 
[2.373s]   Add the installation prefix of "ros_gz_interfaces" to CMAKE_PREFIX_PATH or
[2.373s]   set "ros_gz_interfaces_DIR" to a directory containing one of the above
[2.373s]   files.  If "ros_gz_interfaces" provides a separate development package or
[2.373s]   SDK, be sure it has been installed.
[2.373s] 
[2.373s] [0m
[2.373s] -- Configuring incomplete, errors occurred!
[2.383s] Invoked command in '/home/radhae/ws_aic/src/aic/build/aic_scoring' returned '1': AMENT_PREFIX_PATH=/home/radhae/ws_aic/src/aic/install/aic_control_interfaces:${AMENT_PREFIX_PATH} CMAKE_PREFIX_PATH=/home/radhae/ws_aic/src/aic/install/aic_control_interfaces:/opt/ros/kilted/opt/sdformat_vendor:/opt/ros/kilted/opt/gz_math_vendor:/opt/ros/kilted/opt/gz_utils_vendor:/opt/ros/kilted/opt/gz_tools_vendor:/opt/ros/kilted/opt/gz_ogre_next_vendor:/opt/ros/kilted/opt/gz_dartsim_vendor:/opt/ros/kilted/opt/gz_cmake_vendor:/home/radhae/cognipilot/cranium/install/synapse_ros:/home/radhae/cognipilot/cranium/install/synapse_gz:/home/radhae/cognipilot/cranium/install/synapse_tinyframe:/home/radhae/cognipilot/cranium/install/synapse_protobuf:/home/radhae/cognipilot/cranium/install/corti:/home/radhae/cognipilot/cranium/install/synapse_msgs:/home/radhae/cognipilot/cranium/install/dream_world:/home/radhae/cognipilot/cranium/install/cerebri_bringup:/home/radhae/cognipilot/cranium/install/b3rb_simulator:/home/radhae/cognipilot/cranium/install/b3rb_desktop:/home/radhae/cognipilot/cranium/install/b3rb_rviz:/home/radhae/cognipilot/cranium/install/b3rb_nav2:/home/radhae/cognipilot/cranium/install/b3rb_gz_resource:/home/radhae/cognipilot/cranium/install/b3rb_gz_bringup:/home/radhae/cognipilot/cranium/install/b3rb_description:/home/radhae/ws_aic/src/aic/.pixi/envs/default LD_LIBRARY_PATH=/home/radhae/ws_aic/src/aic/install/aic_control_interfaces/lib:${LD_LIBRARY_PATH} PIXI_PROMPT=(aic) PS1=\[\e]0;\u@\h: \w\a\]${debian_chroot:+($debian_chroot)}\[\033[01;32m\]\u@\h\[\033[00m\]:\[\033[01;34m\]\w\[\033[00m\]\$ PYTHONPATH=/home/radhae/ws_aic/src/aic/install/aic_control_interfaces/lib/python3.12/site-packages:${PYTHONPATH} /home/radhae/ws_aic/src/aic/.pixi/envs/default/bin/cmake /home/radhae/ws_aic/src/aic/aic_scoring -DAMENT_CMAKE_SYMLINK_INSTALL=1 -DCMAKE_INSTALL_PREFIX=/home/radhae/ws_aic/src/aic/install/aic_scoring
