[0.044s] Invoking command in '/home/radhae/ws_aic/src/aic/build/aic_task_interfaces': CMAKE_PREFIX_PATH=${CMAKE_PREFIX_PATH}:/home/radhae/ws_aic/src/aic/.pixi/envs/default PIXI_PROMPT=(aic) PS1=\[\e]0;\u@\h: \w\a\]${debian_chroot:+($debian_chroot)}\[\033[01;32m\]\u@\h\[\033[00m\]:\[\033[01;34m\]\w\[\033[00m\]\$ /home/radhae/ws_aic/src/aic/.pixi/envs/default/bin/cmake --build /home/radhae/ws_aic/src/aic/build/aic_task_interfaces -- -j12 -l12
[0.315s] [  2%] Built target aic_task_interfaces__rosidl_generator_type_description
[0.340s] [  4%] Built target aic_task_interfaces__rs
[0.354s] [  4%] Built target ament_cmake_python_symlink_aic_task_interfaces
[0.451s] [  6%] Built target aic_task_interfaces__cpp
[0.465s] [ 24%] Built target aic_task_interfaces__rosidl_generator_c
[0.647s] [ 33%] Built target aic_task_interfaces__rosidl_typesupport_introspection_c
[0.698s] [ 42%] Built target aic_task_interfaces__rosidl_typesupport_fastrtps_c
[0.720s] [ 51%] Built target aic_task_interfaces__rosidl_typesupport_cpp
[0.729s] [ 60%] Built target aic_task_interfaces__rosidl_typesupport_c
[0.745s] [ 68%] Built target aic_task_interfaces__rosidl_typesupport_introspection_cpp
[0.751s] [ 77%] Built target aic_task_interfaces__rosidl_typesupport_fastrtps_cpp
[0.803s] running egg_info
[0.821s] writing aic_task_interfaces.egg-info/PKG-INFO
[0.822s] writing dependency_links to aic_task_interfaces.egg-info/dependency_links.txt
[0.822s] writing top-level names to aic_task_interfaces.egg-info/top_level.txt
[0.861s] reading manifest file 'aic_task_interfaces.egg-info/SOURCES.txt'
[0.862s] writing manifest file 'aic_task_interfaces.egg-info/SOURCES.txt'
[0.884s] [ 77%] Built target aic_task_interfaces
[0.921s] [ 77%] Built target ament_cmake_python_build_aic_task_interfaces_egg
[1.002s] [ 80%] Built target aic_task_interfaces__py
[1.116s] [ 86%] Built target aic_task_interfaces__rosidl_generator_py
[1.226s] [ 91%] Built target aic_task_interfaces_s__rosidl_typesupport_introspection_c
[1.240s] [ 95%] Built target aic_task_interfaces_s__rosidl_typesupport_c
[1.260s] [100%] Built target aic_task_interfaces_s__rosidl_typesupport_fastrtps_c
[1.292s] Invoked command in '/home/radhae/ws_aic/src/aic/build/aic_task_interfaces' returned '0': CMAKE_PREFIX_PATH=${CMAKE_PREFIX_PATH}:/home/radhae/ws_aic/src/aic/.pixi/envs/default PIXI_PROMPT=(aic) PS1=\[\e]0;\u@\h: \w\a\]${debian_chroot:+($debian_chroot)}\[\033[01;32m\]\u@\h\[\033[00m\]:\[\033[01;34m\]\w\[\033[00m\]\$ /home/radhae/ws_aic/src/aic/.pixi/envs/default/bin/cmake --build /home/radhae/ws_aic/src/aic/build/aic_task_interfaces -- -j12 -l12
[1.294s] Invoking command in '/home/radhae/ws_aic/src/aic/build/aic_task_interfaces': CMAKE_PREFIX_PATH=${CMAKE_PREFIX_PATH}:/home/radhae/ws_aic/src/aic/.pixi/envs/default PIXI_PROMPT=(aic) PS1=\[\e]0;\u@\h: \w\a\]${debian_chroot:+($debian_chroot)}\[\033[01;32m\]\u@\h\[\033[00m\]:\[\033[01;34m\]\w\[\033[00m\]\$ /home/radhae/ws_aic/src/aic/.pixi/envs/default/bin/cmake --install /home/radhae/ws_aic/src/aic/build/aic_task_interfaces
[1.445s] -- Install configuration: ""
[1.446s] -- Execute custom install script
[1.446s] -- Up-to-date symlink: /home/radhae/ws_aic/src/aic/install/aic_task_interfaces/share/ament_index/resource_index/rosidl_interfaces/aic_task_interfaces
[1.446s] -- Up-to-date symlink: /home/radhae/ws_aic/src/aic/install/aic_task_interfaces/share/aic_task_interfaces/msg/Task.json
[1.446s] -- Up-to-date symlink: /home/radhae/ws_aic/src/aic/install/aic_task_interfaces/share/aic_task_interfaces/action/InsertCable.json
[1.447s] -- Up-to-date symlink: /home/radhae/ws_aic/src/aic/install/aic_task_interfaces/include/aic_task_interfaces/aic_task_interfaces/action/detail/insert_cable__functions.h
[1.447s] -- Up-to-date symlink: /home/radhae/ws_aic/src/aic/install/aic_task_interfaces/include/aic_task_interfaces/aic_task_interfaces/action/detail/insert_cable__struct.h
[1.447s] -- Up-to-date symlink: /home/radhae/ws_aic/src/aic/install/aic_task_interfaces/include/aic_task_interfaces/aic_task_interfaces/action/detail/insert_cable__type_support.h
[1.447s] -- Up-to-date symlink: /home/radhae/ws_aic/src/aic/install/aic_task_interfaces/include/aic_task_interfaces/aic_task_interfaces/action/insert_cable.h
[1.447s] -- Up-to-date symlink: /home/radhae/ws_aic/src/aic/install/aic_task_interfaces/include/aic_task_interfaces/aic_task_interfaces/msg/detail/task__functions.h
[1.447s] -- Up-to-date symlink: /home/radhae/ws_aic/src/aic/install/aic_task_interfaces/include/aic_task_interfaces/aic_task_interfaces/msg/detail/task__struct.h
[1.447s] -- Up-to-date symlink: /home/radhae/ws_aic/src/aic/install/aic_task_interfaces/include/aic_task_interfaces/aic_task_interfaces/msg/detail/task__type_support.h
[1.447s] -- Up-to-date symlink: /home/radhae/ws_aic/src/aic/install/aic_task_interfaces/include/aic_task_interfaces/aic_task_interfaces/msg/rosidl_generator_c__visibility_control.h
[1.447s] -- Up-to-date symlink: /home/radhae/ws_aic/src/aic/install/aic_task_interfaces/include/aic_task_interfaces/aic_task_interfaces/msg/task.h
[1.448s] -- Up-to-date symlink: /home/radhae/ws_aic/src/aic/install/aic_task_interfaces/include/aic_task_interfaces/aic_task_interfaces/action/detail/insert_cable__rosidl_typesupport_fastrtps_c.h
[1.448s] -- Up-to-date symlink: /home/radhae/ws_aic/src/aic/install/aic_task_interfaces/include/aic_task_interfaces/aic_task_interfaces/msg/detail/task__rosidl_typesupport_fastrtps_c.h
[1.448s] -- Up-to-date symlink: /home/radhae/ws_aic/src/aic/install/aic_task_interfaces/include/aic_task_interfaces/aic_task_interfaces/msg/rosidl_typesupport_fastrtps_c__visibility_control.h
[1.448s] -- Up-to-date symlink: /home/radhae/ws_aic/src/aic/install/aic_task_interfaces/include/aic_task_interfaces/aic_task_interfaces/action/detail/insert_cable__builder.hpp
[1.448s] -- Up-to-date symlink: /home/radhae/ws_aic/src/aic/install/aic_task_interfaces/include/aic_task_interfaces/aic_task_interfaces/action/detail/insert_cable__struct.hpp
[1.448s] -- Up-to-date symlink: /home/radhae/ws_aic/src/aic/install/aic_task_interfaces/include/aic_task_interfaces/aic_task_interfaces/action/detail/insert_cable__traits.hpp
[1.448s] -- Up-to-date symlink: /home/radhae/ws_aic/src/aic/install/aic_task_interfaces/include/aic_task_interfaces/aic_task_interfaces/action/detail/insert_cable__type_support.hpp
[1.449s] -- Up-to-date symlink: /home/radhae/ws_aic/src/aic/install/aic_task_interfaces/include/aic_task_interfaces/aic_task_interfaces/action/insert_cable.hpp
[1.449s] -- Up-to-date symlink: /home/radhae/ws_aic/src/aic/install/aic_task_interfaces/include/aic_task_interfaces/aic_task_interfaces/msg/detail/task__builder.hpp
[1.449s] -- Up-to-date symlink: /home/radhae/ws_aic/src/aic/install/aic_task_interfaces/include/aic_task_interfaces/aic_task_interfaces/msg/detail/task__struct.hpp
[1.449s] -- Up-to-date symlink: /home/radhae/ws_aic/src/aic/install/aic_task_interfaces/include/aic_task_interfaces/aic_task_interfaces/msg/detail/task__traits.hpp
[1.449s] -- Up-to-date symlink: /home/radhae/ws_aic/src/aic/install/aic_task_interfaces/include/aic_task_interfaces/aic_task_interfaces/msg/detail/task__type_support.hpp
[1.449s] -- Up-to-date symlink: /home/radhae/ws_aic/src/aic/install/aic_task_interfaces/include/aic_task_interfaces/aic_task_interfaces/msg/rosidl_generator_cpp__visibility_control.hpp
[1.449s] -- Up-to-date symlink: /home/radhae/ws_aic/src/aic/install/aic_task_interfaces/include/aic_task_interfaces/aic_task_interfaces/msg/task.hpp
[1.449s] -- Up-to-date symlink: /home/radhae/ws_aic/src/aic/install/aic_task_interfaces/include/aic_task_interfaces/aic_task_interfaces/action/detail/insert_cable__rosidl_typesupport_fastrtps_cpp.hpp
[1.449s] -- Up-to-date symlink: /home/radhae/ws_aic/src/aic/install/aic_task_interfaces/include/aic_task_interfaces/aic_task_interfaces/msg/detail/task__rosidl_typesupport_fastrtps_cpp.hpp
[1.450s] -- Up-to-date symlink: /home/radhae/ws_aic/src/aic/install/aic_task_interfaces/include/aic_task_interfaces/aic_task_interfaces/msg/rosidl_typesupport_fastrtps_cpp__visibility_control.h
[1.450s] -- Up-to-date symlink: /home/radhae/ws_aic/src/aic/install/aic_task_interfaces/include/aic_task_interfaces/aic_task_interfaces/action/detail/insert_cable__rosidl_typesupport_introspection_c.h
[1.450s] -- Up-to-date symlink: /home/radhae/ws_aic/src/aic/install/aic_task_interfaces/include/aic_task_interfaces/aic_task_interfaces/msg/detail/task__rosidl_typesupport_introspection_c.h
[1.450s] -- Up-to-date symlink: /home/radhae/ws_aic/src/aic/install/aic_task_interfaces/include/aic_task_interfaces/aic_task_interfaces/msg/rosidl_typesupport_introspection_c__visibility_control.h
[1.450s] -- Up-to-date symlink: /home/radhae/ws_aic/src/aic/install/aic_task_interfaces/include/aic_task_interfaces/aic_task_interfaces/action/detail/insert_cable__rosidl_typesupport_introspection_cpp.hpp
[1.450s] -- Up-to-date symlink: /home/radhae/ws_aic/src/aic/install/aic_task_interfaces/include/aic_task_interfaces/aic_task_interfaces/msg/detail/task__rosidl_typesupport_introspection_cpp.hpp
[1.450s] -- Up-to-date symlink: /home/radhae/ws_aic/src/aic/install/aic_task_interfaces/share/aic_task_interfaces/environment/pythonpath.sh
[1.451s] -- Up-to-date symlink: /home/radhae/ws_aic/src/aic/install/aic_task_interfaces/share/aic_task_interfaces/environment/pythonpath.dsv
[1.451s] -- Up-to-date symlink: /home/radhae/ws_aic/src/aic/install/aic_task_interfaces/lib/python3.12/site-packages/aic_task_interfaces-0.0.1-py3.12.egg-info/PKG-INFO
[1.451s] -- Up-to-date symlink: /home/radhae/ws_aic/src/aic/install/aic_task_interfaces/lib/python3.12/site-packages/aic_task_interfaces-0.0.1-py3.12.egg-info/SOURCES.txt
[1.451s] -- Up-to-date symlink: /home/radhae/ws_aic/src/aic/install/aic_task_interfaces/lib/python3.12/site-packages/aic_task_interfaces-0.0.1-py3.12.egg-info/dependency_links.txt
[1.451s] -- Up-to-date symlink: /home/radhae/ws_aic/src/aic/install/aic_task_interfaces/lib/python3.12/site-packages/aic_task_interfaces-0.0.1-py3.12.egg-info/top_level.txt
[1.451s] -- Up-to-date symlink: /home/radhae/ws_aic/src/aic/install/aic_task_interfaces/lib/python3.12/site-packages/aic_task_interfaces/__init__.py
[1.452s] -- Up-to-date symlink: /home/radhae/ws_aic/src/aic/install/aic_task_interfaces/lib/python3.12/site-packages/aic_task_interfaces/_aic_task_interfaces_s.ep.rosidl_typesupport_c.c
[1.452s] -- Up-to-date symlink: /home/radhae/ws_aic/src/aic/install/aic_task_interfaces/lib/python3.12/site-packages/aic_task_interfaces/_aic_task_interfaces_s.ep.rosidl_typesupport_fastrtps_c.c
[1.452s] -- Up-to-date symlink: /home/radhae/ws_aic/src/aic/install/aic_task_interfaces/lib/python3.12/site-packages/aic_task_interfaces/_aic_task_interfaces_s.ep.rosidl_typesupport_introspection_c.c
[1.452s] -- Up-to-date symlink: /home/radhae/ws_aic/src/aic/install/aic_task_interfaces/lib/python3.12/site-packages/aic_task_interfaces/action/__init__.py
[1.452s] -- Up-to-date symlink: /home/radhae/ws_aic/src/aic/install/aic_task_interfaces/lib/python3.12/site-packages/aic_task_interfaces/action/_insert_cable.py
[1.452s] -- Up-to-date symlink: /home/radhae/ws_aic/src/aic/install/aic_task_interfaces/lib/python3.12/site-packages/aic_task_interfaces/action/_insert_cable_s.c
[1.452s] -- Up-to-date symlink: /home/radhae/ws_aic/src/aic/install/aic_task_interfaces/lib/python3.12/site-packages/aic_task_interfaces/aic_task_interfaces_s__rosidl_typesupport_c.so
[1.452s] -- Up-to-date symlink: /home/radhae/ws_aic/src/aic/install/aic_task_interfaces/lib/python3.12/site-packages/aic_task_interfaces/aic_task_interfaces_s__rosidl_typesupport_fastrtps_c.so
[1.452s] -- Up-to-date symlink: /home/radhae/ws_aic/src/aic/install/aic_task_interfaces/lib/python3.12/site-packages/aic_task_interfaces/aic_task_interfaces_s__rosidl_typesupport_introspection_c.so
[1.452s] -- Up-to-date symlink: /home/radhae/ws_aic/src/aic/install/aic_task_interfaces/lib/python3.12/site-packages/aic_task_interfaces/msg/__init__.py
[1.452s] -- Up-to-date symlink: /home/radhae/ws_aic/src/aic/install/aic_task_interfaces/lib/python3.12/site-packages/aic_task_interfaces/msg/_task.py
[1.452s] -- Up-to-date symlink: /home/radhae/ws_aic/src/aic/install/aic_task_interfaces/lib/python3.12/site-packages/aic_task_interfaces/msg/_task_s.c
[1.453s] -- Up-to-date symlink: /home/radhae/ws_aic/src/aic/install/aic_task_interfaces/lib/python3.12/site-packages/aic_task_interfaces/aic_task_interfaces_s__rosidl_typesupport_fastrtps_c.so
[1.453s] -- Up-to-date symlink: /home/radhae/ws_aic/src/aic/install/aic_task_interfaces/lib/python3.12/site-packages/aic_task_interfaces/aic_task_interfaces_s__rosidl_typesupport_introspection_c.so
[1.453s] -- Up-to-date symlink: /home/radhae/ws_aic/src/aic/install/aic_task_interfaces/lib/python3.12/site-packages/aic_task_interfaces/aic_task_interfaces_s__rosidl_typesupport_c.so
[1.453s] -- Up-to-date symlink: /home/radhae/ws_aic/src/aic/install/aic_task_interfaces/share/ament_index/resource_index/rust_packages/aic_task_interfaces
[1.453s] -- Up-to-date symlink: /home/radhae/ws_aic/src/aic/install/aic_task_interfaces/share/aic_task_interfaces/rust/Cargo.toml
[1.453s] -- Up-to-date symlink: /home/radhae/ws_aic/src/aic/install/aic_task_interfaces/share/aic_task_interfaces/rust/build.rs
[1.453s] -- Up-to-date symlink: /home/radhae/ws_aic/src/aic/install/aic_task_interfaces/share/aic_task_interfaces/rust/src/action.rs
[1.453s] -- Up-to-date symlink: /home/radhae/ws_aic/src/aic/install/aic_task_interfaces/share/aic_task_interfaces/rust/src/action/rmw.rs
[1.454s] -- Up-to-date symlink: /home/radhae/ws_aic/src/aic/install/aic_task_interfaces/share/aic_task_interfaces/rust/src/lib.rs
[1.454s] -- Up-to-date symlink: /home/radhae/ws_aic/src/aic/install/aic_task_interfaces/share/aic_task_interfaces/rust/src/msg.rs
[1.454s] -- Up-to-date symlink: /home/radhae/ws_aic/src/aic/install/aic_task_interfaces/share/aic_task_interfaces/rust/src/msg/rmw.rs
[1.454s] -- Up-to-date symlink: /home/radhae/ws_aic/src/aic/install/aic_task_interfaces/share/aic_task_interfaces/msg/Task.idl
[1.454s] -- Up-to-date symlink: /home/radhae/ws_aic/src/aic/install/aic_task_interfaces/share/aic_task_interfaces/action/InsertCable.idl
[1.454s] -- Up-to-date symlink: /home/radhae/ws_aic/src/aic/install/aic_task_interfaces/share/aic_task_interfaces/msg/Task.msg
[1.454s] -- Up-to-date symlink: /home/radhae/ws_aic/src/aic/install/aic_task_interfaces/share/aic_task_interfaces/action/InsertCable.action
[1.454s] -- Up-to-date symlink: /home/radhae/ws_aic/src/aic/install/aic_task_interfaces/share/ament_index/resource_index/package_run_dependencies/aic_task_interfaces
[1.455s] -- Up-to-date symlink: /home/radhae/ws_aic/src/aic/install/aic_task_interfaces/share/ament_index/resource_index/parent_prefix_path/aic_task_interfaces
[1.455s] -- Up-to-date symlink: /home/radhae/ws_aic/src/aic/install/aic_task_interfaces/share/aic_task_interfaces/environment/ament_prefix_path.sh
[1.455s] -- Up-to-date symlink: /home/radhae/ws_aic/src/aic/install/aic_task_interfaces/share/aic_task_interfaces/environment/ament_prefix_path.dsv
[1.455s] -- Up-to-date symlink: /home/radhae/ws_aic/src/aic/install/aic_task_interfaces/share/aic_task_interfaces/environment/path.sh
[1.455s] -- Up-to-date symlink: /home/radhae/ws_aic/src/aic/install/aic_task_interfaces/share/aic_task_interfaces/environment/path.dsv
[1.455s] -- Up-to-date symlink: /home/radhae/ws_aic/src/aic/install/aic_task_interfaces/share/aic_task_interfaces/local_setup.bash
[1.455s] -- Up-to-date symlink: /home/radhae/ws_aic/src/aic/install/aic_task_interfaces/share/aic_task_interfaces/local_setup.sh
[1.455s] -- Up-to-date symlink: /home/radhae/ws_aic/src/aic/install/aic_task_interfaces/share/aic_task_interfaces/local_setup.zsh
[1.456s] -- Up-to-date symlink: /home/radhae/ws_aic/src/aic/install/aic_task_interfaces/share/aic_task_interfaces/local_setup.dsv
[1.456s] -- Symlinking: /home/radhae/ws_aic/src/aic/install/aic_task_interfaces/share/aic_task_interfaces/package.dsv
[1.478s] -- Up-to-date symlink: /home/radhae/ws_aic/src/aic/install/aic_task_interfaces/share/ament_index/resource_index/packages/aic_task_interfaces
[1.478s] -- Up-to-date symlink: /home/radhae/ws_aic/src/aic/install/aic_task_interfaces/share/aic_task_interfaces/cmake/rosidl_cmake-extras.cmake
[1.478s] -- Up-to-date symlink: /home/radhae/ws_aic/src/aic/install/aic_task_interfaces/share/aic_task_interfaces/cmake/ament_cmake_export_dependencies-extras.cmake
[1.478s] -- Up-to-date symlink: /home/radhae/ws_aic/src/aic/install/aic_task_interfaces/share/aic_task_interfaces/cmake/ament_cmake_export_include_directories-extras.cmake
[1.479s] -- Up-to-date symlink: /home/radhae/ws_aic/src/aic/install/aic_task_interfaces/share/aic_task_interfaces/cmake/ament_cmake_export_libraries-extras.cmake
[1.479s] -- Up-to-date symlink: /home/radhae/ws_aic/src/aic/install/aic_task_interfaces/share/aic_task_interfaces/cmake/ament_cmake_export_targets-extras.cmake
[1.479s] -- Up-to-date symlink: /home/radhae/ws_aic/src/aic/install/aic_task_interfaces/share/aic_task_interfaces/cmake/rosidl_cmake_export_typesupport_targets-extras.cmake
[1.479s] -- Up-to-date symlink: /home/radhae/ws_aic/src/aic/install/aic_task_interfaces/share/aic_task_interfaces/cmake/rosidl_cmake_export_typesupport_libraries-extras.cmake
[1.479s] -- Up-to-date symlink: /home/radhae/ws_aic/src/aic/install/aic_task_interfaces/share/aic_task_interfaces/cmake/aic_task_interfacesConfig.cmake
[1.479s] -- Up-to-date symlink: /home/radhae/ws_aic/src/aic/install/aic_task_interfaces/share/aic_task_interfaces/cmake/aic_task_interfacesConfig-version.cmake
[1.479s] -- Up-to-date symlink: /home/radhae/ws_aic/src/aic/install/aic_task_interfaces/share/aic_task_interfaces/package.xml
[1.479s] -- Up-to-date: /home/radhae/ws_aic/src/aic/install/aic_task_interfaces/lib/libaic_task_interfaces__rosidl_generator_c.so
[1.480s] -- Up-to-date: /home/radhae/ws_aic/src/aic/install/aic_task_interfaces/lib/libaic_task_interfaces__rosidl_typesupport_fastrtps_c.so
[1.480s] -- Up-to-date: /home/radhae/ws_aic/src/aic/install/aic_task_interfaces/lib/libaic_task_interfaces__rosidl_typesupport_fastrtps_cpp.so
[1.480s] -- Up-to-date: /home/radhae/ws_aic/src/aic/install/aic_task_interfaces/lib/libaic_task_interfaces__rosidl_typesupport_introspection_c.so
[1.480s] -- Up-to-date: /home/radhae/ws_aic/src/aic/install/aic_task_interfaces/lib/libaic_task_interfaces__rosidl_typesupport_c.so
[1.481s] -- Up-to-date: /home/radhae/ws_aic/src/aic/install/aic_task_interfaces/lib/libaic_task_interfaces__rosidl_typesupport_introspection_cpp.so
[1.481s] -- Up-to-date: /home/radhae/ws_aic/src/aic/install/aic_task_interfaces/lib/libaic_task_interfaces__rosidl_typesupport_cpp.so
[1.521s] Listing '/home/radhae/ws_aic/src/aic/install/aic_task_interfaces/lib/python3.12/site-packages/aic_task_interfaces'...
[1.521s] Listing '/home/radhae/ws_aic/src/aic/install/aic_task_interfaces/lib/python3.12/site-packages/aic_task_interfaces/action'...
[1.521s] Listing '/home/radhae/ws_aic/src/aic/install/aic_task_interfaces/lib/python3.12/site-packages/aic_task_interfaces/msg'...
[1.528s] -- Up-to-date: /home/radhae/ws_aic/src/aic/install/aic_task_interfaces/lib/libaic_task_interfaces__rosidl_generator_py.so
[1.528s] -- Up-to-date: /home/radhae/ws_aic/src/aic/install/aic_task_interfaces/share/aic_task_interfaces/cmake/export_aic_task_interfaces__rosidl_generator_cExport.cmake
[1.529s] -- Up-to-date: /home/radhae/ws_aic/src/aic/install/aic_task_interfaces/share/aic_task_interfaces/cmake/export_aic_task_interfaces__rosidl_generator_cExport-noconfig.cmake
[1.529s] -- Up-to-date: /home/radhae/ws_aic/src/aic/install/aic_task_interfaces/share/aic_task_interfaces/cmake/export_aic_task_interfaces__rosidl_typesupport_fastrtps_cExport.cmake
[1.529s] -- Up-to-date: /home/radhae/ws_aic/src/aic/install/aic_task_interfaces/share/aic_task_interfaces/cmake/export_aic_task_interfaces__rosidl_typesupport_fastrtps_cExport-noconfig.cmake
[1.529s] -- Up-to-date: /home/radhae/ws_aic/src/aic/install/aic_task_interfaces/share/aic_task_interfaces/cmake/export_aic_task_interfaces__rosidl_generator_cppExport.cmake
[1.529s] -- Up-to-date: /home/radhae/ws_aic/src/aic/install/aic_task_interfaces/share/aic_task_interfaces/cmake/export_aic_task_interfaces__rosidl_typesupport_fastrtps_cppExport.cmake
[1.529s] -- Up-to-date: /home/radhae/ws_aic/src/aic/install/aic_task_interfaces/share/aic_task_interfaces/cmake/export_aic_task_interfaces__rosidl_typesupport_fastrtps_cppExport-noconfig.cmake
[1.529s] -- Up-to-date: /home/radhae/ws_aic/src/aic/install/aic_task_interfaces/share/aic_task_interfaces/cmake/aic_task_interfaces__rosidl_typesupport_introspection_cExport.cmake
[1.529s] -- Up-to-date: /home/radhae/ws_aic/src/aic/install/aic_task_interfaces/share/aic_task_interfaces/cmake/aic_task_interfaces__rosidl_typesupport_introspection_cExport-noconfig.cmake
[1.529s] -- Up-to-date: /home/radhae/ws_aic/src/aic/install/aic_task_interfaces/share/aic_task_interfaces/cmake/aic_task_interfaces__rosidl_typesupport_cExport.cmake
[1.529s] -- Up-to-date: /home/radhae/ws_aic/src/aic/install/aic_task_interfaces/share/aic_task_interfaces/cmake/aic_task_interfaces__rosidl_typesupport_cExport-noconfig.cmake
[1.529s] -- Up-to-date: /home/radhae/ws_aic/src/aic/install/aic_task_interfaces/share/aic_task_interfaces/cmake/aic_task_interfaces__rosidl_typesupport_introspection_cppExport.cmake
[1.529s] -- Up-to-date: /home/radhae/ws_aic/src/aic/install/aic_task_interfaces/share/aic_task_interfaces/cmake/aic_task_interfaces__rosidl_typesupport_introspection_cppExport-noconfig.cmake
[1.529s] -- Up-to-date: /home/radhae/ws_aic/src/aic/install/aic_task_interfaces/share/aic_task_interfaces/cmake/aic_task_interfaces__rosidl_typesupport_cppExport.cmake
[1.529s] -- Up-to-date: /home/radhae/ws_aic/src/aic/install/aic_task_interfaces/share/aic_task_interfaces/cmake/aic_task_interfaces__rosidl_typesupport_cppExport-noconfig.cmake
[1.530s] -- Up-to-date: /home/radhae/ws_aic/src/aic/install/aic_task_interfaces/share/aic_task_interfaces/cmake/export_aic_task_interfaces__rosidl_generator_pyExport.cmake
[1.530s] -- Up-to-date: /home/radhae/ws_aic/src/aic/install/aic_task_interfaces/share/aic_task_interfaces/cmake/export_aic_task_interfaces__rosidl_generator_pyExport-noconfig.cmake
[1.534s] Invoked command in '/home/radhae/ws_aic/src/aic/build/aic_task_interfaces' returned '0': CMAKE_PREFIX_PATH=${CMAKE_PREFIX_PATH}:/home/radhae/ws_aic/src/aic/.pixi/envs/default PIXI_PROMPT=(aic) PS1=\[\e]0;\u@\h: \w\a\]${debian_chroot:+($debian_chroot)}\[\033[01;32m\]\u@\h\[\033[00m\]:\[\033[01;34m\]\w\[\033[00m\]\$ /home/radhae/ws_aic/src/aic/.pixi/envs/default/bin/cmake --install /home/radhae/ws_aic/src/aic/build/aic_task_interfaces
