[0.050s] Invoking command in '/home/radhae/ws_aic/build/aic_training_interfaces': CMAKE_PREFIX_PATH=${CMAKE_PREFIX_PATH}:/opt/ros/kilted:/home/radhae/ws_aic/src/aic/.pixi/envs/default:/home/radhae/cognipilot/cranium/install/b3rb_ros_line_follower:/opt/ros/humble PS1=\[\e]0;\u@\h: \w\a\]${debian_chroot:+($debian_chroot)}\[\033[01;32m\]\u@\h\[\033[00m\]:\[\033[01;34m\]\w\[\033[00m\]\$ /home/radhae/ws_aic/src/aic/.pixi/envs/default/bin/cmake /home/radhae/ws_aic/src/aic/aic_utils/aic_training_interfaces -DCMAKE_INSTALL_PREFIX=/home/radhae/ws_aic/install/aic_training_interfaces
[0.223s] [0mCMake Deprecation Warning at CMakeLists.txt:1 (cmake_minimum_required):
[0.223s]   Compatibility with CMake < 3.10 will be removed from a future version of
[0.223s]   CMake.
[0.223s] 
[0.223s]   Update the VERSION argument <min> value.  Or, use the <min>...<max> syntax
[0.223s]   to tell CMake that the project requires at least <min> but has been updated
[0.223s]   to work with policies introduced by <max> or earlier.
[0.223s] 
[0.224s] [0m
[0.358s] -- The C compiler identification is GNU 15.2.0
[0.563s] -- The CXX compiler identification is GNU 15.2.0
[0.585s] -- Detecting C compiler ABI info
[0.890s] -- Detecting C compiler ABI info - done
[0.922s] -- Check for working C compiler: /home/radhae/ws_aic/src/aic/.pixi/envs/default/bin/cc - skipped
[0.923s] -- Detecting C compile features
[0.923s] -- Detecting C compile features - done
[0.990s] -- Detecting CXX compiler ABI info
[1.323s] -- Detecting CXX compiler ABI info - done
[1.364s] -- Check for working CXX compiler: /home/radhae/ws_aic/src/aic/.pixi/envs/default/bin/c++ - skipped
[1.364s] -- Detecting CXX compile features
[1.365s] -- Detecting CXX compile features - done
[1.419s] -- Found ament_cmake: 2.7.5 (/opt/ros/kilted/share/ament_cmake/cmake)
[1.836s] -- Found Python3: /home/radhae/ws_aic/src/aic/.pixi/envs/default/bin/python3 (found version "3.12.13") found components: Interpreter
[2.073s] -- Found rosidl_default_generators: 1.7.2 (/opt/ros/kilted/share/rosidl_default_generators/cmake)
[2.089s] -- Using all available rosidl_typesupport_c: rosidl_typesupport_fastrtps_c;rosidl_typesupport_introspection_c
[2.176s] -- Using all available rosidl_typesupport_cpp: rosidl_typesupport_fastrtps_cpp;rosidl_typesupport_introspection_cpp
[2.271s] -- Found rosidl_adapter: 4.9.6 (/opt/ros/kilted/share/rosidl_adapter/cmake)
[3.315s] -- Found ament_cmake_cppcheck: 0.19.2 (/opt/ros/kilted/share/ament_cmake_cppcheck/cmake)
[3.324s] -- Found ament_cmake_cpplint: 0.19.2 (/opt/ros/kilted/share/ament_cmake_cpplint/cmake)
[3.332s] -- Found ament_cmake_uncrustify: 0.19.2 (/opt/ros/kilted/share/ament_cmake_uncrustify/cmake)
[3.340s] -- Found ament_cmake_ros_core: 0.14.7 (/opt/ros/kilted/share/ament_cmake_ros_core/cmake)
[4.170s] -- Using all available rosidl_typesupport_c: rosidl_typesupport_fastrtps_c;rosidl_typesupport_introspection_c
[5.347s] -- Using all available rosidl_typesupport_cpp: rosidl_typesupport_fastrtps_cpp;rosidl_typesupport_introspection_cpp
[6.022s] -- Found Python3: /home/radhae/ws_aic/src/aic/.pixi/envs/default/bin/python3 (found version "3.12.13") found components: Interpreter Development NumPy Development.Module Development.Embed
[6.085s] -- Found ament_cmake_flake8: 0.19.2 (/opt/ros/kilted/share/ament_cmake_flake8/cmake)
[6.094s] -- Found ament_cmake_pep257: 0.19.2 (/opt/ros/kilted/share/ament_cmake_pep257/cmake)
[6.137s] -- Found Python3: /home/radhae/ws_aic/src/aic/.pixi/envs/default/bin/python3 (found version "3.12.13") found components: Interpreter
[6.144s] -- Configuring done (5.9s)
[6.185s] -- Generating done (0.0s)
[6.193s] -- Build files have been written to: /home/radhae/ws_aic/build/aic_training_interfaces
[6.205s] Invoked command in '/home/radhae/ws_aic/build/aic_training_interfaces' returned '0': CMAKE_PREFIX_PATH=${CMAKE_PREFIX_PATH}:/opt/ros/kilted:/home/radhae/ws_aic/src/aic/.pixi/envs/default:/home/radhae/cognipilot/cranium/install/b3rb_ros_line_follower:/opt/ros/humble PS1=\[\e]0;\u@\h: \w\a\]${debian_chroot:+($debian_chroot)}\[\033[01;32m\]\u@\h\[\033[00m\]:\[\033[01;34m\]\w\[\033[00m\]\$ /home/radhae/ws_aic/src/aic/.pixi/envs/default/bin/cmake /home/radhae/ws_aic/src/aic/aic_utils/aic_training_interfaces -DCMAKE_INSTALL_PREFIX=/home/radhae/ws_aic/install/aic_training_interfaces
[6.207s] Invoking command in '/home/radhae/ws_aic/build/aic_training_interfaces': CMAKE_PREFIX_PATH=${CMAKE_PREFIX_PATH}:/opt/ros/kilted:/home/radhae/ws_aic/src/aic/.pixi/envs/default:/home/radhae/cognipilot/cranium/install/b3rb_ros_line_follower:/opt/ros/humble PS1=\[\e]0;\u@\h: \w\a\]${debian_chroot:+($debian_chroot)}\[\033[01;32m\]\u@\h\[\033[00m\]:\[\033[01;34m\]\w\[\033[00m\]\$ /home/radhae/ws_aic/src/aic/.pixi/envs/default/bin/cmake --build /home/radhae/ws_aic/build/aic_training_interfaces -- -j12 -l12
[6.556s] [  2%] [1m[34mGenerating type hashes for ROS interfaces[0m
[6.565s] [  5%] [1m[34mGenerating Rust code for ROS interfaces[0m
[6.616s] [  5%] Built target ament_cmake_python_copy_aic_training_interfaces
[6.758s] [  5%] Built target aic_training_interfaces__rosidl_generator_type_description
[6.821s] [  8%] [1m[34mGenerating C code for ROS interfaces[0m
[6.866s] [  8%] Built target aic_training_interfaces__rs
[6.890s] [ 11%] [1m[34mGenerating C++ code for ROS interfaces[0m
[6.941s] running egg_info
[6.962s] creating aic_training_interfaces.egg-info
[6.962s] writing aic_training_interfaces.egg-info/PKG-INFO
[6.963s] writing dependency_links to aic_training_interfaces.egg-info/dependency_links.txt
[6.963s] writing top-level names to aic_training_interfaces.egg-info/top_level.txt
[6.963s] writing manifest file 'aic_training_interfaces.egg-info/SOURCES.txt'
[7.015s] reading manifest file 'aic_training_interfaces.egg-info/SOURCES.txt'
[7.015s] writing manifest file 'aic_training_interfaces.egg-info/SOURCES.txt'
[7.093s] [ 11%] Built target ament_cmake_python_build_aic_training_interfaces_egg
[7.291s] [ 11%] Built target aic_training_interfaces__cpp
[7.326s] [ 17%] [32mBuilding C object CMakeFiles/aic_training_interfaces__rosidl_generator_c.dir/rosidl_generator_c/aic_training_interfaces/srv/detail/expand_xacro__description.c.o[0m
[7.326s] [ 17%] [32mBuilding C object CMakeFiles/aic_training_interfaces__rosidl_generator_c.dir/rosidl_generator_c/aic_training_interfaces/srv/detail/expand_xacro__type_support.c.o[0m
[7.326s] [ 20%] [32mBuilding C object CMakeFiles/aic_training_interfaces__rosidl_generator_c.dir/rosidl_generator_c/aic_training_interfaces/srv/detail/expand_xacro__functions.c.o[0m
[7.562s] [ 22%] [1m[32mLinking C shared library libaic_training_interfaces__rosidl_generator_c.so[0m
[7.786s] [ 22%] Built target aic_training_interfaces__rosidl_generator_c
[7.877s] [ 25%] [1m[34mGenerating C++ introspection for ROS interfaces[0m
[7.886s] [ 28%] [1m[34mGenerating C type support dispatch for ROS interfaces[0m
[7.897s] [ 31%] [1m[34mGenerating C introspection for ROS interfaces[0m
[7.902s] [ 34%] [1m[34mGenerating C++ type support dispatch for ROS interfaces[0m
[7.904s] [ 37%] [1m[34mGenerating C++ type support for eProsima Fast-RTPS[0m
[7.932s] [ 40%] [1m[34mGenerating C type support for eProsima Fast-RTPS[0m
[8.509s] [ 42%] [32mBuilding CXX object CMakeFiles/aic_training_interfaces__rosidl_typesupport_introspection_cpp.dir/rosidl_typesupport_introspection_cpp/aic_training_interfaces/srv/detail/expand_xacro__type_support.cpp.o[0m
[8.551s] [ 45%] [32mBuilding CXX object CMakeFiles/aic_training_interfaces__rosidl_typesupport_c.dir/rosidl_typesupport_c/aic_training_interfaces/srv/expand_xacro__type_support.cpp.o[0m
[8.678s] [ 48%] [32mBuilding CXX object CMakeFiles/aic_training_interfaces__rosidl_typesupport_cpp.dir/rosidl_typesupport_cpp/aic_training_interfaces/srv/expand_xacro__type_support.cpp.o[0m
[8.684s] [ 51%] [32mBuilding CXX object CMakeFiles/aic_training_interfaces__rosidl_typesupport_fastrtps_cpp.dir/rosidl_typesupport_fastrtps_cpp/aic_training_interfaces/srv/detail/dds_fastrtps/expand_xacro__type_support.cpp.o[0m
[8.726s] [ 54%] [32mBuilding CXX object CMakeFiles/aic_training_interfaces__rosidl_typesupport_fastrtps_c.dir/rosidl_typesupport_fastrtps_c/aic_training_interfaces/srv/detail/expand_xacro__type_support_c.cpp.o[0m
[8.764s] [ 57%] [32mBuilding C object CMakeFiles/aic_training_interfaces__rosidl_typesupport_introspection_c.dir/rosidl_typesupport_introspection_c/aic_training_interfaces/srv/detail/expand_xacro__type_support.c.o[0m
[8.831s] [ 60%] [1m[32mLinking CXX shared library libaic_training_interfaces__rosidl_typesupport_c.so[0m
[8.991s] [ 62%] [1m[32mLinking C shared library libaic_training_interfaces__rosidl_typesupport_introspection_c.so[0m
[9.070s] [ 62%] Built target aic_training_interfaces__rosidl_typesupport_c
[9.344s] [ 62%] Built target aic_training_interfaces__rosidl_typesupport_introspection_c
[10.108s] [ 65%] [1m[32mLinking CXX shared library libaic_training_interfaces__rosidl_typesupport_introspection_cpp.so[0m
[10.428s] [ 68%] [1m[32mLinking CXX shared library libaic_training_interfaces__rosidl_typesupport_cpp.so[0m
[10.744s] [ 68%] Built target aic_training_interfaces__rosidl_typesupport_introspection_cpp
[10.786s] [ 71%] [1m[32mLinking CXX shared library libaic_training_interfaces__rosidl_typesupport_fastrtps_c.so[0m
[10.926s] [ 74%] [1m[32mLinking CXX shared library libaic_training_interfaces__rosidl_typesupport_fastrtps_cpp.so[0m
[11.015s] [ 74%] Built target aic_training_interfaces__rosidl_typesupport_cpp
[11.317s] [ 74%] Built target aic_training_interfaces__rosidl_typesupport_fastrtps_c
[11.350s] [ 74%] Built target aic_training_interfaces__rosidl_typesupport_fastrtps_cpp
[11.684s] [ 74%] Built target aic_training_interfaces
[11.974s] [ 77%] [1m[34mGenerating Python code for ROS interfaces[0m
[12.746s] [ 77%] Built target aic_training_interfaces__py
[12.976s] [ 80%] [32mBuilding C object CMakeFiles/aic_training_interfaces__rosidl_generator_py.dir/rosidl_generator_py/aic_training_interfaces/srv/_expand_xacro_s.c.o[0m
[13.849s] [ 82%] [1m[32mLinking C shared library libaic_training_interfaces__rosidl_generator_py.so[0m
[14.159s] [ 82%] Built target aic_training_interfaces__rosidl_generator_py
[14.424s] [ 85%] [32mBuilding C object CMakeFiles/aic_training_interfaces_s__rosidl_typesupport_c.dir/rosidl_generator_py/aic_training_interfaces/_aic_training_interfaces_s.ep.rosidl_typesupport_c.c.o[0m
[14.468s] [ 88%] [32mBuilding C object CMakeFiles/aic_training_interfaces_s__rosidl_typesupport_fastrtps_c.dir/rosidl_generator_py/aic_training_interfaces/_aic_training_interfaces_s.ep.rosidl_typesupport_fastrtps_c.c.o[0m
[14.504s] [ 91%] [32mBuilding C object CMakeFiles/aic_training_interfaces_s__rosidl_typesupport_introspection_c.dir/rosidl_generator_py/aic_training_interfaces/_aic_training_interfaces_s.ep.rosidl_typesupport_introspection_c.c.o[0m
[14.874s] [ 94%] [1m[32mLinking C shared module rosidl_generator_py/aic_training_interfaces/aic_training_interfaces_s__rosidl_typesupport_introspection_c.so[0m
[14.882s] [ 97%] [1m[32mLinking C shared module rosidl_generator_py/aic_training_interfaces/aic_training_interfaces_s__rosidl_typesupport_fastrtps_c.so[0m
[14.911s] [100%] [1m[32mLinking C shared module rosidl_generator_py/aic_training_interfaces/aic_training_interfaces_s__rosidl_typesupport_c.so[0m
[15.133s] [100%] Built target aic_training_interfaces_s__rosidl_typesupport_introspection_c
[15.166s] [100%] Built target aic_training_interfaces_s__rosidl_typesupport_fastrtps_c
[15.168s] [100%] Built target aic_training_interfaces_s__rosidl_typesupport_c
[15.219s] Invoked command in '/home/radhae/ws_aic/build/aic_training_interfaces' returned '0': CMAKE_PREFIX_PATH=${CMAKE_PREFIX_PATH}:/opt/ros/kilted:/home/radhae/ws_aic/src/aic/.pixi/envs/default:/home/radhae/cognipilot/cranium/install/b3rb_ros_line_follower:/opt/ros/humble PS1=\[\e]0;\u@\h: \w\a\]${debian_chroot:+($debian_chroot)}\[\033[01;32m\]\u@\h\[\033[00m\]:\[\033[01;34m\]\w\[\033[00m\]\$ /home/radhae/ws_aic/src/aic/.pixi/envs/default/bin/cmake --build /home/radhae/ws_aic/build/aic_training_interfaces -- -j12 -l12
[15.220s] Invoking command in '/home/radhae/ws_aic/build/aic_training_interfaces': CMAKE_PREFIX_PATH=${CMAKE_PREFIX_PATH}:/opt/ros/kilted:/home/radhae/ws_aic/src/aic/.pixi/envs/default:/home/radhae/cognipilot/cranium/install/b3rb_ros_line_follower:/opt/ros/humble PS1=\[\e]0;\u@\h: \w\a\]${debian_chroot:+($debian_chroot)}\[\033[01;32m\]\u@\h\[\033[00m\]:\[\033[01;34m\]\w\[\033[00m\]\$ /home/radhae/ws_aic/src/aic/.pixi/envs/default/bin/cmake --install /home/radhae/ws_aic/build/aic_training_interfaces
[15.476s] -- Install configuration: ""
[15.476s] -- Installing: /home/radhae/ws_aic/install/aic_training_interfaces/share/ament_index/resource_index/rosidl_interfaces/aic_training_interfaces
[15.476s] -- Installing: /home/radhae/ws_aic/install/aic_training_interfaces/share/aic_training_interfaces/srv/ExpandXacro.json
[15.476s] -- Installing: /home/radhae/ws_aic/install/aic_training_interfaces/include/aic_training_interfaces/aic_training_interfaces
[15.477s] -- Installing: /home/radhae/ws_aic/install/aic_training_interfaces/include/aic_training_interfaces/aic_training_interfaces/srv
[15.477s] -- Installing: /home/radhae/ws_aic/install/aic_training_interfaces/include/aic_training_interfaces/aic_training_interfaces/srv/detail
[15.477s] -- Installing: /home/radhae/ws_aic/install/aic_training_interfaces/include/aic_training_interfaces/aic_training_interfaces/srv/detail/expand_xacro__type_support.c
[15.478s] -- Installing: /home/radhae/ws_aic/install/aic_training_interfaces/include/aic_training_interfaces/aic_training_interfaces/srv/detail/expand_xacro__functions.h
[15.479s] -- Installing: /home/radhae/ws_aic/install/aic_training_interfaces/include/aic_training_interfaces/aic_training_interfaces/srv/detail/expand_xacro__functions.c
[15.479s] -- Installing: /home/radhae/ws_aic/install/aic_training_interfaces/include/aic_training_interfaces/aic_training_interfaces/srv/detail/expand_xacro__description.c
[15.479s] -- Installing: /home/radhae/ws_aic/install/aic_training_interfaces/include/aic_training_interfaces/aic_training_interfaces/srv/detail/expand_xacro__struct.h
[15.479s] -- Installing: /home/radhae/ws_aic/install/aic_training_interfaces/include/aic_training_interfaces/aic_training_interfaces/srv/detail/expand_xacro__type_support.h
[15.479s] -- Installing: /home/radhae/ws_aic/install/aic_training_interfaces/include/aic_training_interfaces/aic_training_interfaces/srv/expand_xacro.h
[15.479s] -- Installing: /home/radhae/ws_aic/install/aic_training_interfaces/include/aic_training_interfaces/aic_training_interfaces/msg
[15.479s] -- Installing: /home/radhae/ws_aic/install/aic_training_interfaces/include/aic_training_interfaces/aic_training_interfaces/msg/rosidl_generator_c__visibility_control.h
[15.479s] -- Installing: /home/radhae/ws_aic/install/aic_training_interfaces/share/aic_training_interfaces/environment/library_path.sh
[15.479s] -- Installing: /home/radhae/ws_aic/install/aic_training_interfaces/share/aic_training_interfaces/environment/library_path.dsv
[15.480s] -- Installing: /home/radhae/ws_aic/install/aic_training_interfaces/lib/libaic_training_interfaces__rosidl_generator_c.so
[15.482s] -- Set non-toolchain portion of runtime path of "/home/radhae/ws_aic/install/aic_training_interfaces/lib/libaic_training_interfaces__rosidl_generator_c.so" to ""
[15.483s] -- Up-to-date: /home/radhae/ws_aic/install/aic_training_interfaces/include/aic_training_interfaces/aic_training_interfaces
[15.483s] -- Up-to-date: /home/radhae/ws_aic/install/aic_training_interfaces/include/aic_training_interfaces/aic_training_interfaces/srv
[15.483s] -- Up-to-date: /home/radhae/ws_aic/install/aic_training_interfaces/include/aic_training_interfaces/aic_training_interfaces/srv/detail
[15.483s] -- Installing: /home/radhae/ws_aic/install/aic_training_interfaces/include/aic_training_interfaces/aic_training_interfaces/srv/detail/expand_xacro__rosidl_typesupport_fastrtps_c.h
[15.483s] -- Up-to-date: /home/radhae/ws_aic/install/aic_training_interfaces/include/aic_training_interfaces/aic_training_interfaces/msg
[15.483s] -- Installing: /home/radhae/ws_aic/install/aic_training_interfaces/include/aic_training_interfaces/aic_training_interfaces/msg/rosidl_typesupport_fastrtps_c__visibility_control.h
[15.483s] -- Installing: /home/radhae/ws_aic/install/aic_training_interfaces/lib/libaic_training_interfaces__rosidl_typesupport_fastrtps_c.so
[15.483s] -- Set non-toolchain portion of runtime path of "/home/radhae/ws_aic/install/aic_training_interfaces/lib/libaic_training_interfaces__rosidl_typesupport_fastrtps_c.so" to ""
[15.483s] -- Up-to-date: /home/radhae/ws_aic/install/aic_training_interfaces/include/aic_training_interfaces/aic_training_interfaces
[15.483s] -- Up-to-date: /home/radhae/ws_aic/install/aic_training_interfaces/include/aic_training_interfaces/aic_training_interfaces/srv
[15.483s] -- Up-to-date: /home/radhae/ws_aic/install/aic_training_interfaces/include/aic_training_interfaces/aic_training_interfaces/srv/detail
[15.484s] -- Installing: /home/radhae/ws_aic/install/aic_training_interfaces/include/aic_training_interfaces/aic_training_interfaces/srv/detail/expand_xacro__type_support.c
[15.484s] -- Installing: /home/radhae/ws_aic/install/aic_training_interfaces/include/aic_training_interfaces/aic_training_interfaces/srv/detail/expand_xacro__rosidl_typesupport_introspection_c.h
[15.484s] -- Up-to-date: /home/radhae/ws_aic/install/aic_training_interfaces/include/aic_training_interfaces/aic_training_interfaces/msg
[15.484s] -- Installing: /home/radhae/ws_aic/install/aic_training_interfaces/include/aic_training_interfaces/aic_training_interfaces/msg/rosidl_typesupport_introspection_c__visibility_control.h
[15.484s] -- Installing: /home/radhae/ws_aic/install/aic_training_interfaces/lib/libaic_training_interfaces__rosidl_typesupport_introspection_c.so
[15.484s] -- Set non-toolchain portion of runtime path of "/home/radhae/ws_aic/install/aic_training_interfaces/lib/libaic_training_interfaces__rosidl_typesupport_introspection_c.so" to ""
[15.484s] -- Installing: /home/radhae/ws_aic/install/aic_training_interfaces/lib/libaic_training_interfaces__rosidl_typesupport_c.so
[15.485s] -- Set non-toolchain portion of runtime path of "/home/radhae/ws_aic/install/aic_training_interfaces/lib/libaic_training_interfaces__rosidl_typesupport_c.so" to ""
[15.485s] -- Up-to-date: /home/radhae/ws_aic/install/aic_training_interfaces/include/aic_training_interfaces/aic_training_interfaces
[15.486s] -- Up-to-date: /home/radhae/ws_aic/install/aic_training_interfaces/include/aic_training_interfaces/aic_training_interfaces/srv
[15.487s] -- Installing: /home/radhae/ws_aic/install/aic_training_interfaces/include/aic_training_interfaces/aic_training_interfaces/srv/expand_xacro.hpp
[15.487s] -- Up-to-date: /home/radhae/ws_aic/install/aic_training_interfaces/include/aic_training_interfaces/aic_training_interfaces/srv/detail
[15.487s] -- Installing: /home/radhae/ws_aic/install/aic_training_interfaces/include/aic_training_interfaces/aic_training_interfaces/srv/detail/expand_xacro__traits.hpp
[15.487s] -- Installing: /home/radhae/ws_aic/install/aic_training_interfaces/include/aic_training_interfaces/aic_training_interfaces/srv/detail/expand_xacro__struct.hpp
[15.487s] -- Installing: /home/radhae/ws_aic/install/aic_training_interfaces/include/aic_training_interfaces/aic_training_interfaces/srv/detail/expand_xacro__type_support.hpp
[15.487s] -- Installing: /home/radhae/ws_aic/install/aic_training_interfaces/include/aic_training_interfaces/aic_training_interfaces/srv/detail/expand_xacro__builder.hpp
[15.487s] -- Up-to-date: /home/radhae/ws_aic/install/aic_training_interfaces/include/aic_training_interfaces/aic_training_interfaces/msg
[15.487s] -- Installing: /home/radhae/ws_aic/install/aic_training_interfaces/include/aic_training_interfaces/aic_training_interfaces/msg/rosidl_generator_cpp__visibility_control.hpp
[15.487s] -- Up-to-date: /home/radhae/ws_aic/install/aic_training_interfaces/include/aic_training_interfaces/aic_training_interfaces
[15.487s] -- Up-to-date: /home/radhae/ws_aic/install/aic_training_interfaces/include/aic_training_interfaces/aic_training_interfaces/srv
[15.487s] -- Up-to-date: /home/radhae/ws_aic/install/aic_training_interfaces/include/aic_training_interfaces/aic_training_interfaces/srv/detail
[15.487s] -- Installing: /home/radhae/ws_aic/install/aic_training_interfaces/include/aic_training_interfaces/aic_training_interfaces/srv/detail/dds_fastrtps
[15.487s] -- Installing: /home/radhae/ws_aic/install/aic_training_interfaces/include/aic_training_interfaces/aic_training_interfaces/srv/detail/expand_xacro__rosidl_typesupport_fastrtps_cpp.hpp
[15.488s] -- Up-to-date: /home/radhae/ws_aic/install/aic_training_interfaces/include/aic_training_interfaces/aic_training_interfaces/msg
[15.488s] -- Installing: /home/radhae/ws_aic/install/aic_training_interfaces/include/aic_training_interfaces/aic_training_interfaces/msg/rosidl_typesupport_fastrtps_cpp__visibility_control.h
[15.488s] -- Installing: /home/radhae/ws_aic/install/aic_training_interfaces/lib/libaic_training_interfaces__rosidl_typesupport_fastrtps_cpp.so
[15.488s] -- Set non-toolchain portion of runtime path of "/home/radhae/ws_aic/install/aic_training_interfaces/lib/libaic_training_interfaces__rosidl_typesupport_fastrtps_cpp.so" to ""
[15.491s] -- Up-to-date: /home/radhae/ws_aic/install/aic_training_interfaces/include/aic_training_interfaces/aic_training_interfaces
[15.491s] -- Up-to-date: /home/radhae/ws_aic/install/aic_training_interfaces/include/aic_training_interfaces/aic_training_interfaces/srv
[15.491s] -- Up-to-date: /home/radhae/ws_aic/install/aic_training_interfaces/include/aic_training_interfaces/aic_training_interfaces/srv/detail
[15.491s] -- Installing: /home/radhae/ws_aic/install/aic_training_interfaces/include/aic_training_interfaces/aic_training_interfaces/srv/detail/expand_xacro__type_support.cpp
[15.491s] -- Installing: /home/radhae/ws_aic/install/aic_training_interfaces/include/aic_training_interfaces/aic_training_interfaces/srv/detail/expand_xacro__rosidl_typesupport_introspection_cpp.hpp
[15.491s] -- Installing: /home/radhae/ws_aic/install/aic_training_interfaces/lib/libaic_training_interfaces__rosidl_typesupport_introspection_cpp.so
[15.492s] -- Set non-toolchain portion of runtime path of "/home/radhae/ws_aic/install/aic_training_interfaces/lib/libaic_training_interfaces__rosidl_typesupport_introspection_cpp.so" to ""
[15.492s] -- Installing: /home/radhae/ws_aic/install/aic_training_interfaces/lib/libaic_training_interfaces__rosidl_typesupport_cpp.so
[15.492s] -- Set non-toolchain portion of runtime path of "/home/radhae/ws_aic/install/aic_training_interfaces/lib/libaic_training_interfaces__rosidl_typesupport_cpp.so" to ""
[15.492s] -- Installing: /home/radhae/ws_aic/install/aic_training_interfaces/share/aic_training_interfaces/environment/pythonpath.sh
[15.492s] -- Installing: /home/radhae/ws_aic/install/aic_training_interfaces/share/aic_training_interfaces/environment/pythonpath.dsv
[15.492s] -- Installing: /home/radhae/ws_aic/install/aic_training_interfaces/lib/python3.12/site-packages/aic_training_interfaces-0.0.1-py3.12.egg-info
[15.492s] -- Installing: /home/radhae/ws_aic/install/aic_training_interfaces/lib/python3.12/site-packages/aic_training_interfaces-0.0.1-py3.12.egg-info/top_level.txt
[15.492s] -- Installing: /home/radhae/ws_aic/install/aic_training_interfaces/lib/python3.12/site-packages/aic_training_interfaces-0.0.1-py3.12.egg-info/SOURCES.txt
[15.493s] -- Installing: /home/radhae/ws_aic/install/aic_training_interfaces/lib/python3.12/site-packages/aic_training_interfaces-0.0.1-py3.12.egg-info/dependency_links.txt
[15.493s] -- Installing: /home/radhae/ws_aic/install/aic_training_interfaces/lib/python3.12/site-packages/aic_training_interfaces-0.0.1-py3.12.egg-info/PKG-INFO
[15.493s] -- Installing: /home/radhae/ws_aic/install/aic_training_interfaces/lib/python3.12/site-packages/aic_training_interfaces
[15.493s] -- Installing: /home/radhae/ws_aic/install/aic_training_interfaces/lib/python3.12/site-packages/aic_training_interfaces/_aic_training_interfaces_s.ep.rosidl_typesupport_fastrtps_c.c
[15.493s] -- Installing: /home/radhae/ws_aic/install/aic_training_interfaces/lib/python3.12/site-packages/aic_training_interfaces/srv
[15.493s] -- Installing: /home/radhae/ws_aic/install/aic_training_interfaces/lib/python3.12/site-packages/aic_training_interfaces/srv/_expand_xacro.py
[15.493s] -- Installing: /home/radhae/ws_aic/install/aic_training_interfaces/lib/python3.12/site-packages/aic_training_interfaces/srv/__init__.py
[15.493s] -- Installing: /home/radhae/ws_aic/install/aic_training_interfaces/lib/python3.12/site-packages/aic_training_interfaces/srv/_expand_xacro_s.c
[15.494s] -- Installing: /home/radhae/ws_aic/install/aic_training_interfaces/lib/python3.12/site-packages/aic_training_interfaces/_aic_training_interfaces_s.ep.rosidl_typesupport_introspection_c.c
[15.494s] -- Installing: /home/radhae/ws_aic/install/aic_training_interfaces/lib/python3.12/site-packages/aic_training_interfaces/aic_training_interfaces_s__rosidl_typesupport_introspection_c.so
[15.497s] -- Installing: /home/radhae/ws_aic/install/aic_training_interfaces/lib/python3.12/site-packages/aic_training_interfaces/aic_training_interfaces_s__rosidl_typesupport_c.so
[15.497s] -- Installing: /home/radhae/ws_aic/install/aic_training_interfaces/lib/python3.12/site-packages/aic_training_interfaces/aic_training_interfaces_s__rosidl_typesupport_fastrtps_c.so
[15.497s] -- Installing: /home/radhae/ws_aic/install/aic_training_interfaces/lib/python3.12/site-packages/aic_training_interfaces/__init__.py
[15.497s] -- Installing: /home/radhae/ws_aic/install/aic_training_interfaces/lib/python3.12/site-packages/aic_training_interfaces/_aic_training_interfaces_s.ep.rosidl_typesupport_c.c
[15.574s] Listing '/home/radhae/ws_aic/install/aic_training_interfaces/lib/python3.12/site-packages/aic_training_interfaces'...
[15.574s] Compiling '/home/radhae/ws_aic/install/aic_training_interfaces/lib/python3.12/site-packages/aic_training_interfaces/__init__.py'...
[15.574s] Listing '/home/radhae/ws_aic/install/aic_training_interfaces/lib/python3.12/site-packages/aic_training_interfaces/srv'...
[15.574s] Compiling '/home/radhae/ws_aic/install/aic_training_interfaces/lib/python3.12/site-packages/aic_training_interfaces/srv/__init__.py'...
[15.574s] Compiling '/home/radhae/ws_aic/install/aic_training_interfaces/lib/python3.12/site-packages/aic_training_interfaces/srv/_expand_xacro.py'...
[15.585s] -- Installing: /home/radhae/ws_aic/install/aic_training_interfaces/lib/python3.12/site-packages/aic_training_interfaces/aic_training_interfaces_s__rosidl_typesupport_fastrtps_c.so
[15.585s] -- Set non-toolchain portion of runtime path of "/home/radhae/ws_aic/install/aic_training_interfaces/lib/python3.12/site-packages/aic_training_interfaces/aic_training_interfaces_s__rosidl_typesupport_fastrtps_c.so" to ""
[15.586s] -- Installing: /home/radhae/ws_aic/install/aic_training_interfaces/lib/python3.12/site-packages/aic_training_interfaces/aic_training_interfaces_s__rosidl_typesupport_introspection_c.so
[15.586s] -- Set non-toolchain portion of runtime path of "/home/radhae/ws_aic/install/aic_training_interfaces/lib/python3.12/site-packages/aic_training_interfaces/aic_training_interfaces_s__rosidl_typesupport_introspection_c.so" to ""
[15.586s] -- Installing: /home/radhae/ws_aic/install/aic_training_interfaces/lib/python3.12/site-packages/aic_training_interfaces/aic_training_interfaces_s__rosidl_typesupport_c.so
[15.587s] -- Set non-toolchain portion of runtime path of "/home/radhae/ws_aic/install/aic_training_interfaces/lib/python3.12/site-packages/aic_training_interfaces/aic_training_interfaces_s__rosidl_typesupport_c.so" to ""
[15.587s] -- Installing: /home/radhae/ws_aic/install/aic_training_interfaces/lib/libaic_training_interfaces__rosidl_generator_py.so
[15.587s] -- Set non-toolchain portion of runtime path of "/home/radhae/ws_aic/install/aic_training_interfaces/lib/libaic_training_interfaces__rosidl_generator_py.so" to ""
[15.587s] -- Installing: /home/radhae/ws_aic/install/aic_training_interfaces/share/ament_index/resource_index/rust_packages/aic_training_interfaces
[15.588s] -- Installing: /home/radhae/ws_aic/install/aic_training_interfaces/share/aic_training_interfaces/rust
[15.588s] -- Installing: /home/radhae/ws_aic/install/aic_training_interfaces/share/aic_training_interfaces/rust/build.rs
[15.588s] -- Installing: /home/radhae/ws_aic/install/aic_training_interfaces/share/aic_training_interfaces/rust/src
[15.588s] -- Installing: /home/radhae/ws_aic/install/aic_training_interfaces/share/aic_training_interfaces/rust/src/srv
[15.588s] -- Installing: /home/radhae/ws_aic/install/aic_training_interfaces/share/aic_training_interfaces/rust/src/srv/rmw.rs
[15.588s] -- Installing: /home/radhae/ws_aic/install/aic_training_interfaces/share/aic_training_interfaces/rust/src/lib.rs
[15.588s] -- Installing: /home/radhae/ws_aic/install/aic_training_interfaces/share/aic_training_interfaces/rust/src/srv.rs
[15.589s] -- Installing: /home/radhae/ws_aic/install/aic_training_interfaces/share/aic_training_interfaces/rust/Cargo.toml
[15.589s] -- Installing: /home/radhae/ws_aic/install/aic_training_interfaces/share/aic_training_interfaces/srv/ExpandXacro.idl
[15.589s] -- Installing: /home/radhae/ws_aic/install/aic_training_interfaces/share/aic_training_interfaces/srv/ExpandXacro.srv
[15.589s] -- Installing: /home/radhae/ws_aic/install/aic_training_interfaces/share/ament_index/resource_index/package_run_dependencies/aic_training_interfaces
[15.590s] -- Installing: /home/radhae/ws_aic/install/aic_training_interfaces/share/ament_index/resource_index/parent_prefix_path/aic_training_interfaces
[15.590s] -- Installing: /home/radhae/ws_aic/install/aic_training_interfaces/share/aic_training_interfaces/environment/ament_prefix_path.sh
[15.590s] -- Installing: /home/radhae/ws_aic/install/aic_training_interfaces/share/aic_training_interfaces/environment/ament_prefix_path.dsv
[15.590s] -- Installing: /home/radhae/ws_aic/install/aic_training_interfaces/share/aic_training_interfaces/environment/path.sh
[15.590s] -- Installing: /home/radhae/ws_aic/install/aic_training_interfaces/share/aic_training_interfaces/environment/path.dsv
[15.591s] -- Installing: /home/radhae/ws_aic/install/aic_training_interfaces/share/aic_training_interfaces/local_setup.bash
[15.591s] -- Installing: /home/radhae/ws_aic/install/aic_training_interfaces/share/aic_training_interfaces/local_setup.sh
[15.591s] -- Installing: /home/radhae/ws_aic/install/aic_training_interfaces/share/aic_training_interfaces/local_setup.zsh
[15.591s] -- Installing: /home/radhae/ws_aic/install/aic_training_interfaces/share/aic_training_interfaces/local_setup.dsv
[15.591s] -- Installing: /home/radhae/ws_aic/install/aic_training_interfaces/share/aic_training_interfaces/package.dsv
[15.592s] -- Installing: /home/radhae/ws_aic/install/aic_training_interfaces/share/ament_index/resource_index/packages/aic_training_interfaces
[15.592s] -- Installing: /home/radhae/ws_aic/install/aic_training_interfaces/share/aic_training_interfaces/cmake/export_aic_training_interfaces__rosidl_generator_cExport.cmake
[15.592s] -- Installing: /home/radhae/ws_aic/install/aic_training_interfaces/share/aic_training_interfaces/cmake/export_aic_training_interfaces__rosidl_generator_cExport-noconfig.cmake
[15.592s] -- Installing: /home/radhae/ws_aic/install/aic_training_interfaces/share/aic_training_interfaces/cmake/export_aic_training_interfaces__rosidl_typesupport_fastrtps_cExport.cmake
[15.592s] -- Installing: /home/radhae/ws_aic/install/aic_training_interfaces/share/aic_training_interfaces/cmake/export_aic_training_interfaces__rosidl_typesupport_fastrtps_cExport-noconfig.cmake
[15.593s] -- Installing: /home/radhae/ws_aic/install/aic_training_interfaces/share/aic_training_interfaces/cmake/aic_training_interfaces__rosidl_typesupport_introspection_cExport.cmake
[15.593s] -- Installing: /home/radhae/ws_aic/install/aic_training_interfaces/share/aic_training_interfaces/cmake/aic_training_interfaces__rosidl_typesupport_introspection_cExport-noconfig.cmake
[15.593s] -- Installing: /home/radhae/ws_aic/install/aic_training_interfaces/share/aic_training_interfaces/cmake/aic_training_interfaces__rosidl_typesupport_cExport.cmake
[15.593s] -- Installing: /home/radhae/ws_aic/install/aic_training_interfaces/share/aic_training_interfaces/cmake/aic_training_interfaces__rosidl_typesupport_cExport-noconfig.cmake
[15.594s] -- Installing: /home/radhae/ws_aic/install/aic_training_interfaces/share/aic_training_interfaces/cmake/export_aic_training_interfaces__rosidl_generator_cppExport.cmake
[15.594s] -- Installing: /home/radhae/ws_aic/install/aic_training_interfaces/share/aic_training_interfaces/cmake/export_aic_training_interfaces__rosidl_typesupport_fastrtps_cppExport.cmake
[15.594s] -- Installing: /home/radhae/ws_aic/install/aic_training_interfaces/share/aic_training_interfaces/cmake/export_aic_training_interfaces__rosidl_typesupport_fastrtps_cppExport-noconfig.cmake
[15.594s] -- Installing: /home/radhae/ws_aic/install/aic_training_interfaces/share/aic_training_interfaces/cmake/aic_training_interfaces__rosidl_typesupport_introspection_cppExport.cmake
[15.594s] -- Installing: /home/radhae/ws_aic/install/aic_training_interfaces/share/aic_training_interfaces/cmake/aic_training_interfaces__rosidl_typesupport_introspection_cppExport-noconfig.cmake
[15.595s] -- Installing: /home/radhae/ws_aic/install/aic_training_interfaces/share/aic_training_interfaces/cmake/aic_training_interfaces__rosidl_typesupport_cppExport.cmake
[15.595s] -- Installing: /home/radhae/ws_aic/install/aic_training_interfaces/share/aic_training_interfaces/cmake/aic_training_interfaces__rosidl_typesupport_cppExport-noconfig.cmake
[15.595s] -- Installing: /home/radhae/ws_aic/install/aic_training_interfaces/share/aic_training_interfaces/cmake/export_aic_training_interfaces__rosidl_generator_pyExport.cmake
[15.595s] -- Installing: /home/radhae/ws_aic/install/aic_training_interfaces/share/aic_training_interfaces/cmake/export_aic_training_interfaces__rosidl_generator_pyExport-noconfig.cmake
[15.595s] -- Installing: /home/radhae/ws_aic/install/aic_training_interfaces/share/aic_training_interfaces/cmake/rosidl_cmake-extras.cmake
[15.596s] -- Installing: /home/radhae/ws_aic/install/aic_training_interfaces/share/aic_training_interfaces/cmake/ament_cmake_export_dependencies-extras.cmake
[15.596s] -- Installing: /home/radhae/ws_aic/install/aic_training_interfaces/share/aic_training_interfaces/cmake/ament_cmake_export_include_directories-extras.cmake
[15.596s] -- Installing: /home/radhae/ws_aic/install/aic_training_interfaces/share/aic_training_interfaces/cmake/ament_cmake_export_libraries-extras.cmake
[15.596s] -- Installing: /home/radhae/ws_aic/install/aic_training_interfaces/share/aic_training_interfaces/cmake/ament_cmake_export_targets-extras.cmake
[15.596s] -- Installing: /home/radhae/ws_aic/install/aic_training_interfaces/share/aic_training_interfaces/cmake/rosidl_cmake_export_typesupport_targets-extras.cmake
[15.596s] -- Installing: /home/radhae/ws_aic/install/aic_training_interfaces/share/aic_training_interfaces/cmake/rosidl_cmake_export_typesupport_libraries-extras.cmake
[15.596s] -- Installing: /home/radhae/ws_aic/install/aic_training_interfaces/share/aic_training_interfaces/cmake/aic_training_interfacesConfig.cmake
[15.597s] -- Installing: /home/radhae/ws_aic/install/aic_training_interfaces/share/aic_training_interfaces/cmake/aic_training_interfacesConfig-version.cmake
[15.597s] -- Installing: /home/radhae/ws_aic/install/aic_training_interfaces/share/aic_training_interfaces/package.xml
[15.601s] Invoked command in '/home/radhae/ws_aic/build/aic_training_interfaces' returned '0': CMAKE_PREFIX_PATH=${CMAKE_PREFIX_PATH}:/opt/ros/kilted:/home/radhae/ws_aic/src/aic/.pixi/envs/default:/home/radhae/cognipilot/cranium/install/b3rb_ros_line_follower:/opt/ros/humble PS1=\[\e]0;\u@\h: \w\a\]${debian_chroot:+($debian_chroot)}\[\033[01;32m\]\u@\h\[\033[00m\]:\[\033[01;34m\]\w\[\033[00m\]\$ /home/radhae/ws_aic/src/aic/.pixi/envs/default/bin/cmake --install /home/radhae/ws_aic/build/aic_training_interfaces
