[  1%] Built target aic_control_interfaces__rs
[  2%] Built target aic_control_interfaces__rosidl_generator_type_description
[  2%] Built target ament_cmake_python_symlink_aic_control_interfaces
[  3%] Built target aic_control_interfaces__cpp
[ 27%] Built target aic_control_interfaces__rosidl_generator_c
[ 36%] Built target aic_control_interfaces__rosidl_typesupport_introspection_c
[ 45%] Built target aic_control_interfaces__rosidl_typesupport_introspection_cpp
[ 55%] Built target aic_control_interfaces__rosidl_typesupport_cpp
[ 64%] Built target aic_control_interfaces__rosidl_typesupport_fastrtps_c
[ 74%] Built target aic_control_interfaces__rosidl_typesupport_c
running egg_info
writing aic_control_interfaces.egg-info/PKG-INFO
writing dependency_links to aic_control_interfaces.egg-info/dependency_links.txt
writing top-level names to aic_control_interfaces.egg-info/top_level.txt
[ 83%] Built target aic_control_interfaces__rosidl_typesupport_fastrtps_cpp
reading manifest file 'aic_control_interfaces.egg-info/SOURCES.txt'
writing manifest file 'aic_control_interfaces.egg-info/SOURCES.txt'
[ 83%] Built target ament_cmake_python_build_aic_control_interfaces_egg
[ 83%] Built target aic_control_interfaces
[ 84%] Built target aic_control_interfaces__py
[ 92%] Built target aic_control_interfaces__rosidl_generator_py
[ 95%] Built target aic_control_interfaces_s__rosidl_typesupport_c
[ 97%] Built target aic_control_interfaces_s__rosidl_typesupport_fastrtps_c
[100%] Built target aic_control_interfaces_s__rosidl_typesupport_introspection_c
-- Install configuration: ""
-- Execute custom install script
-- Up-to-date symlink: /home/radhae/ws_aic/src/aic/install/aic_control_interfaces/share/ament_index/resource_index/rosidl_interfaces/aic_control_interfaces
-- Up-to-date symlink: /home/radhae/ws_aic/src/aic/install/aic_control_interfaces/share/aic_control_interfaces/msg/ControllerState.json
-- Up-to-date symlink: /home/radhae/ws_aic/src/aic/install/aic_control_interfaces/share/aic_control_interfaces/msg/JointMotionUpdate.json
-- Up-to-date symlink: /home/radhae/ws_aic/src/aic/install/aic_control_interfaces/share/aic_control_interfaces/msg/MotionUpdate.json
-- Up-to-date symlink: /home/radhae/ws_aic/src/aic/install/aic_control_interfaces/share/aic_control_interfaces/msg/TargetMode.json
-- Up-to-date symlink: /home/radhae/ws_aic/src/aic/install/aic_control_interfaces/share/aic_control_interfaces/msg/TrajectoryGenerationMode.json
-- Up-to-date symlink: /home/radhae/ws_aic/src/aic/install/aic_control_interfaces/share/aic_control_interfaces/srv/ChangeTargetMode.json
-- Up-to-date symlink: /home/radhae/ws_aic/src/aic/install/aic_control_interfaces/include/aic_control_interfaces/aic_control_interfaces/msg/controller_state.h
-- Up-to-date symlink: /home/radhae/ws_aic/src/aic/install/aic_control_interfaces/include/aic_control_interfaces/aic_control_interfaces/msg/detail/controller_state__functions.h
-- Up-to-date symlink: /home/radhae/ws_aic/src/aic/install/aic_control_interfaces/include/aic_control_interfaces/aic_control_interfaces/msg/detail/controller_state__struct.h
-- Up-to-date symlink: /home/radhae/ws_aic/src/aic/install/aic_control_interfaces/include/aic_control_interfaces/aic_control_interfaces/msg/detail/controller_state__type_support.h
-- Up-to-date symlink: /home/radhae/ws_aic/src/aic/install/aic_control_interfaces/include/aic_control_interfaces/aic_control_interfaces/msg/detail/joint_motion_update__functions.h
-- Up-to-date symlink: /home/radhae/ws_aic/src/aic/install/aic_control_interfaces/include/aic_control_interfaces/aic_control_interfaces/msg/detail/joint_motion_update__struct.h
-- Up-to-date symlink: /home/radhae/ws_aic/src/aic/install/aic_control_interfaces/include/aic_control_interfaces/aic_control_interfaces/msg/detail/joint_motion_update__type_support.h
-- Up-to-date symlink: /home/radhae/ws_aic/src/aic/install/aic_control_interfaces/include/aic_control_interfaces/aic_control_interfaces/msg/detail/motion_update__functions.h
-- Up-to-date symlink: /home/radhae/ws_aic/src/aic/install/aic_control_interfaces/include/aic_control_interfaces/aic_control_interfaces/msg/detail/motion_update__struct.h
-- Up-to-date symlink: /home/radhae/ws_aic/src/aic/install/aic_control_interfaces/include/aic_control_interfaces/aic_control_interfaces/msg/detail/motion_update__type_support.h
-- Up-to-date symlink: /home/radhae/ws_aic/src/aic/install/aic_control_interfaces/include/aic_control_interfaces/aic_control_interfaces/msg/detail/target_mode__functions.h
-- Up-to-date symlink: /home/radhae/ws_aic/src/aic/install/aic_control_interfaces/include/aic_control_interfaces/aic_control_interfaces/msg/detail/target_mode__struct.h
-- Up-to-date symlink: /home/radhae/ws_aic/src/aic/install/aic_control_interfaces/include/aic_control_interfaces/aic_control_interfaces/msg/detail/target_mode__type_support.h
-- Up-to-date symlink: /home/radhae/ws_aic/src/aic/install/aic_control_interfaces/include/aic_control_interfaces/aic_control_interfaces/msg/detail/trajectory_generation_mode__functions.h
-- Up-to-date symlink: /home/radhae/ws_aic/src/aic/install/aic_control_interfaces/include/aic_control_interfaces/aic_control_interfaces/msg/detail/trajectory_generation_mode__struct.h
-- Up-to-date symlink: /home/radhae/ws_aic/src/aic/install/aic_control_interfaces/include/aic_control_interfaces/aic_control_interfaces/msg/detail/trajectory_generation_mode__type_support.h
-- Up-to-date symlink: /home/radhae/ws_aic/src/aic/install/aic_control_interfaces/include/aic_control_interfaces/aic_control_interfaces/msg/joint_motion_update.h
-- Up-to-date symlink: /home/radhae/ws_aic/src/aic/install/aic_control_interfaces/include/aic_control_interfaces/aic_control_interfaces/msg/motion_update.h
-- Up-to-date symlink: /home/radhae/ws_aic/src/aic/install/aic_control_interfaces/include/aic_control_interfaces/aic_control_interfaces/msg/rosidl_generator_c__visibility_control.h
-- Up-to-date symlink: /home/radhae/ws_aic/src/aic/install/aic_control_interfaces/include/aic_control_interfaces/aic_control_interfaces/msg/target_mode.h
-- Up-to-date symlink: /home/radhae/ws_aic/src/aic/install/aic_control_interfaces/include/aic_control_interfaces/aic_control_interfaces/msg/trajectory_generation_mode.h
-- Up-to-date symlink: /home/radhae/ws_aic/src/aic/install/aic_control_interfaces/include/aic_control_interfaces/aic_control_interfaces/srv/change_target_mode.h
-- Up-to-date symlink: /home/radhae/ws_aic/src/aic/install/aic_control_interfaces/include/aic_control_interfaces/aic_control_interfaces/srv/detail/change_target_mode__functions.h
-- Up-to-date symlink: /home/radhae/ws_aic/src/aic/install/aic_control_interfaces/include/aic_control_interfaces/aic_control_interfaces/srv/detail/change_target_mode__struct.h
-- Up-to-date symlink: /home/radhae/ws_aic/src/aic/install/aic_control_interfaces/include/aic_control_interfaces/aic_control_interfaces/srv/detail/change_target_mode__type_support.h
-- Up-to-date symlink: /home/radhae/ws_aic/src/aic/install/aic_control_interfaces/include/aic_control_interfaces/aic_control_interfaces/msg/detail/controller_state__rosidl_typesupport_fastrtps_c.h
-- Up-to-date symlink: /home/radhae/ws_aic/src/aic/install/aic_control_interfaces/include/aic_control_interfaces/aic_control_interfaces/msg/detail/joint_motion_update__rosidl_typesupport_fastrtps_c.h
-- Up-to-date symlink: /home/radhae/ws_aic/src/aic/install/aic_control_interfaces/include/aic_control_interfaces/aic_control_interfaces/msg/detail/motion_update__rosidl_typesupport_fastrtps_c.h
-- Up-to-date symlink: /home/radhae/ws_aic/src/aic/install/aic_control_interfaces/include/aic_control_interfaces/aic_control_interfaces/msg/detail/target_mode__rosidl_typesupport_fastrtps_c.h
-- Up-to-date symlink: /home/radhae/ws_aic/src/aic/install/aic_control_interfaces/include/aic_control_interfaces/aic_control_interfaces/msg/detail/trajectory_generation_mode__rosidl_typesupport_fastrtps_c.h
-- Up-to-date symlink: /home/radhae/ws_aic/src/aic/install/aic_control_interfaces/include/aic_control_interfaces/aic_control_interfaces/msg/rosidl_typesupport_fastrtps_c__visibility_control.h
-- Up-to-date symlink: /home/radhae/ws_aic/src/aic/install/aic_control_interfaces/include/aic_control_interfaces/aic_control_interfaces/srv/detail/change_target_mode__rosidl_typesupport_fastrtps_c.h
-- Up-to-date symlink: /home/radhae/ws_aic/src/aic/install/aic_control_interfaces/include/aic_control_interfaces/aic_control_interfaces/msg/controller_state.hpp
-- Up-to-date symlink: /home/radhae/ws_aic/src/aic/install/aic_control_interfaces/include/aic_control_interfaces/aic_control_interfaces/msg/detail/controller_state__builder.hpp
-- Up-to-date symlink: /home/radhae/ws_aic/src/aic/install/aic_control_interfaces/include/aic_control_interfaces/aic_control_interfaces/msg/detail/controller_state__struct.hpp
-- Up-to-date symlink: /home/radhae/ws_aic/src/aic/install/aic_control_interfaces/include/aic_control_interfaces/aic_control_interfaces/msg/detail/controller_state__traits.hpp
-- Up-to-date symlink: /home/radhae/ws_aic/src/aic/install/aic_control_interfaces/include/aic_control_interfaces/aic_control_interfaces/msg/detail/controller_state__type_support.hpp
-- Up-to-date symlink: /home/radhae/ws_aic/src/aic/install/aic_control_interfaces/include/aic_control_interfaces/aic_control_interfaces/msg/detail/joint_motion_update__builder.hpp
-- Up-to-date symlink: /home/radhae/ws_aic/src/aic/install/aic_control_interfaces/include/aic_control_interfaces/aic_control_interfaces/msg/detail/joint_motion_update__struct.hpp
-- Up-to-date symlink: /home/radhae/ws_aic/src/aic/install/aic_control_interfaces/include/aic_control_interfaces/aic_control_interfaces/msg/detail/joint_motion_update__traits.hpp
-- Up-to-date symlink: /home/radhae/ws_aic/src/aic/install/aic_control_interfaces/include/aic_control_interfaces/aic_control_interfaces/msg/detail/joint_motion_update__type_support.hpp
-- Up-to-date symlink: /home/radhae/ws_aic/src/aic/install/aic_control_interfaces/include/aic_control_interfaces/aic_control_interfaces/msg/detail/motion_update__builder.hpp
-- Up-to-date symlink: /home/radhae/ws_aic/src/aic/install/aic_control_interfaces/include/aic_control_interfaces/aic_control_interfaces/msg/detail/motion_update__struct.hpp
-- Up-to-date symlink: /home/radhae/ws_aic/src/aic/install/aic_control_interfaces/include/aic_control_interfaces/aic_control_interfaces/msg/detail/motion_update__traits.hpp
-- Up-to-date symlink: /home/radhae/ws_aic/src/aic/install/aic_control_interfaces/include/aic_control_interfaces/aic_control_interfaces/msg/detail/motion_update__type_support.hpp
-- Up-to-date symlink: /home/radhae/ws_aic/src/aic/install/aic_control_interfaces/include/aic_control_interfaces/aic_control_interfaces/msg/detail/target_mode__builder.hpp
-- Up-to-date symlink: /home/radhae/ws_aic/src/aic/install/aic_control_interfaces/include/aic_control_interfaces/aic_control_interfaces/msg/detail/target_mode__struct.hpp
-- Up-to-date symlink: /home/radhae/ws_aic/src/aic/install/aic_control_interfaces/include/aic_control_interfaces/aic_control_interfaces/msg/detail/target_mode__traits.hpp
-- Up-to-date symlink: /home/radhae/ws_aic/src/aic/install/aic_control_interfaces/include/aic_control_interfaces/aic_control_interfaces/msg/detail/target_mode__type_support.hpp
-- Up-to-date symlink: /home/radhae/ws_aic/src/aic/install/aic_control_interfaces/include/aic_control_interfaces/aic_control_interfaces/msg/detail/trajectory_generation_mode__builder.hpp
-- Up-to-date symlink: /home/radhae/ws_aic/src/aic/install/aic_control_interfaces/include/aic_control_interfaces/aic_control_interfaces/msg/detail/trajectory_generation_mode__struct.hpp
-- Up-to-date symlink: /home/radhae/ws_aic/src/aic/install/aic_control_interfaces/include/aic_control_interfaces/aic_control_interfaces/msg/detail/trajectory_generation_mode__traits.hpp
-- Up-to-date symlink: /home/radhae/ws_aic/src/aic/install/aic_control_interfaces/include/aic_control_interfaces/aic_control_interfaces/msg/detail/trajectory_generation_mode__type_support.hpp
-- Up-to-date symlink: /home/radhae/ws_aic/src/aic/install/aic_control_interfaces/include/aic_control_interfaces/aic_control_interfaces/msg/joint_motion_update.hpp
-- Up-to-date symlink: /home/radhae/ws_aic/src/aic/install/aic_control_interfaces/include/aic_control_interfaces/aic_control_interfaces/msg/motion_update.hpp
-- Up-to-date symlink: /home/radhae/ws_aic/src/aic/install/aic_control_interfaces/include/aic_control_interfaces/aic_control_interfaces/msg/rosidl_generator_cpp__visibility_control.hpp
-- Up-to-date symlink: /home/radhae/ws_aic/src/aic/install/aic_control_interfaces/include/aic_control_interfaces/aic_control_interfaces/msg/target_mode.hpp
-- Up-to-date symlink: /home/radhae/ws_aic/src/aic/install/aic_control_interfaces/include/aic_control_interfaces/aic_control_interfaces/msg/trajectory_generation_mode.hpp
-- Up-to-date symlink: /home/radhae/ws_aic/src/aic/install/aic_control_interfaces/include/aic_control_interfaces/aic_control_interfaces/srv/change_target_mode.hpp
-- Up-to-date symlink: /home/radhae/ws_aic/src/aic/install/aic_control_interfaces/include/aic_control_interfaces/aic_control_interfaces/srv/detail/change_target_mode__builder.hpp
-- Up-to-date symlink: /home/radhae/ws_aic/src/aic/install/aic_control_interfaces/include/aic_control_interfaces/aic_control_interfaces/srv/detail/change_target_mode__struct.hpp
-- Up-to-date symlink: /home/radhae/ws_aic/src/aic/install/aic_control_interfaces/include/aic_control_interfaces/aic_control_interfaces/srv/detail/change_target_mode__traits.hpp
-- Up-to-date symlink: /home/radhae/ws_aic/src/aic/install/aic_control_interfaces/include/aic_control_interfaces/aic_control_interfaces/srv/detail/change_target_mode__type_support.hpp
-- Up-to-date symlink: /home/radhae/ws_aic/src/aic/install/aic_control_interfaces/include/aic_control_interfaces/aic_control_interfaces/msg/detail/controller_state__rosidl_typesupport_fastrtps_cpp.hpp
-- Up-to-date symlink: /home/radhae/ws_aic/src/aic/install/aic_control_interfaces/include/aic_control_interfaces/aic_control_interfaces/msg/detail/joint_motion_update__rosidl_typesupport_fastrtps_cpp.hpp
-- Up-to-date symlink: /home/radhae/ws_aic/src/aic/install/aic_control_interfaces/include/aic_control_interfaces/aic_control_interfaces/msg/detail/motion_update__rosidl_typesupport_fastrtps_cpp.hpp
-- Up-to-date symlink: /home/radhae/ws_aic/src/aic/install/aic_control_interfaces/include/aic_control_interfaces/aic_control_interfaces/msg/detail/target_mode__rosidl_typesupport_fastrtps_cpp.hpp
-- Up-to-date symlink: /home/radhae/ws_aic/src/aic/install/aic_control_interfaces/include/aic_control_interfaces/aic_control_interfaces/msg/detail/trajectory_generation_mode__rosidl_typesupport_fastrtps_cpp.hpp
-- Up-to-date symlink: /home/radhae/ws_aic/src/aic/install/aic_control_interfaces/include/aic_control_interfaces/aic_control_interfaces/msg/rosidl_typesupport_fastrtps_cpp__visibility_control.h
-- Up-to-date symlink: /home/radhae/ws_aic/src/aic/install/aic_control_interfaces/include/aic_control_interfaces/aic_control_interfaces/srv/detail/change_target_mode__rosidl_typesupport_fastrtps_cpp.hpp
-- Up-to-date symlink: /home/radhae/ws_aic/src/aic/install/aic_control_interfaces/include/aic_control_interfaces/aic_control_interfaces/msg/detail/controller_state__rosidl_typesupport_introspection_c.h
-- Up-to-date symlink: /home/radhae/ws_aic/src/aic/install/aic_control_interfaces/include/aic_control_interfaces/aic_control_interfaces/msg/detail/joint_motion_update__rosidl_typesupport_introspection_c.h
-- Up-to-date symlink: /home/radhae/ws_aic/src/aic/install/aic_control_interfaces/include/aic_control_interfaces/aic_control_interfaces/msg/detail/motion_update__rosidl_typesupport_introspection_c.h
-- Up-to-date symlink: /home/radhae/ws_aic/src/aic/install/aic_control_interfaces/include/aic_control_interfaces/aic_control_interfaces/msg/detail/target_mode__rosidl_typesupport_introspection_c.h
-- Up-to-date symlink: /home/radhae/ws_aic/src/aic/install/aic_control_interfaces/include/aic_control_interfaces/aic_control_interfaces/msg/detail/trajectory_generation_mode__rosidl_typesupport_introspection_c.h
-- Up-to-date symlink: /home/radhae/ws_aic/src/aic/install/aic_control_interfaces/include/aic_control_interfaces/aic_control_interfaces/msg/rosidl_typesupport_introspection_c__visibility_control.h
-- Up-to-date symlink: /home/radhae/ws_aic/src/aic/install/aic_control_interfaces/include/aic_control_interfaces/aic_control_interfaces/srv/detail/change_target_mode__rosidl_typesupport_introspection_c.h
-- Up-to-date symlink: /home/radhae/ws_aic/src/aic/install/aic_control_interfaces/include/aic_control_interfaces/aic_control_interfaces/msg/detail/controller_state__rosidl_typesupport_introspection_cpp.hpp
-- Up-to-date symlink: /home/radhae/ws_aic/src/aic/install/aic_control_interfaces/include/aic_control_interfaces/aic_control_interfaces/msg/detail/joint_motion_update__rosidl_typesupport_introspection_cpp.hpp
-- Up-to-date symlink: /home/radhae/ws_aic/src/aic/install/aic_control_interfaces/include/aic_control_interfaces/aic_control_interfaces/msg/detail/motion_update__rosidl_typesupport_introspection_cpp.hpp
-- Up-to-date symlink: /home/radhae/ws_aic/src/aic/install/aic_control_interfaces/include/aic_control_interfaces/aic_control_interfaces/msg/detail/target_mode__rosidl_typesupport_introspection_cpp.hpp
-- Up-to-date symlink: /home/radhae/ws_aic/src/aic/install/aic_control_interfaces/include/aic_control_interfaces/aic_control_interfaces/msg/detail/trajectory_generation_mode__rosidl_typesupport_introspection_cpp.hpp
-- Up-to-date symlink: /home/radhae/ws_aic/src/aic/install/aic_control_interfaces/include/aic_control_interfaces/aic_control_interfaces/srv/detail/change_target_mode__rosidl_typesupport_introspection_cpp.hpp
-- Up-to-date symlink: /home/radhae/ws_aic/src/aic/install/aic_control_interfaces/share/aic_control_interfaces/environment/pythonpath.sh
-- Up-to-date symlink: /home/radhae/ws_aic/src/aic/install/aic_control_interfaces/share/aic_control_interfaces/environment/pythonpath.dsv
-- Up-to-date symlink: /home/radhae/ws_aic/src/aic/install/aic_control_interfaces/lib/python3.12/site-packages/aic_control_interfaces-0.0.1-py3.12.egg-info/PKG-INFO
-- Up-to-date symlink: /home/radhae/ws_aic/src/aic/install/aic_control_interfaces/lib/python3.12/site-packages/aic_control_interfaces-0.0.1-py3.12.egg-info/SOURCES.txt
-- Up-to-date symlink: /home/radhae/ws_aic/src/aic/install/aic_control_interfaces/lib/python3.12/site-packages/aic_control_interfaces-0.0.1-py3.12.egg-info/dependency_links.txt
-- Up-to-date symlink: /home/radhae/ws_aic/src/aic/install/aic_control_interfaces/lib/python3.12/site-packages/aic_control_interfaces-0.0.1-py3.12.egg-info/top_level.txt
-- Up-to-date symlink: /home/radhae/ws_aic/src/aic/install/aic_control_interfaces/lib/python3.12/site-packages/aic_control_interfaces/__init__.py
-- Up-to-date symlink: /home/radhae/ws_aic/src/aic/install/aic_control_interfaces/lib/python3.12/site-packages/aic_control_interfaces/_aic_control_interfaces_s.ep.rosidl_typesupport_c.c
-- Up-to-date symlink: /home/radhae/ws_aic/src/aic/install/aic_control_interfaces/lib/python3.12/site-packages/aic_control_interfaces/_aic_control_interfaces_s.ep.rosidl_typesupport_fastrtps_c.c
-- Up-to-date symlink: /home/radhae/ws_aic/src/aic/install/aic_control_interfaces/lib/python3.12/site-packages/aic_control_interfaces/_aic_control_interfaces_s.ep.rosidl_typesupport_introspection_c.c
-- Up-to-date symlink: /home/radhae/ws_aic/src/aic/install/aic_control_interfaces/lib/python3.12/site-packages/aic_control_interfaces/aic_control_interfaces_s__rosidl_typesupport_c.so
-- Up-to-date symlink: /home/radhae/ws_aic/src/aic/install/aic_control_interfaces/lib/python3.12/site-packages/aic_control_interfaces/aic_control_interfaces_s__rosidl_typesupport_fastrtps_c.so
-- Up-to-date symlink: /home/radhae/ws_aic/src/aic/install/aic_control_interfaces/lib/python3.12/site-packages/aic_control_interfaces/aic_control_interfaces_s__rosidl_typesupport_introspection_c.so
-- Up-to-date symlink: /home/radhae/ws_aic/src/aic/install/aic_control_interfaces/lib/python3.12/site-packages/aic_control_interfaces/msg/__init__.py
-- Up-to-date symlink: /home/radhae/ws_aic/src/aic/install/aic_control_interfaces/lib/python3.12/site-packages/aic_control_interfaces/msg/_controller_state.py
-- Up-to-date symlink: /home/radhae/ws_aic/src/aic/install/aic_control_interfaces/lib/python3.12/site-packages/aic_control_interfaces/msg/_controller_state_s.c
-- Up-to-date symlink: /home/radhae/ws_aic/src/aic/install/aic_control_interfaces/lib/python3.12/site-packages/aic_control_interfaces/msg/_joint_motion_update.py
-- Up-to-date symlink: /home/radhae/ws_aic/src/aic/install/aic_control_interfaces/lib/python3.12/site-packages/aic_control_interfaces/msg/_joint_motion_update_s.c
-- Up-to-date symlink: /home/radhae/ws_aic/src/aic/install/aic_control_interfaces/lib/python3.12/site-packages/aic_control_interfaces/msg/_motion_update.py
-- Up-to-date symlink: /home/radhae/ws_aic/src/aic/install/aic_control_interfaces/lib/python3.12/site-packages/aic_control_interfaces/msg/_motion_update_s.c
-- Up-to-date symlink: /home/radhae/ws_aic/src/aic/install/aic_control_interfaces/lib/python3.12/site-packages/aic_control_interfaces/msg/_target_mode.py
-- Up-to-date symlink: /home/radhae/ws_aic/src/aic/install/aic_control_interfaces/lib/python3.12/site-packages/aic_control_interfaces/msg/_target_mode_s.c
-- Up-to-date symlink: /home/radhae/ws_aic/src/aic/install/aic_control_interfaces/lib/python3.12/site-packages/aic_control_interfaces/msg/_trajectory_generation_mode.py
-- Up-to-date symlink: /home/radhae/ws_aic/src/aic/install/aic_control_interfaces/lib/python3.12/site-packages/aic_control_interfaces/msg/_trajectory_generation_mode_s.c
-- Up-to-date symlink: /home/radhae/ws_aic/src/aic/install/aic_control_interfaces/lib/python3.12/site-packages/aic_control_interfaces/srv/__init__.py
-- Up-to-date symlink: /home/radhae/ws_aic/src/aic/install/aic_control_interfaces/lib/python3.12/site-packages/aic_control_interfaces/srv/_change_target_mode.py
-- Up-to-date symlink: /home/radhae/ws_aic/src/aic/install/aic_control_interfaces/lib/python3.12/site-packages/aic_control_interfaces/srv/_change_target_mode_s.c
-- Up-to-date symlink: /home/radhae/ws_aic/src/aic/install/aic_control_interfaces/lib/python3.12/site-packages/aic_control_interfaces/aic_control_interfaces_s__rosidl_typesupport_fastrtps_c.so
-- Up-to-date symlink: /home/radhae/ws_aic/src/aic/install/aic_control_interfaces/lib/python3.12/site-packages/aic_control_interfaces/aic_control_interfaces_s__rosidl_typesupport_introspection_c.so
-- Up-to-date symlink: /home/radhae/ws_aic/src/aic/install/aic_control_interfaces/lib/python3.12/site-packages/aic_control_interfaces/aic_control_interfaces_s__rosidl_typesupport_c.so
-- Up-to-date symlink: /home/radhae/ws_aic/src/aic/install/aic_control_interfaces/share/ament_index/resource_index/rust_packages/aic_control_interfaces
-- Up-to-date symlink: /home/radhae/ws_aic/src/aic/install/aic_control_interfaces/share/aic_control_interfaces/rust/Cargo.toml
-- Up-to-date symlink: /home/radhae/ws_aic/src/aic/install/aic_control_interfaces/share/aic_control_interfaces/rust/build.rs
-- Up-to-date symlink: /home/radhae/ws_aic/src/aic/install/aic_control_interfaces/share/aic_control_interfaces/rust/src/lib.rs
-- Up-to-date symlink: /home/radhae/ws_aic/src/aic/install/aic_control_interfaces/share/aic_control_interfaces/rust/src/msg.rs
-- Up-to-date symlink: /home/radhae/ws_aic/src/aic/install/aic_control_interfaces/share/aic_control_interfaces/rust/src/msg/rmw.rs
-- Up-to-date symlink: /home/radhae/ws_aic/src/aic/install/aic_control_interfaces/share/aic_control_interfaces/rust/src/srv.rs
-- Up-to-date symlink: /home/radhae/ws_aic/src/aic/install/aic_control_interfaces/share/aic_control_interfaces/rust/src/srv/rmw.rs
-- Up-to-date symlink: /home/radhae/ws_aic/src/aic/install/aic_control_interfaces/share/aic_control_interfaces/msg/ControllerState.idl
-- Up-to-date symlink: /home/radhae/ws_aic/src/aic/install/aic_control_interfaces/share/aic_control_interfaces/msg/JointMotionUpdate.idl
-- Up-to-date symlink: /home/radhae/ws_aic/src/aic/install/aic_control_interfaces/share/aic_control_interfaces/msg/MotionUpdate.idl
-- Up-to-date symlink: /home/radhae/ws_aic/src/aic/install/aic_control_interfaces/share/aic_control_interfaces/msg/TargetMode.idl
-- Up-to-date symlink: /home/radhae/ws_aic/src/aic/install/aic_control_interfaces/share/aic_control_interfaces/msg/TrajectoryGenerationMode.idl
-- Up-to-date symlink: /home/radhae/ws_aic/src/aic/install/aic_control_interfaces/share/aic_control_interfaces/srv/ChangeTargetMode.idl
-- Up-to-date symlink: /home/radhae/ws_aic/src/aic/install/aic_control_interfaces/share/aic_control_interfaces/msg/ControllerState.msg
-- Up-to-date symlink: /home/radhae/ws_aic/src/aic/install/aic_control_interfaces/share/aic_control_interfaces/msg/JointMotionUpdate.msg
-- Up-to-date symlink: /home/radhae/ws_aic/src/aic/install/aic_control_interfaces/share/aic_control_interfaces/msg/MotionUpdate.msg
-- Up-to-date symlink: /home/radhae/ws_aic/src/aic/install/aic_control_interfaces/share/aic_control_interfaces/msg/TargetMode.msg
-- Up-to-date symlink: /home/radhae/ws_aic/src/aic/install/aic_control_interfaces/share/aic_control_interfaces/msg/TrajectoryGenerationMode.msg
-- Up-to-date symlink: /home/radhae/ws_aic/src/aic/install/aic_control_interfaces/share/aic_control_interfaces/srv/ChangeTargetMode.srv
-- Up-to-date symlink: /home/radhae/ws_aic/src/aic/install/aic_control_interfaces/share/ament_index/resource_index/package_run_dependencies/aic_control_interfaces
-- Up-to-date symlink: /home/radhae/ws_aic/src/aic/install/aic_control_interfaces/share/ament_index/resource_index/parent_prefix_path/aic_control_interfaces
-- Up-to-date symlink: /home/radhae/ws_aic/src/aic/install/aic_control_interfaces/share/aic_control_interfaces/environment/ament_prefix_path.sh
-- Up-to-date symlink: /home/radhae/ws_aic/src/aic/install/aic_control_interfaces/share/aic_control_interfaces/environment/ament_prefix_path.dsv
-- Up-to-date symlink: /home/radhae/ws_aic/src/aic/install/aic_control_interfaces/share/aic_control_interfaces/environment/path.sh
-- Up-to-date symlink: /home/radhae/ws_aic/src/aic/install/aic_control_interfaces/share/aic_control_interfaces/environment/path.dsv
-- Up-to-date symlink: /home/radhae/ws_aic/src/aic/install/aic_control_interfaces/share/aic_control_interfaces/local_setup.bash
-- Up-to-date symlink: /home/radhae/ws_aic/src/aic/install/aic_control_interfaces/share/aic_control_interfaces/local_setup.sh
-- Up-to-date symlink: /home/radhae/ws_aic/src/aic/install/aic_control_interfaces/share/aic_control_interfaces/local_setup.zsh
-- Up-to-date symlink: /home/radhae/ws_aic/src/aic/install/aic_control_interfaces/share/aic_control_interfaces/local_setup.dsv
-- Up-to-date symlink: /home/radhae/ws_aic/src/aic/install/aic_control_interfaces/share/aic_control_interfaces/package.dsv
-- Up-to-date symlink: /home/radhae/ws_aic/src/aic/install/aic_control_interfaces/share/ament_index/resource_index/packages/aic_control_interfaces
-- Up-to-date symlink: /home/radhae/ws_aic/src/aic/install/aic_control_interfaces/share/aic_control_interfaces/cmake/rosidl_cmake-extras.cmake
-- Up-to-date symlink: /home/radhae/ws_aic/src/aic/install/aic_control_interfaces/share/aic_control_interfaces/cmake/ament_cmake_export_dependencies-extras.cmake
-- Up-to-date symlink: /home/radhae/ws_aic/src/aic/install/aic_control_interfaces/share/aic_control_interfaces/cmake/ament_cmake_export_include_directories-extras.cmake
-- Up-to-date symlink: /home/radhae/ws_aic/src/aic/install/aic_control_interfaces/share/aic_control_interfaces/cmake/ament_cmake_export_libraries-extras.cmake
-- Up-to-date symlink: /home/radhae/ws_aic/src/aic/install/aic_control_interfaces/share/aic_control_interfaces/cmake/ament_cmake_export_targets-extras.cmake
-- Up-to-date symlink: /home/radhae/ws_aic/src/aic/install/aic_control_interfaces/share/aic_control_interfaces/cmake/rosidl_cmake_export_typesupport_targets-extras.cmake
-- Up-to-date symlink: /home/radhae/ws_aic/src/aic/install/aic_control_interfaces/share/aic_control_interfaces/cmake/rosidl_cmake_export_typesupport_libraries-extras.cmake
-- Up-to-date symlink: /home/radhae/ws_aic/src/aic/install/aic_control_interfaces/share/aic_control_interfaces/cmake/aic_control_interfacesConfig.cmake
-- Up-to-date symlink: /home/radhae/ws_aic/src/aic/install/aic_control_interfaces/share/aic_control_interfaces/cmake/aic_control_interfacesConfig-version.cmake
-- Up-to-date symlink: /home/radhae/ws_aic/src/aic/install/aic_control_interfaces/share/aic_control_interfaces/package.xml
-- Up-to-date: /home/radhae/ws_aic/src/aic/install/aic_control_interfaces/lib/libaic_control_interfaces__rosidl_generator_c.so
-- Up-to-date: /home/radhae/ws_aic/src/aic/install/aic_control_interfaces/lib/libaic_control_interfaces__rosidl_typesupport_fastrtps_c.so
-- Up-to-date: /home/radhae/ws_aic/src/aic/install/aic_control_interfaces/lib/libaic_control_interfaces__rosidl_typesupport_fastrtps_cpp.so
-- Up-to-date: /home/radhae/ws_aic/src/aic/install/aic_control_interfaces/lib/libaic_control_interfaces__rosidl_typesupport_introspection_c.so
-- Up-to-date: /home/radhae/ws_aic/src/aic/install/aic_control_interfaces/lib/libaic_control_interfaces__rosidl_typesupport_c.so
-- Up-to-date: /home/radhae/ws_aic/src/aic/install/aic_control_interfaces/lib/libaic_control_interfaces__rosidl_typesupport_introspection_cpp.so
-- Up-to-date: /home/radhae/ws_aic/src/aic/install/aic_control_interfaces/lib/libaic_control_interfaces__rosidl_typesupport_cpp.so
Listing '/home/radhae/ws_aic/src/aic/install/aic_control_interfaces/lib/python3.12/site-packages/aic_control_interfaces'...
Listing '/home/radhae/ws_aic/src/aic/install/aic_control_interfaces/lib/python3.12/site-packages/aic_control_interfaces/msg'...
Listing '/home/radhae/ws_aic/src/aic/install/aic_control_interfaces/lib/python3.12/site-packages/aic_control_interfaces/srv'...
-- Up-to-date: /home/radhae/ws_aic/src/aic/install/aic_control_interfaces/lib/libaic_control_interfaces__rosidl_generator_py.so
-- Up-to-date: /home/radhae/ws_aic/src/aic/install/aic_control_interfaces/share/aic_control_interfaces/cmake/export_aic_control_interfaces__rosidl_generator_cExport.cmake
-- Up-to-date: /home/radhae/ws_aic/src/aic/install/aic_control_interfaces/share/aic_control_interfaces/cmake/export_aic_control_interfaces__rosidl_generator_cExport-noconfig.cmake
-- Up-to-date: /home/radhae/ws_aic/src/aic/install/aic_control_interfaces/share/aic_control_interfaces/cmake/export_aic_control_interfaces__rosidl_typesupport_fastrtps_cExport.cmake
-- Up-to-date: /home/radhae/ws_aic/src/aic/install/aic_control_interfaces/share/aic_control_interfaces/cmake/export_aic_control_interfaces__rosidl_typesupport_fastrtps_cExport-noconfig.cmake
-- Up-to-date: /home/radhae/ws_aic/src/aic/install/aic_control_interfaces/share/aic_control_interfaces/cmake/export_aic_control_interfaces__rosidl_generator_cppExport.cmake
-- Up-to-date: /home/radhae/ws_aic/src/aic/install/aic_control_interfaces/share/aic_control_interfaces/cmake/export_aic_control_interfaces__rosidl_typesupport_fastrtps_cppExport.cmake
-- Up-to-date: /home/radhae/ws_aic/src/aic/install/aic_control_interfaces/share/aic_control_interfaces/cmake/export_aic_control_interfaces__rosidl_typesupport_fastrtps_cppExport-noconfig.cmake
-- Up-to-date: /home/radhae/ws_aic/src/aic/install/aic_control_interfaces/share/aic_control_interfaces/cmake/aic_control_interfaces__rosidl_typesupport_introspection_cExport.cmake
-- Up-to-date: /home/radhae/ws_aic/src/aic/install/aic_control_interfaces/share/aic_control_interfaces/cmake/aic_control_interfaces__rosidl_typesupport_introspection_cExport-noconfig.cmake
-- Up-to-date: /home/radhae/ws_aic/src/aic/install/aic_control_interfaces/share/aic_control_interfaces/cmake/aic_control_interfaces__rosidl_typesupport_cExport.cmake
-- Up-to-date: /home/radhae/ws_aic/src/aic/install/aic_control_interfaces/share/aic_control_interfaces/cmake/aic_control_interfaces__rosidl_typesupport_cExport-noconfig.cmake
-- Up-to-date: /home/radhae/ws_aic/src/aic/install/aic_control_interfaces/share/aic_control_interfaces/cmake/aic_control_interfaces__rosidl_typesupport_introspection_cppExport.cmake
-- Up-to-date: /home/radhae/ws_aic/src/aic/install/aic_control_interfaces/share/aic_control_interfaces/cmake/aic_control_interfaces__rosidl_typesupport_introspection_cppExport-noconfig.cmake
-- Up-to-date: /home/radhae/ws_aic/src/aic/install/aic_control_interfaces/share/aic_control_interfaces/cmake/aic_control_interfaces__rosidl_typesupport_cppExport.cmake
-- Up-to-date: /home/radhae/ws_aic/src/aic/install/aic_control_interfaces/share/aic_control_interfaces/cmake/aic_control_interfaces__rosidl_typesupport_cppExport-noconfig.cmake
-- Up-to-date: /home/radhae/ws_aic/src/aic/install/aic_control_interfaces/share/aic_control_interfaces/cmake/export_aic_control_interfaces__rosidl_generator_pyExport.cmake
-- Up-to-date: /home/radhae/ws_aic/src/aic/install/aic_control_interfaces/share/aic_control_interfaces/cmake/export_aic_control_interfaces__rosidl_generator_pyExport-noconfig.cmake
