-- The C compiler identification is GNU 15.2.0
-- The CXX compiler identification is GNU 15.2.0
-- Detecting C compiler ABI info
-- Detecting C compiler ABI info - done
-- Check for working C compiler: /home/radhae/ws_aic/src/aic/.pixi/envs/default/bin/cc - skipped
-- Detecting C compile features
-- Detecting C compile features - done
-- Detecting CXX compiler ABI info
-- Detecting CXX compiler ABI info - done
-- Check for working CXX compiler: /home/radhae/ws_aic/src/aic/.pixi/envs/default/bin/c++ - skipped
-- Detecting CXX compile features
-- Detecting CXX compile features - done
-- Found ament_cmake: 2.7.5 (/opt/ros/kilted/share/ament_cmake/cmake)
-- Found Python3: /home/radhae/ws_aic/src/aic/.pixi/envs/default/bin/python3 (found version "3.12.13") found components: Interpreter
-- Found aic_control_interfaces: 0.0.1 (/home/radhae/ws_aic/install/aic_control_interfaces/share/aic_control_interfaces/cmake)
-- Found rosidl_generator_c: 4.9.6 (/opt/ros/kilted/share/rosidl_generator_c/cmake)
-- Found rosidl_generator_cpp: 4.9.6 (/opt/ros/kilted/share/rosidl_generator_cpp/cmake)
-- Using all available rosidl_typesupport_c: rosidl_typesupport_fastrtps_c;rosidl_typesupport_introspection_c
-- Using all available rosidl_typesupport_cpp: rosidl_typesupport_fastrtps_cpp;rosidl_typesupport_introspection_cpp
-- Found gz_math_vendor: 0.2.6 (/opt/ros/kilted/share/gz_math_vendor/cmake)
-- Looking for gz-math8 -- found version 8.2.1
-- Searching for dependencies of gz-math8
-- Looking for gz-utils3 -- found version 3.1.1
-- Searching for dependencies of gz-utils3
-- Found rclcpp: 29.5.7 (/opt/ros/kilted/share/rclcpp/cmake)
-- Found rmw_implementation_cmake: 7.8.2 (/opt/ros/kilted/share/rmw_implementation_cmake/cmake)
-- Found rmw_zenoh_cpp: 0.6.6 (/opt/ros/kilted/share/rmw_zenoh_cpp/cmake)
-- Using RMW implementation 'rmw_zenoh_cpp' as default
-- Found rclcpp_components: 29.5.7 (/opt/ros/kilted/share/rclcpp_components/cmake)
-- Found ros_gz_interfaces: 2.1.17 (/opt/ros/kilted/share/ros_gz_interfaces/cmake)
-- Found rosbag2_cpp: 0.32.0 (/opt/ros/kilted/share/rosbag2_cpp/cmake)
-- Found TinyXML2 via Config file: /home/radhae/ws_aic/src/aic/.pixi/envs/default/lib/cmake/tinyxml2
-- Setting yaml-cpp_DIR to: '/opt/ros/kilted/share/yaml_cpp_vendor/cmake/../../../opt/yaml_cpp_vendor/share/cmake/yaml-cpp'
-- Found sensor_msgs: 5.5.2 (/opt/ros/kilted/share/sensor_msgs/cmake)
-- Found tf2: 0.41.6 (/opt/ros/kilted/share/tf2/cmake)
-- Found tf2_geometry_msgs: 0.41.6 (/opt/ros/kilted/share/tf2_geometry_msgs/cmake)
-- Found eigen3_cmake_module: 0.4.0 (/opt/ros/kilted/share/eigen3_cmake_module/cmake)
-- Found Eigen3: TRUE (found version "5.0.1")
-- Ensuring Eigen3 include directory is part of orocos-kdl CMake target
-- Found Eigen3: TRUE
-- Found ament_lint_auto: 0.19.2 (/opt/ros/kilted/share/ament_lint_auto/cmake)
-- Configuring done (3.5s)
-- Generating done (0.0s)
-- Build files have been written to: /home/radhae/ws_aic/build/aic_scoring
[ 14%] [32mBuilding CXX object CMakeFiles/aic_scoring.dir/src/ScoringTier1.cc.o[0m
[ 28%] [32mBuilding CXX object CMakeFiles/aic_scoring.dir/src/ScoringTier2.cc.o[0m
[ 42%] [1m[32mLinking CXX shared library libaic_scoring.so[0m
[ 42%] Built target aic_scoring
[ 57%] [32mBuilding CXX object CMakeFiles/scoring_tier1_main.dir/src/ScoringTier1_main.cc.o[0m
[ 71%] [32mBuilding CXX object CMakeFiles/scoring_tier2_main.dir/src/ScoringTier2_main.cc.o[0m
[ 85%] [1m[32mLinking CXX executable scoring_tier1_main[0m
[100%] [1m[32mLinking CXX executable scoring_tier2_main[0m
