[0.041s] Invoking command in '/home/radhae/ws_aic/src/aic/build/aic_gazebo': AMENT_PREFIX_PATH=/home/radhae/ws_aic/src/aic/install/aic_engine_interfaces:${AMENT_PREFIX_PATH} CMAKE_PREFIX_PATH=/home/radhae/ws_aic/src/aic/install/aic_engine_interfaces:/opt/ros/kilted/opt/sdformat_vendor:/opt/ros/kilted/opt/gz_math_vendor:/opt/ros/kilted/opt/gz_utils_vendor:/opt/ros/kilted/opt/gz_tools_vendor:/opt/ros/kilted/opt/gz_ogre_next_vendor:/opt/ros/kilted/opt/gz_dartsim_vendor:/opt/ros/kilted/opt/gz_cmake_vendor:/home/radhae/cognipilot/cranium/install/synapse_ros:/home/radhae/cognipilot/cranium/install/synapse_gz:/home/radhae/cognipilot/cranium/install/synapse_tinyframe:/home/radhae/cognipilot/cranium/install/synapse_protobuf:/home/radhae/cognipilot/cranium/install/corti:/home/radhae/cognipilot/cranium/install/synapse_msgs:/home/radhae/cognipilot/cranium/install/dream_world:/home/radhae/cognipilot/cranium/install/cerebri_bringup:/home/radhae/cognipilot/cranium/install/b3rb_simulator:/home/radhae/cognipilot/cranium/install/b3rb_desktop:/home/radhae/cognipilot/cranium/install/b3rb_rviz:/home/radhae/cognipilot/cranium/install/b3rb_nav2:/home/radhae/cognipilot/cranium/install/b3rb_gz_resource:/home/radhae/cognipilot/cranium/install/b3rb_gz_bringup:/home/radhae/cognipilot/cranium/install/b3rb_description:/home/radhae/ws_aic/src/aic/.pixi/envs/default LD_LIBRARY_PATH=/home/radhae/ws_aic/src/aic/install/aic_engine_interfaces/lib:${LD_LIBRARY_PATH} PIXI_PROMPT=(aic) PS1=\[\e]0;\u@\h: \w\a\]${debian_chroot:+($debian_chroot)}\[\033[01;32m\]\u@\h\[\033[00m\]:\[\033[01;34m\]\w\[\033[00m\]\$ PYTHONPATH=/home/radhae/ws_aic/src/aic/install/aic_engine_interfaces/lib/python3.12/site-packages:${PYTHONPATH} /home/radhae/ws_aic/src/aic/.pixi/envs/default/bin/cmake /home/radhae/ws_aic/src/aic/aic_gazebo -DAMENT_CMAKE_SYMLINK_INSTALL=1 -DCMAKE_INSTALL_PREFIX=/home/radhae/ws_aic/src/aic/install/aic_gazebo
[0.177s] [0mCMake Deprecation Warning at CMakeLists.txt:1 (cmake_minimum_required):
[0.177s]   Compatibility with CMake < 3.10 will be removed from a future version of
[0.177s]   CMake.
[0.177s] 
[0.177s]   Update the VERSION argument <min> value.  Or, use the <min>...<max> syntax
[0.177s]   to tell CMake that the project requires at least <min> but has been updated
[0.177s]   to work with policies introduced by <max> or earlier.
[0.178s] 
[0.178s] [0m
[0.412s] -- The C compiler identification is GNU 13.3.0
[0.622s] -- The CXX compiler identification is GNU 13.3.0
[0.646s] -- Detecting C compiler ABI info
[0.900s] -- Detecting C compiler ABI info - done
[0.936s] -- Check for working C compiler: /usr/bin/cc - skipped
[0.937s] -- Detecting C compile features
[0.937s] -- Detecting C compile features - done
[1.011s] -- Detecting CXX compiler ABI info
[1.301s] -- Detecting CXX compiler ABI info - done
[1.334s] -- Check for working CXX compiler: /usr/bin/c++ - skipped
[1.334s] -- Detecting CXX compile features
[1.335s] -- Detecting CXX compile features - done
[1.384s] -- Found ament_cmake: 2.7.5 (/home/radhae/ws_aic/src/aic/.pixi/envs/default/share/ament_cmake/cmake)
[1.692s] -- Found Python3: /home/radhae/ws_aic/src/aic/.pixi/envs/default/bin/python3 (found version "3.12.12") found components: Interpreter
[1.762s] -- Override CMake install command with custom implementation using symlinks instead of copying resources
[1.869s] -- Found gz_cmake_vendor: 0.3.3 (/opt/ros/kilted/share/gz_cmake_vendor/cmake)
[1.897s] [31mCMake Error at CMakeLists.txt:14 (find_package):
[1.898s]   By not providing "Findgz_plugin_vendor.cmake" in CMAKE_MODULE_PATH this
[1.898s]   project has asked CMake to find a package configuration file provided by
[1.898s]   "gz_plugin_vendor", but CMake did not find one.
[1.898s] 
[1.898s]   Could not find a package configuration file provided by "gz_plugin_vendor"
[1.898s]   with any of the following names:
[1.898s] 
[1.898s]     gz_plugin_vendorConfig.cmake
[1.898s]     gz_plugin_vendor-config.cmake
[1.898s] 
[1.898s]   Add the installation prefix of "gz_plugin_vendor" to CMAKE_PREFIX_PATH or
[1.898s]   set "gz_plugin_vendor_DIR" to a directory containing one of the above
[1.898s]   files.  If "gz_plugin_vendor" provides a separate development package or
[1.898s]   SDK, be sure it has been installed.
[1.898s] 
[1.898s] [0m
[1.899s] -- Configuring incomplete, errors occurred!
[1.905s] Invoked command in '/home/radhae/ws_aic/src/aic/build/aic_gazebo' returned '1': AMENT_PREFIX_PATH=/home/radhae/ws_aic/src/aic/install/aic_engine_interfaces:${AMENT_PREFIX_PATH} CMAKE_PREFIX_PATH=/home/radhae/ws_aic/src/aic/install/aic_engine_interfaces:/opt/ros/kilted/opt/sdformat_vendor:/opt/ros/kilted/opt/gz_math_vendor:/opt/ros/kilted/opt/gz_utils_vendor:/opt/ros/kilted/opt/gz_tools_vendor:/opt/ros/kilted/opt/gz_ogre_next_vendor:/opt/ros/kilted/opt/gz_dartsim_vendor:/opt/ros/kilted/opt/gz_cmake_vendor:/home/radhae/cognipilot/cranium/install/synapse_ros:/home/radhae/cognipilot/cranium/install/synapse_gz:/home/radhae/cognipilot/cranium/install/synapse_tinyframe:/home/radhae/cognipilot/cranium/install/synapse_protobuf:/home/radhae/cognipilot/cranium/install/corti:/home/radhae/cognipilot/cranium/install/synapse_msgs:/home/radhae/cognipilot/cranium/install/dream_world:/home/radhae/cognipilot/cranium/install/cerebri_bringup:/home/radhae/cognipilot/cranium/install/b3rb_simulator:/home/radhae/cognipilot/cranium/install/b3rb_desktop:/home/radhae/cognipilot/cranium/install/b3rb_rviz:/home/radhae/cognipilot/cranium/install/b3rb_nav2:/home/radhae/cognipilot/cranium/install/b3rb_gz_resource:/home/radhae/cognipilot/cranium/install/b3rb_gz_bringup:/home/radhae/cognipilot/cranium/install/b3rb_description:/home/radhae/ws_aic/src/aic/.pixi/envs/default LD_LIBRARY_PATH=/home/radhae/ws_aic/src/aic/install/aic_engine_interfaces/lib:${LD_LIBRARY_PATH} PIXI_PROMPT=(aic) PS1=\[\e]0;\u@\h: \w\a\]${debian_chroot:+($debian_chroot)}\[\033[01;32m\]\u@\h\[\033[00m\]:\[\033[01;34m\]\w\[\033[00m\]\$ PYTHONPATH=/home/radhae/ws_aic/src/aic/install/aic_engine_interfaces/lib/python3.12/site-packages:${PYTHONPATH} /home/radhae/ws_aic/src/aic/.pixi/envs/default/bin/cmake /home/radhae/ws_aic/src/aic/aic_gazebo -DAMENT_CMAKE_SYMLINK_INSTALL=1 -DCMAKE_INSTALL_PREFIX=/home/radhae/ws_aic/src/aic/install/aic_gazebo
